2026-03-28 08:25:28 - CombatLab - DEBUG - Combat Lab logging initialized
2026-03-28 08:25:28 - CombatLab - DEBUG - Log file: C:\Dev\Starship Battles\output\logs\combat_lab.log
2026-03-28 08:25:28 - CombatLab - DEBUG - Console level: INFO
2026-03-28 08:25:30 - CombatLab.test_framework.registry - DEBUG - Registered scenario: BEAMWEAPON-008-HT - High Accuracy Beam - Max Range (720.5px surface) [100k Ticks]
2026-03-28 08:25:30 - CombatLab.test_framework.registry - DEBUG - Registered scenario: BEAMWEAPON-008 - High Accuracy Beam - Max Range (720.5px surface)
2026-03-28 08:25:30 - CombatLab.test_framework.registry - DEBUG - Registered scenario: BEAMWEAPON-007-HT - High Accuracy Beam - Point Blank (20.5px surface) [100k Ticks]
2026-03-28 08:25:30 - CombatLab.test_framework.registry - DEBUG - Registered scenario: BEAMWEAPON-007 - High Accuracy Beam - Point Blank (20.5px surface)
2026-03-28 08:25:30 - CombatLab.test_framework.registry - DEBUG - Registered scenario: BEAMWEAPON-003 - Low Accuracy Beam - Max Range (720.5px surface)
2026-03-28 08:25:30 - CombatLab.test_framework.registry - DEBUG - Registered scenario: BEAMWEAPON-002-HT - Low Accuracy Beam - Mid Range (370.5px surface) [100k Ticks]
2026-03-28 08:25:30 - CombatLab.test_framework.registry - DEBUG - Registered scenario: BEAMWEAPON-002 - Low Accuracy Beam - Mid Range (370.5px surface)
2026-03-28 08:25:30 - CombatLab.test_framework.registry - DEBUG - Registered scenario: BEAMWEAPON-001-HT - Low Accuracy Beam - Point Blank (20.5px surface) [100k Ticks]
2026-03-28 08:25:30 - CombatLab.test_framework.registry - DEBUG - Registered scenario: BEAMWEAPON-001 - Low Accuracy Beam - Point Blank (20.5px surface)
2026-03-28 08:25:30 - CombatLab.test_framework.registry - DEBUG - Registered scenario: BEAMWEAPON-010 - Medium Accuracy vs Erratic Small - Max Range (733.9px surface)
2026-03-28 08:25:30 - CombatLab.test_framework.registry - DEBUG - Registered scenario: BEAMWEAPON-009 - Medium Accuracy vs Erratic Small - Mid Range (383.9px surface)
2026-03-28 08:25:30 - CombatLab.test_framework.registry - DEBUG - Registered scenario: BEAMWEAPON-006-HT - Medium Accuracy Beam - Max Range (720.5px surface) [100k Ticks]
2026-03-28 08:25:30 - CombatLab.test_framework.registry - DEBUG - Registered scenario: BEAMWEAPON-006 - Medium Accuracy Beam - Max Range (720.5px surface)
2026-03-28 08:25:30 - CombatLab.test_framework.registry - DEBUG - Registered scenario: BEAMWEAPON-005-HT - Medium Accuracy Beam - Mid Range (370.5px surface) [100k Ticks]
2026-03-28 08:25:30 - CombatLab.test_framework.registry - DEBUG - Registered scenario: BEAMWEAPON-005 - Medium Accuracy Beam - Mid Range (370.5px surface)
2026-03-28 08:25:30 - CombatLab.test_framework.registry - DEBUG - Registered scenario: BEAMWEAPON-004-HT - Medium Accuracy Beam - Point Blank (20.5px surface) [100k Ticks]
2026-03-28 08:25:30 - CombatLab.test_framework.registry - DEBUG - Registered scenario: BEAMWEAPON-004 - Medium Accuracy Beam - Point Blank (20.5px surface)
2026-03-28 08:25:30 - CombatLab.test_framework.registry - DEBUG - Registered scenario: BEAMWEAPON-011 - Beam Out of Range - No Hits (870.5px surface > 800px max)
2026-03-28 08:25:30 - CombatLab.test_framework.registry - WARNING - StaticTargetScenario in beam_scenarios.py has no metadata
2026-03-28 08:25:30 - CombatLab.test_framework.registry - DEBUG - Registered scenario: ECM-001 - ECM Reduces Hit Rate
2026-03-28 08:25:30 - CombatLab.test_framework.registry - DEBUG - Registered scenario: ARMOR-001 - Emissive Armor Blocks Low Damage
2026-03-28 08:25:30 - CombatLab.test_framework.registry - DEBUG - Registered scenario: ARMOR-002 - Emissive Armor Reduces High Damage
2026-03-28 08:25:30 - CombatLab.test_framework.registry - DEBUG - Registered scenario: SENSOR-001 - Sensor Improves Hit Rate
2026-03-28 08:25:30 - CombatLab.test_framework.registry - DEBUG - Registered scenario: SHIELD-001 - Shield Absorbs Beam Damage
2026-03-28 08:25:30 - CombatLab.test_framework.registry - DEBUG - Registered scenario: SHIELD-002 - Shield Overflow to Hull
2026-03-28 08:25:30 - CombatLab.test_framework.registry - DEBUG - Registered scenario: SHIELD-003 - Shield Regeneration Sustains
2026-03-28 08:25:30 - CombatLab.test_framework.registry - WARNING - StaticTargetScenario in defense_scenarios.py has no metadata
2026-03-28 08:25:30 - CombatLab.test_framework.registry - DEBUG - Registered scenario: EXAMPLE-001 - Example beam point-blank test
2026-03-28 08:25:30 - CombatLab.test_framework.registry - DEBUG - Registered scenario: MOD-005 - Accuracy boost on beam (+1.0)
2026-03-28 08:25:30 - CombatLab.test_framework.registry - DEBUG - Registered scenario: MOD-001 - Damage multiplier on beam (1.5x)
2026-03-28 08:25:30 - CombatLab.test_framework.registry - WARNING - PropulsionScenario in modifier_scenarios.py has no metadata
2026-03-28 08:25:30 - CombatLab.test_framework.registry - DEBUG - Registered scenario: MOD-002 - Range multiplier on beam (2x)
2026-03-28 08:25:30 - CombatLab.test_framework.registry - DEBUG - Registered scenario: MOD-003 - Reload reduction on beam
2026-03-28 08:25:30 - CombatLab.test_framework.registry - WARNING - StaticTargetScenario in modifier_scenarios.py has no metadata
2026-03-28 08:25:30 - CombatLab.test_framework.registry - DEBUG - Registered scenario: MOD-004 - Thrust multiplier on engine (2x)
2026-03-28 08:25:30 - CombatLab.test_framework.registry - DEBUG - Registered scenario: MOD-006 - Turret arc set to 180 degrees
2026-03-28 08:25:30 - CombatLab.test_framework.registry - DEBUG - Registered scenario: PROJ360-DMG-010 - Projectile Damage - Close Range (100px / 10%)
2026-03-28 08:25:30 - CombatLab.test_framework.registry - DEBUG - Registered scenario: PROJ360-DMG-090 - Projectile Damage - Long Range (900px / 90%)
2026-03-28 08:25:30 - CombatLab.test_framework.registry - DEBUG - Registered scenario: PROJ360-DMG-050 - Projectile Damage - Mid Range (500px / 50%)
2026-03-28 08:25:30 - CombatLab.test_framework.registry - DEBUG - Registered scenario: PROJ360-005 - Projectile vs Erratic Large Target (300px)
2026-03-28 08:25:30 - CombatLab.test_framework.registry - DEBUG - Registered scenario: PROJ360-004 - Projectile vs Erratic Small Target (300px)
2026-03-28 08:25:30 - CombatLab.test_framework.registry - DEBUG - Registered scenario: PROJ360-003 - Projectile vs Fast Linear Target (400px)
2026-03-28 08:25:30 - CombatLab.test_framework.registry - DEBUG - Registered scenario: PROJ360-002 - Projectile vs Slow Linear Target (200px)
2026-03-28 08:25:30 - CombatLab.test_framework.registry - DEBUG - Registered scenario: PROJ360-006 - Projectile Out of Range (1200px > 1000px max)
2026-03-28 08:25:30 - CombatLab.test_framework.registry - DEBUG - Registered scenario: PROJ360-001 - Projectile vs Stationary - Point Blank (200px)
2026-03-28 08:25:30 - CombatLab.test_framework.registry - WARNING - StaticTargetScenario in projectile_scenarios.py has no metadata
2026-03-28 08:25:30 - CombatLab.test_framework.registry - DEBUG - Registered scenario: PROP-001c - Dual engines stack thrust
2026-03-28 08:25:30 - CombatLab.test_framework.registry - DEBUG - Registered scenario: PROP-004b - Dual thrusters stack turn rate
2026-03-28 08:25:30 - CombatLab.test_framework.registry - DEBUG - Registered scenario: PROP-001 - Engine provides thrust - ship accelerates
2026-03-28 08:25:30 - CombatLab.test_framework.registry - DEBUG - Registered scenario: PROP-005 - Mass affects turn rate
2026-03-28 08:25:30 - CombatLab.test_framework.registry - DEBUG - Registered scenario: PROP-001b - Ship without engine stays stationary
2026-03-28 08:25:30 - CombatLab.test_framework.registry - DEBUG - Registered scenario: PROP-002 - Thrust/mass ratio affects max speed
2026-03-28 08:25:30 - CombatLab.test_framework.registry - DEBUG - Registered scenario: PROP-003b - Thruster-only ship rotates but cannot translate
2026-03-28 08:25:30 - CombatLab.test_framework.registry - DEBUG - Registered scenario: PROP-004 - Turn rate allows rotation
2026-03-28 08:25:30 - CombatLab.test_framework.registry - DEBUG - Registered scenario: PROP-003 - Thruster provides turn rate
2026-03-28 08:25:30 - CombatLab.test_framework.registry - WARNING - PropulsionScenario in propulsion_scenarios.py has no metadata
2026-03-28 08:25:30 - CombatLab.test_framework.registry - DEBUG - Registered scenario: RESOURCE-004 - Beam Weapon Energy Consumption
2026-03-28 08:25:30 - CombatLab.test_framework.registry - DEBUG - Registered scenario: RESOURCE-005 - Beam Energy Depletion
2026-03-28 08:25:30 - CombatLab.test_framework.registry - DEBUG - Registered scenario: RESOURCE-005a - Energy Regeneration Sustains Weapon
2026-03-28 08:25:30 - CombatLab.test_framework.registry - DEBUG - Registered scenario: RESOURCE-001 - Engine Fuel Consumption
2026-03-28 08:25:30 - CombatLab.test_framework.registry - DEBUG - Registered scenario: RESOURCE-002 - Engine Fuel Depletion (Starvation)
2026-03-28 08:25:30 - CombatLab.test_framework.registry - DEBUG - Registered scenario: RESOURCE-003 - Fuel Generation Sustains Movement
2026-03-28 08:25:30 - CombatLab.test_framework.registry - DEBUG - Registered scenario: RESOURCE-006 - Projectile Ammo Consumption
2026-03-28 08:25:30 - CombatLab.test_framework.registry - DEBUG - Registered scenario: RESOURCE-007 - Projectile Ammo Depletion
2026-03-28 08:25:30 - CombatLab.test_framework.registry - DEBUG - Registered scenario: RESOURCE-008 - Seeker Ammo Consumption
2026-03-28 08:25:30 - CombatLab.test_framework.registry - DEBUG - Registered scenario: SEEK360-003 - Seeker Expires - Beyond Range (5000px)
2026-03-28 08:25:30 - CombatLab.test_framework.registry - DEBUG - Registered scenario: SEEK360-001 - Seeker Impact - Close Range (500px)
2026-03-28 08:25:30 - CombatLab.test_framework.registry - DEBUG - Registered scenario: SEEK360-004 - Seeker Impact - Edge Case Range (4500px)
2026-03-28 08:25:30 - CombatLab.test_framework.registry - DEBUG - Registered scenario: SEEK360-002 - Seeker Impact - Mid Range (2500px)
2026-03-28 08:25:30 - CombatLab.test_framework.registry - DEBUG - Registered scenario: SEEK360-PD-001 - Seeker vs No Point Defense (Baseline)
2026-03-28 08:25:30 - CombatLab.test_framework.registry - DEBUG - Registered scenario: SEEK360-PD-002 - Seeker vs Single Point Defense
2026-03-28 08:25:30 - CombatLab.test_framework.registry - DEBUG - Registered scenario: SEEK360-PD-003 - Seeker vs Triple Point Defense
2026-03-28 08:25:30 - CombatLab.test_framework.registry - DEBUG - Registered scenario: SEEK360-TRACK-004 - Seeker Tracking - Erratic Small Target (1000px)
2026-03-28 08:25:30 - CombatLab.test_framework.registry - DEBUG - Registered scenario: SEEK360-TRACK-002 - Seeker Tracking - Linear Target (1000px)
2026-03-28 08:25:30 - CombatLab.test_framework.registry - DEBUG - Registered scenario: SEEK360-TRACK-003 - Seeker Tracking - Orbiting Target (1000px)
2026-03-28 08:25:30 - CombatLab.test_framework.registry - DEBUG - Registered scenario: SEEK360-TRACK-001 - Seeker Tracking - Stationary Target (1000px)
2026-03-28 08:25:30 - CombatLab.test_framework.registry - WARNING - StaticTargetScenario in seeker_scenarios.py has no metadata
2026-03-28 08:25:30 - CombatLab.test_framework.registry - WARNING - DuelScenario in templates.py has no metadata
2026-03-28 08:25:30 - CombatLab.test_framework.registry - WARNING - PropulsionScenario in templates.py has no metadata
2026-03-28 08:25:30 - CombatLab.test_framework.registry - WARNING - StaticTargetScenario in templates.py has no metadata
2026-03-28 08:25:30 - CombatLab.test_framework.registry - INFO - Discovered 70 scenarios
2026-03-28 08:25:30 - CombatLab.test_framework.test_history - INFO - Loaded 70 test histories from C:\Dev\Starship Battles\simulation_tests\test_history.json
2026-03-28 08:25:30 - CombatLab.test_framework.services.metadata_management_service - INFO - 
=== Static Validation: Checking test metadata against component data ===
2026-03-28 08:25:30 - CombatLab.test_framework.services.metadata_management_service - INFO -   BEAMWEAPON-010: 4 pass, 1 fail, 0 warn
2026-03-28 08:25:30 - CombatLab.test_framework.services.metadata_management_service - INFO -   BEAMWEAPON-009: 4 pass, 1 fail, 0 warn
2026-03-28 08:25:30 - CombatLab.test_framework.services.metadata_management_service - INFO -   PROP-001b: Could not build validation context
2026-03-28 08:25:30 - CombatLab.test_framework.services.metadata_management_service - INFO -   PROP-002: Could not build validation context
2026-03-28 08:25:30 - CombatLab.test_framework.services.metadata_management_service - INFO - === Static Validation Complete ===

2026-03-28 08:25:47 - CombatLab.game.ui.screens.test_lab.test_executor - DEBUG -  Instantiating scenario class
2026-03-28 08:25:47 - CombatLab.game.ui.screens.test_lab.test_executor - DEBUG -  Scenario instantiated: [BEAMWEAPON-001] Low Accuracy Beam - Point Blank (20.5px surface)
2026-03-28 08:25:47 - CombatLab.game.ui.screens.test_lab.test_executor - DEBUG -  Loading test data for scenario
2026-03-28 08:25:47 - CombatLab.test_framework.runner - INFO - Loading data for scenario: [BEAMWEAPON-001] Low Accuracy Beam - Point Blank (20.5px surface)
2026-03-28 08:25:47 - CombatLab.test_framework.runner - DEBUG - RegistryManager frozen state: True
2026-03-28 08:25:47 - CombatLab.test_framework.runner - DEBUG - Unfreezing RegistryManager for test data loading
2026-03-28 08:25:47 - CombatLab.test_framework.runner - DEBUG - Clearing registry
2026-03-28 08:25:47 - CombatLab.test_framework.runner - DEBUG - Loading modifiers from C:\Dev\Starship Battles\simulation_tests\data\modifiers.json
2026-03-28 08:25:47 - CombatLab.test_framework.runner - DEBUG - Loading components from C:\Dev\Starship Battles\simulation_tests\data\components.json
2026-03-28 08:25:47 - CombatLab.test_framework.runner - DEBUG - Loading vehicle classes from C:\Dev\Starship Battles\simulation_tests\data\vehicleclasses.json
2026-03-28 08:25:47 - CombatLab.test_framework.runner - DEBUG - Registry remains unfrozen to allow ship loading
2026-03-28 08:25:47 - CombatLab.game.ui.screens.test_lab.test_executor - DEBUG -  Test data loaded successfully
2026-03-28 08:25:47 - CombatLab.simulation_tests.scenarios.base - DEBUG - Loading ship from dict: Test Attacker Beam360 Low
2026-03-28 08:25:47 - CombatLab.simulation_tests.scenarios.base - DEBUG - Ship has 1 CORE components
2026-03-28 08:25:47 - CombatLab.simulation_tests.scenarios.base - DEBUG - Registry frozen state before Ship.from_dict: False
2026-03-28 08:25:47 - CombatLab.simulation_tests.scenarios.base - DEBUG - Ship loaded successfully
2026-03-28 08:25:47 - CombatLab.simulation_tests.scenarios.base - DEBUG - Ship stats recalculated
2026-03-28 08:25:47 - CombatLab.simulation_tests.scenarios.base - DEBUG - Loading ship from dict: Test Target Stationary
2026-03-28 08:25:47 - CombatLab.simulation_tests.scenarios.base - DEBUG - Ship has 1 CORE components
2026-03-28 08:25:47 - CombatLab.simulation_tests.scenarios.base - DEBUG - Registry frozen state before Ship.from_dict: False
2026-03-28 08:25:47 - CombatLab.simulation_tests.scenarios.base - DEBUG - Ship loaded successfully
2026-03-28 08:25:47 - CombatLab.simulation_tests.scenarios.base - DEBUG - Ship stats recalculated
2026-03-28 08:25:59 - CombatLab.simulation_tests.scenarios.base - DEBUG - Extracted weapon data from Test Attacker Beam360 Low: {'damage': 1.0, 'range': 800.0, 'base_accuracy': 0.5, 'accuracy_falloff': 0.002, 'reload_time': 0.0, 'firing_arc': 0.0}
2026-03-28 08:26:01 - CombatLab.test_framework.runner - DEBUG - Logged test execution to C:\Dev\Starship Battles\simulation_tests\output\combat_lab_test_log.jsonl
2026-03-28 08:26:01 - CombatLab.test_framework.runner - INFO - [TEST LOG] BEAMWEAPON-001 - Mode: UI - Result: PASS
2026-03-28 08:26:40 - CombatLab.game.ui.screens.test_lab.test_executor - DEBUG -  Instantiating scenario class for headless run
2026-03-28 08:26:40 - CombatLab.game.ui.screens.test_lab.test_executor - DEBUG -  Scenario instantiated: [BEAMWEAPON-001] Low Accuracy Beam - Point Blank (20.5px surface)
2026-03-28 08:26:40 - CombatLab.game.ui.screens.test_lab.test_executor - DEBUG -  Loading test data for scenario
2026-03-28 08:26:40 - CombatLab.test_framework.runner - INFO - Loading data for scenario: [BEAMWEAPON-001] Low Accuracy Beam - Point Blank (20.5px surface)
2026-03-28 08:26:40 - CombatLab.test_framework.runner - DEBUG - RegistryManager frozen state: False
2026-03-28 08:26:40 - CombatLab.test_framework.runner - DEBUG - Clearing registry
2026-03-28 08:26:40 - CombatLab.test_framework.runner - DEBUG - Loading modifiers from C:\Dev\Starship Battles\simulation_tests\data\modifiers.json
2026-03-28 08:26:40 - CombatLab.test_framework.runner - DEBUG - Loading components from C:\Dev\Starship Battles\simulation_tests\data\components.json
2026-03-28 08:26:40 - CombatLab.test_framework.runner - DEBUG - Loading vehicle classes from C:\Dev\Starship Battles\simulation_tests\data\vehicleclasses.json
2026-03-28 08:26:40 - CombatLab.test_framework.runner - DEBUG - Registry remains unfrozen to allow ship loading
2026-03-28 08:26:40 - CombatLab.game.ui.screens.test_lab.test_executor - DEBUG -  Test data loaded successfully
2026-03-28 08:26:40 - CombatLab.game.ui.screens.test_lab.test_executor - DEBUG -  Using seed: 221670908 (mode: random)
2026-03-28 08:26:40 - CombatLab.game.ui.screens.test_lab.test_executor - DEBUG -  Set scenario._override_seed=221670908
2026-03-28 08:26:40 - CombatLab.game.ui.screens.test_lab.test_executor - DEBUG -  Calling scenario.setup()
2026-03-28 08:26:40 - CombatLab.simulation_tests.scenarios.base - DEBUG - Loading ship from dict: Test Attacker Beam360 Low
2026-03-28 08:26:40 - CombatLab.simulation_tests.scenarios.base - DEBUG - Ship has 1 CORE components
2026-03-28 08:26:40 - CombatLab.simulation_tests.scenarios.base - DEBUG - Registry frozen state before Ship.from_dict: False
2026-03-28 08:26:40 - CombatLab.simulation_tests.scenarios.base - DEBUG - Ship loaded successfully
2026-03-28 08:26:40 - CombatLab.simulation_tests.scenarios.base - DEBUG - Ship stats recalculated
2026-03-28 08:26:40 - CombatLab.simulation_tests.scenarios.base - DEBUG - Loading ship from dict: Test Target Stationary
2026-03-28 08:26:40 - CombatLab.simulation_tests.scenarios.base - DEBUG - Ship has 1 CORE components
2026-03-28 08:26:40 - CombatLab.simulation_tests.scenarios.base - DEBUG - Registry frozen state before Ship.from_dict: False
2026-03-28 08:26:40 - CombatLab.simulation_tests.scenarios.base - DEBUG - Ship loaded successfully
2026-03-28 08:26:40 - CombatLab.simulation_tests.scenarios.base - DEBUG - Ship stats recalculated
2026-03-28 08:26:40 - CombatLab.game.ui.screens.test_lab.test_executor - DEBUG -  Scenario setup complete
2026-03-28 08:26:40 - CombatLab.game.ui.screens.test_lab.test_executor - DEBUG -  Starting headless simulation loop (max_ticks=500)
2026-03-28 08:26:40 - CombatLab.game.ui.screens.test_lab.test_executor - DEBUG -  Battle ended naturally at tick 500
2026-03-28 08:26:40 - CombatLab.game.ui.screens.test_lab.test_executor - DEBUG -  Simulation complete: 500 ticks in 0.07s (7362 ticks/sec)
2026-03-28 08:26:40 - CombatLab.simulation_tests.scenarios.base - DEBUG - Extracted weapon data from Test Attacker Beam360 Low: {'damage': 1.0, 'range': 800.0, 'base_accuracy': 0.5, 'accuracy_falloff': 0.002, 'reload_time': 0.0, 'firing_arc': 0.0}
2026-03-28 08:26:40 - CombatLab.game.ui.screens.test_lab.test_executor - DEBUG -  Test PASSED
2026-03-28 08:26:40 - CombatLab.test_framework.registry - DEBUG - Updated results for BEAMWEAPON-001
2026-03-28 08:26:40 - CombatLab.test_framework.test_history - INFO - Added run for BEAMWEAPON-001 (PASS), now 4 runs
2026-03-28 08:26:40 - CombatLab.test_framework.test_history - DEBUG - Saved 236 total runs
2026-03-28 08:26:40 - CombatLab.test_framework.runner - DEBUG - Logged test execution to C:\Dev\Starship Battles\simulation_tests\output\combat_lab_test_log.jsonl
2026-03-28 08:26:40 - CombatLab.test_framework.runner - INFO - [TEST LOG] BEAMWEAPON-001 - Mode: Headless - Result: PASS
2026-03-28 08:26:59 - CombatLab.game.ui.screens.test_lab.test_executor - DEBUG -  Instantiating scenario class
2026-03-28 08:26:59 - CombatLab.game.ui.screens.test_lab.test_executor - DEBUG -  Scenario instantiated: [BEAMWEAPON-001] Low Accuracy Beam - Point Blank (20.5px surface)
2026-03-28 08:26:59 - CombatLab.game.ui.screens.test_lab.test_executor - DEBUG -  Loading test data for scenario
2026-03-28 08:26:59 - CombatLab.test_framework.runner - INFO - Loading data for scenario: [BEAMWEAPON-001] Low Accuracy Beam - Point Blank (20.5px surface)
2026-03-28 08:26:59 - CombatLab.test_framework.runner - DEBUG - RegistryManager frozen state: False
2026-03-28 08:26:59 - CombatLab.test_framework.runner - DEBUG - Clearing registry
2026-03-28 08:26:59 - CombatLab.test_framework.runner - DEBUG - Loading modifiers from C:\Dev\Starship Battles\simulation_tests\data\modifiers.json
2026-03-28 08:26:59 - CombatLab.test_framework.runner - DEBUG - Loading components from C:\Dev\Starship Battles\simulation_tests\data\components.json
2026-03-28 08:26:59 - CombatLab.test_framework.runner - DEBUG - Loading vehicle classes from C:\Dev\Starship Battles\simulation_tests\data\vehicleclasses.json
2026-03-28 08:26:59 - CombatLab.test_framework.runner - DEBUG - Registry remains unfrozen to allow ship loading
2026-03-28 08:26:59 - CombatLab.game.ui.screens.test_lab.test_executor - DEBUG -  Test data loaded successfully
2026-03-28 08:26:59 - CombatLab.simulation_tests.scenarios.base - DEBUG - Loading ship from dict: Test Attacker Beam360 Low
2026-03-28 08:26:59 - CombatLab.simulation_tests.scenarios.base - DEBUG - Ship has 1 CORE components
2026-03-28 08:26:59 - CombatLab.simulation_tests.scenarios.base - DEBUG - Registry frozen state before Ship.from_dict: False
2026-03-28 08:26:59 - CombatLab.simulation_tests.scenarios.base - DEBUG - Ship loaded successfully
2026-03-28 08:26:59 - CombatLab.simulation_tests.scenarios.base - DEBUG - Ship stats recalculated
2026-03-28 08:26:59 - CombatLab.simulation_tests.scenarios.base - DEBUG - Loading ship from dict: Test Target Stationary
2026-03-28 08:26:59 - CombatLab.simulation_tests.scenarios.base - DEBUG - Ship has 1 CORE components
2026-03-28 08:26:59 - CombatLab.simulation_tests.scenarios.base - DEBUG - Registry frozen state before Ship.from_dict: False
2026-03-28 08:26:59 - CombatLab.simulation_tests.scenarios.base - DEBUG - Ship loaded successfully
2026-03-28 08:26:59 - CombatLab.simulation_tests.scenarios.base - DEBUG - Ship stats recalculated
2026-03-28 08:27:06 - CombatLab.simulation_tests.scenarios.base - DEBUG - Extracted weapon data from Test Attacker Beam360 Low: {'damage': 1.0, 'range': 800.0, 'base_accuracy': 0.5, 'accuracy_falloff': 0.002, 'reload_time': 0.0, 'firing_arc': 0.0}
2026-03-28 08:27:06 - CombatLab.test_framework.runner - DEBUG - Logged test execution to C:\Dev\Starship Battles\simulation_tests\output\combat_lab_test_log.jsonl
2026-03-28 08:27:06 - CombatLab.test_framework.runner - INFO - [TEST LOG] BEAMWEAPON-001 - Mode: UI - Result: PASS
2026-03-28 08:27:11 - CombatLab.game.ui.screens.test_lab.screen - DEBUG - Storing visual test results for BEAMWEAPON-001
2026-03-28 08:27:11 - CombatLab.test_framework.registry - DEBUG - Updated results for BEAMWEAPON-001
2026-03-28 08:27:11 - CombatLab.test_framework.test_history - INFO - Added run for BEAMWEAPON-001 (PASS), now 5 runs
2026-03-28 08:27:11 - CombatLab.test_framework.test_history - DEBUG - Saved 237 total runs
2026-03-28 08:27:11 - CombatLab.game.ui.screens.test_lab.screen - DEBUG - Test selection cleared
2026-03-28 08:27:37 - CombatLab.game.ui.screens.test_lab.test_executor - DEBUG -  Instantiating scenario class for headless run
2026-03-28 08:27:37 - CombatLab.game.ui.screens.test_lab.test_executor - DEBUG -  Scenario instantiated: [BEAMWEAPON-001] Low Accuracy Beam - Point Blank (20.5px surface)
2026-03-28 08:27:37 - CombatLab.game.ui.screens.test_lab.test_executor - DEBUG -  Loading test data for scenario
2026-03-28 08:27:37 - CombatLab.test_framework.runner - INFO - Loading data for scenario: [BEAMWEAPON-001] Low Accuracy Beam - Point Blank (20.5px surface)
2026-03-28 08:27:37 - CombatLab.test_framework.runner - DEBUG - RegistryManager frozen state: False
2026-03-28 08:27:37 - CombatLab.test_framework.runner - DEBUG - Clearing registry
2026-03-28 08:27:37 - CombatLab.test_framework.runner - DEBUG - Loading modifiers from C:\Dev\Starship Battles\simulation_tests\data\modifiers.json
2026-03-28 08:27:37 - CombatLab.test_framework.runner - DEBUG - Loading components from C:\Dev\Starship Battles\simulation_tests\data\components.json
2026-03-28 08:27:37 - CombatLab.test_framework.runner - DEBUG - Loading vehicle classes from C:\Dev\Starship Battles\simulation_tests\data\vehicleclasses.json
2026-03-28 08:27:37 - CombatLab.test_framework.runner - DEBUG - Registry remains unfrozen to allow ship loading
2026-03-28 08:27:37 - CombatLab.game.ui.screens.test_lab.test_executor - DEBUG -  Test data loaded successfully
2026-03-28 08:27:37 - CombatLab.game.ui.screens.test_lab.test_executor - DEBUG -  Using seed: 221670908 (mode: random)
2026-03-28 08:27:37 - CombatLab.game.ui.screens.test_lab.test_executor - DEBUG -  Set scenario._override_seed=221670908
2026-03-28 08:27:37 - CombatLab.game.ui.screens.test_lab.test_executor - DEBUG -  Calling scenario.setup()
2026-03-28 08:27:37 - CombatLab.simulation_tests.scenarios.base - DEBUG - Loading ship from dict: Test Attacker Beam360 Low
2026-03-28 08:27:37 - CombatLab.simulation_tests.scenarios.base - DEBUG - Ship has 1 CORE components
2026-03-28 08:27:37 - CombatLab.simulation_tests.scenarios.base - DEBUG - Registry frozen state before Ship.from_dict: False
2026-03-28 08:27:38 - CombatLab.simulation_tests.scenarios.base - DEBUG - Ship loaded successfully
2026-03-28 08:27:38 - CombatLab.simulation_tests.scenarios.base - DEBUG - Ship stats recalculated
2026-03-28 08:27:38 - CombatLab.simulation_tests.scenarios.base - DEBUG - Loading ship from dict: Test Target Stationary
2026-03-28 08:27:38 - CombatLab.simulation_tests.scenarios.base - DEBUG - Ship has 1 CORE components
2026-03-28 08:27:38 - CombatLab.simulation_tests.scenarios.base - DEBUG - Registry frozen state before Ship.from_dict: False
2026-03-28 08:27:38 - CombatLab.simulation_tests.scenarios.base - DEBUG - Ship loaded successfully
2026-03-28 08:27:38 - CombatLab.simulation_tests.scenarios.base - DEBUG - Ship stats recalculated
2026-03-28 08:27:38 - CombatLab.game.ui.screens.test_lab.test_executor - DEBUG -  Scenario setup complete
2026-03-28 08:27:38 - CombatLab.game.ui.screens.test_lab.test_executor - DEBUG -  Starting headless simulation loop (max_ticks=500)
2026-03-28 08:27:38 - CombatLab.game.ui.screens.test_lab.test_executor - DEBUG -  Battle ended naturally at tick 500
2026-03-28 08:27:38 - CombatLab.game.ui.screens.test_lab.test_executor - DEBUG -  Simulation complete: 500 ticks in 0.07s (7245 ticks/sec)
2026-03-28 08:27:38 - CombatLab.simulation_tests.scenarios.base - DEBUG - Extracted weapon data from Test Attacker Beam360 Low: {'damage': 1.0, 'range': 800.0, 'base_accuracy': 0.5, 'accuracy_falloff': 0.002, 'reload_time': 0.0, 'firing_arc': 0.0}
2026-03-28 08:27:38 - CombatLab.game.ui.screens.test_lab.test_executor - DEBUG -  Test PASSED
2026-03-28 08:27:38 - CombatLab.test_framework.registry - DEBUG - Updated results for BEAMWEAPON-001
2026-03-28 08:27:38 - CombatLab.test_framework.test_history - INFO - Added run for BEAMWEAPON-001 (PASS), now 6 runs
2026-03-28 08:27:38 - CombatLab.test_framework.test_history - DEBUG - Saved 238 total runs
2026-03-28 08:27:38 - CombatLab.test_framework.runner - DEBUG - Logged test execution to C:\Dev\Starship Battles\simulation_tests\output\combat_lab_test_log.jsonl
2026-03-28 08:27:38 - CombatLab.test_framework.runner - INFO - [TEST LOG] BEAMWEAPON-001 - Mode: Headless - Result: PASS
2026-03-28 08:27:45 - CombatLab.game.ui.screens.test_lab.test_executor - DEBUG -  Instantiating scenario class
2026-03-28 08:27:45 - CombatLab.game.ui.screens.test_lab.test_executor - DEBUG -  Scenario instantiated: [BEAMWEAPON-001] Low Accuracy Beam - Point Blank (20.5px surface)
2026-03-28 08:27:45 - CombatLab.game.ui.screens.test_lab.test_executor - DEBUG -  Loading test data for scenario
2026-03-28 08:27:45 - CombatLab.test_framework.runner - INFO - Loading data for scenario: [BEAMWEAPON-001] Low Accuracy Beam - Point Blank (20.5px surface)
2026-03-28 08:27:45 - CombatLab.test_framework.runner - DEBUG - RegistryManager frozen state: False
2026-03-28 08:27:45 - CombatLab.test_framework.runner - DEBUG - Clearing registry
2026-03-28 08:27:45 - CombatLab.test_framework.runner - DEBUG - Loading modifiers from C:\Dev\Starship Battles\simulation_tests\data\modifiers.json
2026-03-28 08:27:45 - CombatLab.test_framework.runner - DEBUG - Loading components from C:\Dev\Starship Battles\simulation_tests\data\components.json
2026-03-28 08:27:45 - CombatLab.test_framework.runner - DEBUG - Loading vehicle classes from C:\Dev\Starship Battles\simulation_tests\data\vehicleclasses.json
2026-03-28 08:27:45 - CombatLab.test_framework.runner - DEBUG - Registry remains unfrozen to allow ship loading
2026-03-28 08:27:45 - CombatLab.game.ui.screens.test_lab.test_executor - DEBUG -  Test data loaded successfully
2026-03-28 08:27:45 - CombatLab.simulation_tests.scenarios.base - DEBUG - Loading ship from dict: Test Attacker Beam360 Low
2026-03-28 08:27:45 - CombatLab.simulation_tests.scenarios.base - DEBUG - Ship has 1 CORE components
2026-03-28 08:27:45 - CombatLab.simulation_tests.scenarios.base - DEBUG - Registry frozen state before Ship.from_dict: False
2026-03-28 08:27:45 - CombatLab.simulation_tests.scenarios.base - DEBUG - Ship loaded successfully
2026-03-28 08:27:45 - CombatLab.simulation_tests.scenarios.base - DEBUG - Ship stats recalculated
2026-03-28 08:27:45 - CombatLab.simulation_tests.scenarios.base - DEBUG - Loading ship from dict: Test Target Stationary
2026-03-28 08:27:45 - CombatLab.simulation_tests.scenarios.base - DEBUG - Ship has 1 CORE components
2026-03-28 08:27:45 - CombatLab.simulation_tests.scenarios.base - DEBUG - Registry frozen state before Ship.from_dict: False
2026-03-28 08:27:45 - CombatLab.simulation_tests.scenarios.base - DEBUG - Ship loaded successfully
2026-03-28 08:27:45 - CombatLab.simulation_tests.scenarios.base - DEBUG - Ship stats recalculated
2026-03-28 08:27:52 - CombatLab.simulation_tests.scenarios.base - DEBUG - Extracted weapon data from Test Attacker Beam360 Low: {'damage': 1.0, 'range': 800.0, 'base_accuracy': 0.5, 'accuracy_falloff': 0.002, 'reload_time': 0.0, 'firing_arc': 0.0}
2026-03-28 08:27:52 - CombatLab.test_framework.runner - DEBUG - Logged test execution to C:\Dev\Starship Battles\simulation_tests\output\combat_lab_test_log.jsonl
2026-03-28 08:27:52 - CombatLab.test_framework.runner - INFO - [TEST LOG] BEAMWEAPON-001 - Mode: UI - Result: PASS
2026-03-28 08:28:17 - CombatLab.game.ui.screens.test_lab.test_executor - DEBUG -  Instantiating scenario class
2026-03-28 08:28:17 - CombatLab.game.ui.screens.test_lab.test_executor - DEBUG -  Scenario instantiated: [BEAMWEAPON-001] Low Accuracy Beam - Point Blank (20.5px surface)
2026-03-28 08:28:17 - CombatLab.game.ui.screens.test_lab.test_executor - DEBUG -  Loading test data for scenario
2026-03-28 08:28:17 - CombatLab.test_framework.runner - INFO - Loading data for scenario: [BEAMWEAPON-001] Low Accuracy Beam - Point Blank (20.5px surface)
2026-03-28 08:28:17 - CombatLab.test_framework.runner - DEBUG - RegistryManager frozen state: False
2026-03-28 08:28:17 - CombatLab.test_framework.runner - DEBUG - Clearing registry
2026-03-28 08:28:17 - CombatLab.test_framework.runner - DEBUG - Loading modifiers from C:\Dev\Starship Battles\simulation_tests\data\modifiers.json
2026-03-28 08:28:17 - CombatLab.test_framework.runner - DEBUG - Loading components from C:\Dev\Starship Battles\simulation_tests\data\components.json
2026-03-28 08:28:17 - CombatLab.test_framework.runner - DEBUG - Loading vehicle classes from C:\Dev\Starship Battles\simulation_tests\data\vehicleclasses.json
2026-03-28 08:28:17 - CombatLab.test_framework.runner - DEBUG - Registry remains unfrozen to allow ship loading
2026-03-28 08:28:17 - CombatLab.game.ui.screens.test_lab.test_executor - DEBUG -  Test data loaded successfully
2026-03-28 08:28:17 - CombatLab.simulation_tests.scenarios.base - DEBUG - Loading ship from dict: Test Attacker Beam360 Low
2026-03-28 08:28:17 - CombatLab.simulation_tests.scenarios.base - DEBUG - Ship has 1 CORE components
2026-03-28 08:28:17 - CombatLab.simulation_tests.scenarios.base - DEBUG - Registry frozen state before Ship.from_dict: False
2026-03-28 08:28:17 - CombatLab.simulation_tests.scenarios.base - DEBUG - Ship loaded successfully
2026-03-28 08:28:17 - CombatLab.simulation_tests.scenarios.base - DEBUG - Ship stats recalculated
2026-03-28 08:28:17 - CombatLab.simulation_tests.scenarios.base - DEBUG - Loading ship from dict: Test Target Stationary
2026-03-28 08:28:17 - CombatLab.simulation_tests.scenarios.base - DEBUG - Ship has 1 CORE components
2026-03-28 08:28:17 - CombatLab.simulation_tests.scenarios.base - DEBUG - Registry frozen state before Ship.from_dict: False
2026-03-28 08:28:17 - CombatLab.simulation_tests.scenarios.base - DEBUG - Ship loaded successfully
2026-03-28 08:28:17 - CombatLab.simulation_tests.scenarios.base - DEBUG - Ship stats recalculated
2026-03-28 08:28:23 - CombatLab.simulation_tests.scenarios.base - DEBUG - Extracted weapon data from Test Attacker Beam360 Low: {'damage': 1.0, 'range': 800.0, 'base_accuracy': 0.5, 'accuracy_falloff': 0.002, 'reload_time': 0.0, 'firing_arc': 0.0}
2026-03-28 08:28:23 - CombatLab.test_framework.runner - DEBUG - Logged test execution to C:\Dev\Starship Battles\simulation_tests\output\combat_lab_test_log.jsonl
2026-03-28 08:28:23 - CombatLab.test_framework.runner - INFO - [TEST LOG] BEAMWEAPON-001 - Mode: UI - Result: PASS
