2026-05-02 17:49:48,682 - game.app_bootstrap - INFO - [startup] pygame.init: 0.08s
2026-05-02 17:49:48,776 - game.core.profiling - INFO - Profiler initialized with session ID: 10d3806d-d3a7-400d-bafa-56cf084fc1bf
2026-05-02 17:49:48,782 - game.assets.asset_manager - INFO - Loaded star metadata from C:\Dev\Starship Battles\assets\star_metadata.json
2026-05-02 17:49:48,782 - game.core.json_utils - DEBUG - JSON file not found: C:\Dev\Starship Battles\output\settings\game_settings.json
2026-05-02 17:49:48,782 - game.app_bootstrap - INFO - [startup] ctx.create_production: 0.10s
2026-05-02 17:49:48,782 - game.app_bootstrap - INFO - [startup] font.init: 0.00s
2026-05-02 17:49:48,787 - game.app_bootstrap - INFO - [startup] font.preload: 0.00s
2026-05-02 17:49:48,787 - game.app_bootstrap - INFO - [startup] display.detect_resolution: 0.00s
2026-05-02 17:49:48,813 - game.app_bootstrap - INFO - [startup] display.set_mode: 0.03s
2026-05-02 17:49:48,816 - game.simulation.components.abilities - WARNING - Failed to create ability 'QualityImprovement': QualityImprovementAbility does not support scope 'system'
2026-05-02 17:49:48,816 - game.simulation.components.abilities - WARNING - Failed to create ability 'QualityImprovement': QualityImprovementAbility does not support scope 'system'
2026-05-02 17:49:48,816 - game.simulation.components.abilities - WARNING - Failed to create ability 'QualityImprovement': QualityImprovementAbility does not support scope 'system'
2026-05-02 17:49:48,816 - game.simulation.components.abilities - WARNING - Failed to create ability 'QualityImprovement': QualityImprovementAbility does not support scope 'system'
2026-05-02 17:49:48,816 - game.simulation.components.abilities - WARNING - Failed to create ability 'QualityImprovement': QualityImprovementAbility does not support scope 'system'
2026-05-02 17:49:48,818 - game.simulation.components.abilities - WARNING - Failed to create ability 'QualityImprovement': QualityImprovementAbility does not support scope 'system'
2026-05-02 17:49:48,818 - game.simulation.components.abilities - WARNING - Failed to create ability 'QualityImprovement': QualityImprovementAbility does not support scope 'system'
2026-05-02 17:49:48,818 - game.simulation.components.abilities - WARNING - Failed to create ability 'QualityImprovement': QualityImprovementAbility does not support scope 'system'
2026-05-02 17:49:48,818 - game.simulation.components.abilities - WARNING - Failed to create ability 'QualityImprovement': QualityImprovementAbility does not support scope 'system'
2026-05-02 17:49:48,818 - game.simulation.components.abilities - WARNING - Failed to create ability 'QualityImprovement': QualityImprovementAbility does not support scope 'system'
2026-05-02 17:49:48,818 - game.app_bootstrap - INFO - [startup] registry.load_components: 0.01s
2026-05-02 17:49:48,819 - game.app_bootstrap - INFO - [startup] registry.load_modifiers: 0.00s
2026-05-02 17:49:48,820 - game.app_bootstrap - INFO - [startup] registry.load_resources: 0.00s
2026-05-02 17:49:48,820 - game.simulation.entities.ship_loader - INFO - Loaded 5 layer configurations from vehiclelayers.json.
2026-05-02 17:49:48,820 - game.simulation.entities.ship_loader - INFO - Loaded 34 vehicle classes.
2026-05-02 17:49:48,820 - game.app_bootstrap - INFO - [startup] registry.initialize_ship_data: 0.00s
2026-05-02 17:49:48,820 - game.app_bootstrap - INFO - [startup] registry.build_game_registries: 0.00s
2026-05-02 17:49:56,050 - game.assets.component_derivatives - INFO - Component derivatives ready: generated=0 skipped=2695 sources=539
2026-05-02 17:49:56,051 - game.app_bootstrap - INFO - [startup] assets.ensure_component_derivatives: 7.23s
2026-05-02 17:49:56,051 - game.ui.renderer.sprites - INFO - Loading sprites from C:\Dev\Starship Battles\assets\Images\Components\Components 64
2026-05-02 17:49:56,134 - game.ui.renderer.sprites - INFO - Loaded 539 sprites from directory (max index 538)
2026-05-02 17:49:56,134 - game.app_bootstrap - INFO - [startup] assets.load_sprites: 0.08s
2026-05-02 17:49:56,140 - game.core.json_utils - DEBUG - JSON file not found: C:\Dev\Starship Battles\output\settings\keybindings.json
2026-05-02 17:49:56,140 - game.app_bootstrap - INFO - [startup] input.load_keybindings: 0.01s
2026-05-02 17:49:56,140 - game.app_bootstrap - INFO - [startup] total bootstrap: 7.54s
2026-05-02 17:49:56,154 - game.core.json_utils - DEBUG - Saved JSON to C:\Dev\Starship Battles\output\logs\profiling_history.json
2026-05-02 17:49:56,154 - game.core.profiling - INFO - Saved 14 records to C:\Dev\Starship Battles\output\logs\profiling_history.json
2026-05-02 17:49:56,193 - game.ui.screens.workshop_screen - DEBUG - Workshop NOT setting theme - integrated=False, empire_theme_id=None
2026-05-02 17:49:56,210 - game.ui.assets.ship_theme_manager - WARNING - Theme Atlantians/Escort portrait image_sizes mismatch: declared=2048x2048 actual=1024x1024 (C:\Dev\Starship Battles\assets\ShipThemes\Atlantians\Portraits/escort.png)
2026-05-02 17:49:56,211 - game.ui.assets.ship_theme_manager - WARNING - Theme Atlantians/Frigate portrait image_sizes mismatch: declared=2048x2048 actual=1024x1024 (C:\Dev\Starship Battles\assets\ShipThemes\Atlantians\Portraits/frigate.png)
2026-05-02 17:49:56,212 - game.ui.assets.ship_theme_manager - WARNING - Theme Atlantians/Destroyer portrait image_sizes mismatch: declared=2048x2048 actual=1024x1024 (C:\Dev\Starship Battles\assets\ShipThemes\Atlantians\Portraits/destroyer.png)
2026-05-02 17:49:56,212 - game.ui.assets.ship_theme_manager - WARNING - Theme Atlantians/Cruiser portrait image_sizes mismatch: declared=2048x2048 actual=1024x1024 (C:\Dev\Starship Battles\assets\ShipThemes\Atlantians\Portraits/cruiser.png)
2026-05-02 17:49:56,213 - game.ui.assets.ship_theme_manager - WARNING - Theme Atlantians/Heavy Cruiser portrait image_sizes mismatch: declared=2048x2048 actual=1024x1024 (C:\Dev\Starship Battles\assets\ShipThemes\Atlantians\Portraits/heavy_cruiser.png)
2026-05-02 17:49:56,213 - game.ui.assets.ship_theme_manager - WARNING - Theme Atlantians/Battle Cruiser portrait image_sizes mismatch: declared=2048x2048 actual=1024x1024 (C:\Dev\Starship Battles\assets\ShipThemes\Atlantians\Portraits/battle_cruiser.png)
2026-05-02 17:49:56,214 - game.ui.assets.ship_theme_manager - WARNING - Theme Atlantians/Battleship portrait image_sizes mismatch: declared=2048x2048 actual=1024x1024 (C:\Dev\Starship Battles\assets\ShipThemes\Atlantians\Portraits/battleship.png)
2026-05-02 17:49:56,214 - game.ui.assets.ship_theme_manager - WARNING - Theme Atlantians/Dreadnought portrait image_sizes mismatch: declared=2048x2048 actual=1024x1024 (C:\Dev\Starship Battles\assets\ShipThemes\Atlantians\Portraits/dreadnought.png)
2026-05-02 17:49:56,214 - game.ui.assets.ship_theme_manager - WARNING - Theme Atlantians/Superdreadnought portrait image_sizes mismatch: declared=2048x2048 actual=1024x1024 (C:\Dev\Starship Battles\assets\ShipThemes\Atlantians\Portraits/super_dreadnought.png)
2026-05-02 17:49:56,215 - game.ui.assets.ship_theme_manager - WARNING - Theme Atlantians/Monitor portrait image_sizes mismatch: declared=2048x2048 actual=1024x1024 (C:\Dev\Starship Battles\assets\ShipThemes\Atlantians\Portraits/monitor.png)
2026-05-02 17:49:56,215 - game.ui.assets.ship_theme_manager - WARNING - Theme Atlantians/Fighter (Small) portrait image_sizes mismatch: declared=2048x2048 actual=1024x1024 (C:\Dev\Starship Battles\assets\ShipThemes\Atlantians\Portraits/small_fighter.png)
2026-05-02 17:49:56,216 - game.ui.assets.ship_theme_manager - WARNING - Theme Atlantians/Fighter (Medium) portrait image_sizes mismatch: declared=2048x2048 actual=1024x1024 (C:\Dev\Starship Battles\assets\ShipThemes\Atlantians\Portraits/medium_fighter.png)
2026-05-02 17:49:56,216 - game.ui.assets.ship_theme_manager - WARNING - Theme Atlantians/Fighter (Large) portrait image_sizes mismatch: declared=2048x2048 actual=1024x1024 (C:\Dev\Starship Battles\assets\ShipThemes\Atlantians\Portraits/large_fighter.png)
2026-05-02 17:49:56,216 - game.ui.assets.ship_theme_manager - WARNING - Theme Atlantians/Fighter (Heavy) portrait image_sizes mismatch: declared=2048x2048 actual=1024x1024 (C:\Dev\Starship Battles\assets\ShipThemes\Atlantians\Portraits/heavy_fighter.png)
2026-05-02 17:49:56,217 - game.ui.assets.ship_theme_manager - WARNING - Theme Atlantians/Satellite (Small) portrait image_sizes mismatch: declared=2048x2048 actual=1024x1024 (C:\Dev\Starship Battles\assets\ShipThemes\Atlantians\Portraits/small_satellite.png)
2026-05-02 17:49:56,217 - game.ui.assets.ship_theme_manager - WARNING - Theme Atlantians/Satellite (Medium) portrait image_sizes mismatch: declared=2048x2048 actual=1024x1024 (C:\Dev\Starship Battles\assets\ShipThemes\Atlantians\Portraits/medium_satellite.png)
2026-05-02 17:49:56,217 - game.ui.assets.ship_theme_manager - WARNING - Theme Atlantians/Satellite (Large) portrait image_sizes mismatch: declared=2048x2048 actual=1024x1024 (C:\Dev\Starship Battles\assets\ShipThemes\Atlantians\Portraits/large_satellite.png)
2026-05-02 17:49:56,218 - game.ui.assets.ship_theme_manager - WARNING - Theme Atlantians/Satellite (Heavy) portrait image_sizes mismatch: declared=2048x2048 actual=1024x1024 (C:\Dev\Starship Battles\assets\ShipThemes\Atlantians\Portraits/heavy_satellite.png)
2026-05-02 17:49:56,222 - game.ui.assets.ship_theme_manager - WARNING - Theme Federation/Escort portrait image_sizes mismatch: declared=2048x2048 actual=1024x1024 (C:\Dev\Starship Battles\assets\ShipThemes\Federation\Portraits/escort.png)
2026-05-02 17:49:56,222 - game.ui.assets.ship_theme_manager - WARNING - Theme Federation/Frigate portrait image_sizes mismatch: declared=2048x2048 actual=1024x1024 (C:\Dev\Starship Battles\assets\ShipThemes\Federation\Portraits/frigate.png)
2026-05-02 17:49:56,223 - game.ui.assets.ship_theme_manager - WARNING - Theme Federation/Destroyer portrait image_sizes mismatch: declared=2048x2048 actual=1024x1024 (C:\Dev\Starship Battles\assets\ShipThemes\Federation\Portraits/destroyer.png)
2026-05-02 17:49:56,223 - game.ui.assets.ship_theme_manager - WARNING - Theme Federation/Light Cruiser portrait image_sizes mismatch: declared=2048x2048 actual=1024x1024 (C:\Dev\Starship Battles\assets\ShipThemes\Federation\Portraits/light_cruiser.png)
2026-05-02 17:49:56,224 - game.ui.assets.ship_theme_manager - WARNING - Theme Federation/Cruiser portrait image_sizes mismatch: declared=2048x2048 actual=1024x1024 (C:\Dev\Starship Battles\assets\ShipThemes\Federation\Portraits/cruiser.png)
2026-05-02 17:49:56,224 - game.ui.assets.ship_theme_manager - WARNING - Theme Federation/Heavy Cruiser portrait image_sizes mismatch: declared=2048x2048 actual=1024x1024 (C:\Dev\Starship Battles\assets\ShipThemes\Federation\Portraits/heavy_cruiser.png)
2026-05-02 17:49:56,224 - game.ui.assets.ship_theme_manager - WARNING - Theme Federation/Battle Cruiser portrait image_sizes mismatch: declared=2048x2048 actual=1024x1024 (C:\Dev\Starship Battles\assets\ShipThemes\Federation\Portraits/battle_cruiser.png)
2026-05-02 17:49:56,225 - game.ui.assets.ship_theme_manager - WARNING - Theme Federation/Battleship portrait image_sizes mismatch: declared=2048x2048 actual=1024x1024 (C:\Dev\Starship Battles\assets\ShipThemes\Federation\Portraits/battleship.png)
2026-05-02 17:49:56,225 - game.ui.assets.ship_theme_manager - WARNING - Theme Federation/Dreadnought portrait image_sizes mismatch: declared=2048x2048 actual=1024x1024 (C:\Dev\Starship Battles\assets\ShipThemes\Federation\Portraits/dreadnought.png)
2026-05-02 17:49:56,225 - game.ui.assets.ship_theme_manager - WARNING - Theme Federation/Superdreadnought portrait image_sizes mismatch: declared=2048x2048 actual=1024x1024 (C:\Dev\Starship Battles\assets\ShipThemes\Federation\Portraits/super_dreadnought.png)
2026-05-02 17:49:56,226 - game.ui.assets.ship_theme_manager - WARNING - Theme Federation/Monitor portrait image_sizes mismatch: declared=2048x2048 actual=1024x1024 (C:\Dev\Starship Battles\assets\ShipThemes\Federation\Portraits/monitor.png)
2026-05-02 17:49:56,226 - game.ui.assets.ship_theme_manager - WARNING - Theme Federation/Fighter (Small) portrait image_sizes mismatch: declared=2048x2048 actual=1024x1024 (C:\Dev\Starship Battles\assets\ShipThemes\Federation\Portraits/small_fighter.png)
2026-05-02 17:49:56,227 - game.ui.assets.ship_theme_manager - WARNING - Theme Federation/Fighter (Medium) portrait image_sizes mismatch: declared=2048x2048 actual=1024x1024 (C:\Dev\Starship Battles\assets\ShipThemes\Federation\Portraits/medium_fighter.png)
2026-05-02 17:49:56,227 - game.ui.assets.ship_theme_manager - WARNING - Theme Federation/Fighter (Large) portrait image_sizes mismatch: declared=2048x2048 actual=1024x1024 (C:\Dev\Starship Battles\assets\ShipThemes\Federation\Portraits/large_fighter.png)
2026-05-02 17:49:56,227 - game.ui.assets.ship_theme_manager - WARNING - Theme Federation/Fighter (Heavy) portrait image_sizes mismatch: declared=2048x2048 actual=1024x1024 (C:\Dev\Starship Battles\assets\ShipThemes\Federation\Portraits/heavy_fighter.png)
2026-05-02 17:49:56,227 - game.ui.assets.ship_theme_manager - WARNING - Theme Federation/Satellite (Small) portrait image_sizes mismatch: declared=2048x2048 actual=1024x1024 (C:\Dev\Starship Battles\assets\ShipThemes\Federation\Portraits/small_satellite.png)
2026-05-02 17:49:56,228 - game.ui.assets.ship_theme_manager - WARNING - Theme Federation/Satellite (Medium) portrait image_sizes mismatch: declared=2048x2048 actual=1024x1024 (C:\Dev\Starship Battles\assets\ShipThemes\Federation\Portraits/medium_satellite.png)
2026-05-02 17:49:56,228 - game.ui.assets.ship_theme_manager - WARNING - Theme Federation/Satellite (Large) portrait image_sizes mismatch: declared=2048x2048 actual=1024x1024 (C:\Dev\Starship Battles\assets\ShipThemes\Federation\Portraits/large_satellite.png)
2026-05-02 17:49:56,228 - game.ui.assets.ship_theme_manager - WARNING - Theme Federation/Satellite (Heavy) portrait image_sizes mismatch: declared=2048x2048 actual=1024x1024 (C:\Dev\Starship Battles\assets\ShipThemes\Federation\Portraits/heavy_satellite.png)
2026-05-02 17:49:56,232 - game.ui.assets.ship_theme_manager - WARNING - Theme Klingons/Escort portrait image_sizes mismatch: declared=2048x2048 actual=1024x1024 (C:\Dev\Starship Battles\assets\ShipThemes\Klingons\Portraits/escort.png)
2026-05-02 17:49:56,233 - game.ui.assets.ship_theme_manager - WARNING - Theme Klingons/Frigate portrait image_sizes mismatch: declared=2048x2048 actual=1024x1024 (C:\Dev\Starship Battles\assets\ShipThemes\Klingons\Portraits/frigate.png)
2026-05-02 17:49:56,234 - game.ui.assets.ship_theme_manager - WARNING - Theme Klingons/Destroyer portrait image_sizes mismatch: declared=2048x2048 actual=1024x1024 (C:\Dev\Starship Battles\assets\ShipThemes\Klingons\Portraits/destroyer.png)
2026-05-02 17:49:56,234 - game.ui.assets.ship_theme_manager - WARNING - Theme Klingons/Light Cruiser portrait image_sizes mismatch: declared=2048x2048 actual=1024x1024 (C:\Dev\Starship Battles\assets\ShipThemes\Klingons\Portraits/light_cruiser.png)
2026-05-02 17:49:56,235 - game.ui.assets.ship_theme_manager - WARNING - Theme Klingons/Cruiser portrait image_sizes mismatch: declared=2048x2048 actual=1024x1024 (C:\Dev\Starship Battles\assets\ShipThemes\Klingons\Portraits/cruiser.png)
2026-05-02 17:49:56,236 - game.ui.assets.ship_theme_manager - WARNING - Theme Klingons/Heavy Cruiser portrait image_sizes mismatch: declared=2048x2048 actual=1024x1024 (C:\Dev\Starship Battles\assets\ShipThemes\Klingons\Portraits/heavy_cruiser.png)
2026-05-02 17:49:56,236 - game.ui.assets.ship_theme_manager - WARNING - Theme Klingons/Battle Cruiser portrait image_sizes mismatch: declared=2048x2048 actual=1024x1024 (C:\Dev\Starship Battles\assets\ShipThemes\Klingons\Portraits/battle_cruiser.png)
2026-05-02 17:49:56,236 - game.ui.assets.ship_theme_manager - WARNING - Theme Klingons/Battleship portrait image_sizes mismatch: declared=2048x2048 actual=1024x1024 (C:\Dev\Starship Battles\assets\ShipThemes\Klingons\Portraits/battleship.png)
2026-05-02 17:49:56,237 - game.ui.assets.ship_theme_manager - WARNING - Theme Klingons/Dreadnought portrait image_sizes mismatch: declared=2048x2048 actual=1024x1024 (C:\Dev\Starship Battles\assets\ShipThemes\Klingons\Portraits/dreadnought.png)
2026-05-02 17:49:56,237 - game.ui.assets.ship_theme_manager - WARNING - Theme Klingons/Superdreadnought portrait image_sizes mismatch: declared=2048x2048 actual=1024x1024 (C:\Dev\Starship Battles\assets\ShipThemes\Klingons\Portraits/super_dreadnought.png)
2026-05-02 17:49:56,238 - game.ui.assets.ship_theme_manager - WARNING - Theme Klingons/Monitor portrait image_sizes mismatch: declared=2048x2048 actual=1024x1024 (C:\Dev\Starship Battles\assets\ShipThemes\Klingons\Portraits/monitor.png)
2026-05-02 17:49:56,238 - game.ui.assets.ship_theme_manager - WARNING - Theme Klingons/Fighter (Small) portrait image_sizes mismatch: declared=2048x2048 actual=1024x1024 (C:\Dev\Starship Battles\assets\ShipThemes\Klingons\Portraits/small_fighter.png)
2026-05-02 17:49:56,238 - game.ui.assets.ship_theme_manager - WARNING - Theme Klingons/Fighter (Medium) portrait image_sizes mismatch: declared=2048x2048 actual=1024x1024 (C:\Dev\Starship Battles\assets\ShipThemes\Klingons\Portraits/medium_fighter.png)
2026-05-02 17:49:56,238 - game.ui.assets.ship_theme_manager - WARNING - Theme Klingons/Fighter (Large) portrait image_sizes mismatch: declared=2048x2048 actual=1024x1024 (C:\Dev\Starship Battles\assets\ShipThemes\Klingons\Portraits/large_fighter.png)
2026-05-02 17:49:56,238 - game.ui.assets.ship_theme_manager - WARNING - Theme Klingons/Fighter (Heavy) portrait image_sizes mismatch: declared=2048x2048 actual=1024x1024 (C:\Dev\Starship Battles\assets\ShipThemes\Klingons\Portraits/heavy_fighter.png)
2026-05-02 17:49:56,239 - game.ui.assets.ship_theme_manager - WARNING - Theme Klingons/Satellite (Small) portrait image_sizes mismatch: declared=2048x2048 actual=1024x1024 (C:\Dev\Starship Battles\assets\ShipThemes\Klingons\Portraits/small_satellite.png)
2026-05-02 17:49:56,239 - game.ui.assets.ship_theme_manager - WARNING - Theme Klingons/Satellite (Medium) portrait image_sizes mismatch: declared=2048x2048 actual=1024x1024 (C:\Dev\Starship Battles\assets\ShipThemes\Klingons\Portraits/medium_satellite.png)
2026-05-02 17:49:56,239 - game.ui.assets.ship_theme_manager - WARNING - Theme Klingons/Satellite (Large) portrait image_sizes mismatch: declared=2048x2048 actual=1024x1024 (C:\Dev\Starship Battles\assets\ShipThemes\Klingons\Portraits/large_satellite.png)
2026-05-02 17:49:56,240 - game.ui.assets.ship_theme_manager - WARNING - Theme Klingons/Satellite (Heavy) portrait image_sizes mismatch: declared=2048x2048 actual=1024x1024 (C:\Dev\Starship Battles\assets\ShipThemes\Klingons\Portraits/heavy_satellite.png)
2026-05-02 17:49:56,243 - game.ui.assets.ship_theme_manager - WARNING - Theme Ossivine/Escort portrait image_sizes mismatch: declared=2048x2048 actual=1024x1024 (C:\Dev\Starship Battles\assets\ShipThemes\Ossivine\Portraits/escort.png)
2026-05-02 17:49:56,244 - game.ui.assets.ship_theme_manager - WARNING - Theme Ossivine/Frigate portrait image_sizes mismatch: declared=2048x2048 actual=1024x1024 (C:\Dev\Starship Battles\assets\ShipThemes\Ossivine\Portraits/frigate.png)
2026-05-02 17:49:56,245 - game.ui.assets.ship_theme_manager - WARNING - Theme Ossivine/Destroyer portrait image_sizes mismatch: declared=2048x2048 actual=1024x1024 (C:\Dev\Starship Battles\assets\ShipThemes\Ossivine\Portraits/destroyer.png)
2026-05-02 17:49:56,245 - game.ui.assets.ship_theme_manager - WARNING - Theme Ossivine/Light Cruiser portrait image_sizes mismatch: declared=2048x2048 actual=1024x1024 (C:\Dev\Starship Battles\assets\ShipThemes\Ossivine\Portraits/light_cruiser.png)
2026-05-02 17:49:56,246 - game.ui.assets.ship_theme_manager - WARNING - Theme Ossivine/Cruiser portrait image_sizes mismatch: declared=2048x2048 actual=1024x1024 (C:\Dev\Starship Battles\assets\ShipThemes\Ossivine\Portraits/cruiser.png)
2026-05-02 17:49:56,247 - game.ui.assets.ship_theme_manager - WARNING - Theme Ossivine/Heavy Cruiser portrait image_sizes mismatch: declared=2048x2048 actual=1024x1024 (C:\Dev\Starship Battles\assets\ShipThemes\Ossivine\Portraits/heavy_cruiser.png)
2026-05-02 17:49:56,247 - game.ui.assets.ship_theme_manager - WARNING - Theme Ossivine/Battle Cruiser portrait image_sizes mismatch: declared=2048x2048 actual=1024x1024 (C:\Dev\Starship Battles\assets\ShipThemes\Ossivine\Portraits/battle_cruiser.png)
2026-05-02 17:49:56,248 - game.ui.assets.ship_theme_manager - WARNING - Theme Ossivine/Battleship portrait image_sizes mismatch: declared=2048x2048 actual=1024x1024 (C:\Dev\Starship Battles\assets\ShipThemes\Ossivine\Portraits/battleship.png)
2026-05-02 17:49:56,248 - game.ui.assets.ship_theme_manager - WARNING - Theme Ossivine/Dreadnought portrait image_sizes mismatch: declared=2048x2048 actual=1024x1024 (C:\Dev\Starship Battles\assets\ShipThemes\Ossivine\Portraits/dreadnought.png)
2026-05-02 17:49:56,249 - game.ui.assets.ship_theme_manager - WARNING - Theme Ossivine/Superdreadnought portrait image_sizes mismatch: declared=2048x2048 actual=1024x1024 (C:\Dev\Starship Battles\assets\ShipThemes\Ossivine\Portraits/super_dreadnought.png)
2026-05-02 17:49:56,250 - game.ui.assets.ship_theme_manager - WARNING - Theme Ossivine/Monitor portrait image_sizes mismatch: declared=2048x2048 actual=1024x1024 (C:\Dev\Starship Battles\assets\ShipThemes\Ossivine\Portraits/monitor.png)
2026-05-02 17:49:56,250 - game.ui.assets.ship_theme_manager - WARNING - Theme Ossivine/Fighter (Small) portrait image_sizes mismatch: declared=2048x2048 actual=1024x1024 (C:\Dev\Starship Battles\assets\ShipThemes\Ossivine\Portraits/small_fighter.png)
2026-05-02 17:49:56,251 - game.ui.assets.ship_theme_manager - WARNING - Theme Ossivine/Fighter (Medium) portrait image_sizes mismatch: declared=2048x2048 actual=1024x1024 (C:\Dev\Starship Battles\assets\ShipThemes\Ossivine\Portraits/medium_fighter.png)
2026-05-02 17:49:56,252 - game.ui.assets.ship_theme_manager - WARNING - Theme Ossivine/Fighter (Large) portrait image_sizes mismatch: declared=2048x2048 actual=1024x1024 (C:\Dev\Starship Battles\assets\ShipThemes\Ossivine\Portraits/large_fighter.png)
2026-05-02 17:49:56,253 - game.ui.assets.ship_theme_manager - WARNING - Theme Ossivine/Fighter (Heavy) portrait image_sizes mismatch: declared=2048x2048 actual=1024x1024 (C:\Dev\Starship Battles\assets\ShipThemes\Ossivine\Portraits/heavy_fighter.png)
2026-05-02 17:49:56,253 - game.ui.assets.ship_theme_manager - WARNING - Theme Ossivine/Satellite (Small) portrait image_sizes mismatch: declared=2048x2048 actual=1024x1024 (C:\Dev\Starship Battles\assets\ShipThemes\Ossivine\Portraits/small_satellite.png)
2026-05-02 17:49:56,254 - game.ui.assets.ship_theme_manager - WARNING - Theme Ossivine/Satellite (Medium) portrait image_sizes mismatch: declared=2048x2048 actual=1024x1024 (C:\Dev\Starship Battles\assets\ShipThemes\Ossivine\Portraits/medium_satellite.png)
2026-05-02 17:49:56,255 - game.ui.assets.ship_theme_manager - WARNING - Theme Ossivine/Satellite (Large) portrait image_sizes mismatch: declared=2048x2048 actual=1024x1024 (C:\Dev\Starship Battles\assets\ShipThemes\Ossivine\Portraits/large_satellite.png)
2026-05-02 17:49:56,255 - game.ui.assets.ship_theme_manager - WARNING - Theme Ossivine/Satellite (Heavy) portrait image_sizes mismatch: declared=2048x2048 actual=1024x1024 (C:\Dev\Starship Battles\assets\ShipThemes\Ossivine\Portraits/heavy_satellite.png)
2026-05-02 17:49:56,259 - game.ui.assets.ship_theme_manager - WARNING - Theme Prismsteel/Escort portrait image_sizes mismatch: declared=2048x2048 actual=1024x1024 (C:\Dev\Starship Battles\assets\ShipThemes\Prismsteel\Portraits/escort.png)
2026-05-02 17:49:56,260 - game.ui.assets.ship_theme_manager - WARNING - Theme Prismsteel/Frigate portrait image_sizes mismatch: declared=2048x2048 actual=1024x1024 (C:\Dev\Starship Battles\assets\ShipThemes\Prismsteel\Portraits/frigate.png)
2026-05-02 17:49:56,261 - game.ui.assets.ship_theme_manager - WARNING - Theme Prismsteel/Destroyer portrait image_sizes mismatch: declared=2048x2048 actual=1024x1024 (C:\Dev\Starship Battles\assets\ShipThemes\Prismsteel\Portraits/destroyer.png)
2026-05-02 17:49:56,261 - game.ui.assets.ship_theme_manager - WARNING - Theme Prismsteel/Light Cruiser portrait image_sizes mismatch: declared=2048x2048 actual=1024x1024 (C:\Dev\Starship Battles\assets\ShipThemes\Prismsteel\Portraits/light_cruiser.png)
2026-05-02 17:49:56,262 - game.ui.assets.ship_theme_manager - WARNING - Theme Prismsteel/Cruiser portrait image_sizes mismatch: declared=2048x2048 actual=1024x1024 (C:\Dev\Starship Battles\assets\ShipThemes\Prismsteel\Portraits/cruiser.png)
2026-05-02 17:49:56,263 - game.ui.assets.ship_theme_manager - WARNING - Theme Prismsteel/Heavy Cruiser portrait image_sizes mismatch: declared=2048x2048 actual=1024x1024 (C:\Dev\Starship Battles\assets\ShipThemes\Prismsteel\Portraits/heavy_cruiser.png)
2026-05-02 17:49:56,263 - game.ui.assets.ship_theme_manager - WARNING - Theme Prismsteel/Battle Cruiser portrait image_sizes mismatch: declared=2048x2048 actual=1024x1024 (C:\Dev\Starship Battles\assets\ShipThemes\Prismsteel\Portraits/battle_cruiser.png)
2026-05-02 17:49:56,264 - game.ui.assets.ship_theme_manager - WARNING - Theme Prismsteel/Battleship portrait image_sizes mismatch: declared=2048x2048 actual=1024x1024 (C:\Dev\Starship Battles\assets\ShipThemes\Prismsteel\Portraits/battleship.png)
2026-05-02 17:49:56,264 - game.ui.assets.ship_theme_manager - WARNING - Theme Prismsteel/Dreadnought portrait image_sizes mismatch: declared=2048x2048 actual=1024x1024 (C:\Dev\Starship Battles\assets\ShipThemes\Prismsteel\Portraits/dreadnought.png)
2026-05-02 17:49:56,265 - game.ui.assets.ship_theme_manager - WARNING - Theme Prismsteel/Superdreadnought portrait image_sizes mismatch: declared=2048x2048 actual=1024x1024 (C:\Dev\Starship Battles\assets\ShipThemes\Prismsteel\Portraits/super_dreadnought.png)
2026-05-02 17:49:56,266 - game.ui.assets.ship_theme_manager - WARNING - Theme Prismsteel/Monitor portrait image_sizes mismatch: declared=2048x2048 actual=1024x1024 (C:\Dev\Starship Battles\assets\ShipThemes\Prismsteel\Portraits/monitor.png)
2026-05-02 17:49:56,266 - game.ui.assets.ship_theme_manager - WARNING - Theme Prismsteel/Fighter (Small) portrait image_sizes mismatch: declared=2048x2048 actual=1024x1024 (C:\Dev\Starship Battles\assets\ShipThemes\Prismsteel\Portraits/small_fighter.png)
2026-05-02 17:49:56,267 - game.ui.assets.ship_theme_manager - WARNING - Theme Prismsteel/Fighter (Medium) portrait image_sizes mismatch: declared=2048x2048 actual=1024x1024 (C:\Dev\Starship Battles\assets\ShipThemes\Prismsteel\Portraits/medium_fighter.png)
2026-05-02 17:49:56,268 - game.ui.assets.ship_theme_manager - WARNING - Theme Prismsteel/Fighter (Large) portrait image_sizes mismatch: declared=2048x2048 actual=1024x1024 (C:\Dev\Starship Battles\assets\ShipThemes\Prismsteel\Portraits/large_fighter.png)
2026-05-02 17:49:56,269 - game.ui.assets.ship_theme_manager - WARNING - Theme Prismsteel/Fighter (Heavy) portrait image_sizes mismatch: declared=2048x2048 actual=1024x1024 (C:\Dev\Starship Battles\assets\ShipThemes\Prismsteel\Portraits/heavy_fighter.png)
2026-05-02 17:49:56,269 - game.ui.assets.ship_theme_manager - WARNING - Theme Prismsteel/Satellite (Small) portrait image_sizes mismatch: declared=2048x2048 actual=1024x1024 (C:\Dev\Starship Battles\assets\ShipThemes\Prismsteel\Portraits/small_satellite.png)
2026-05-02 17:49:56,270 - game.ui.assets.ship_theme_manager - WARNING - Theme Prismsteel/Satellite (Medium) portrait image_sizes mismatch: declared=2048x2048 actual=1024x1024 (C:\Dev\Starship Battles\assets\ShipThemes\Prismsteel\Portraits/medium_satellite.png)
2026-05-02 17:49:56,271 - game.ui.assets.ship_theme_manager - WARNING - Theme Prismsteel/Satellite (Large) portrait image_sizes mismatch: declared=2048x2048 actual=1024x1024 (C:\Dev\Starship Battles\assets\ShipThemes\Prismsteel\Portraits/large_satellite.png)
2026-05-02 17:49:56,271 - game.ui.assets.ship_theme_manager - WARNING - Theme Prismsteel/Satellite (Heavy) portrait image_sizes mismatch: declared=2048x2048 actual=1024x1024 (C:\Dev\Starship Battles\assets\ShipThemes\Prismsteel\Portraits/heavy_satellite.png)
2026-05-02 17:49:56,275 - game.ui.assets.ship_theme_manager - WARNING - Theme Romulans/Escort portrait image_sizes mismatch: declared=2048x2048 actual=1024x1024 (C:\Dev\Starship Battles\assets\ShipThemes\Romulans\Portraits/escort.png)
2026-05-02 17:49:56,276 - game.ui.assets.ship_theme_manager - WARNING - Theme Romulans/Frigate portrait image_sizes mismatch: declared=2048x2048 actual=1024x1024 (C:\Dev\Starship Battles\assets\ShipThemes\Romulans\Portraits/frigate.png)
2026-05-02 17:49:56,276 - game.ui.assets.ship_theme_manager - WARNING - Theme Romulans/Destroyer portrait image_sizes mismatch: declared=2048x2048 actual=1024x1024 (C:\Dev\Starship Battles\assets\ShipThemes\Romulans\Portraits/destroyer.png)
2026-05-02 17:49:56,277 - game.ui.assets.ship_theme_manager - WARNING - Theme Romulans/Light Cruiser portrait image_sizes mismatch: declared=2048x2048 actual=1024x1024 (C:\Dev\Starship Battles\assets\ShipThemes\Romulans\Portraits/light_cruiser.png)
2026-05-02 17:49:56,277 - game.ui.assets.ship_theme_manager - WARNING - Theme Romulans/Cruiser portrait image_sizes mismatch: declared=2048x2048 actual=1024x1024 (C:\Dev\Starship Battles\assets\ShipThemes\Romulans\Portraits/cruiser.png)
2026-05-02 17:49:56,277 - game.ui.assets.ship_theme_manager - WARNING - Theme Romulans/Heavy Cruiser portrait image_sizes mismatch: declared=2048x2048 actual=1024x1024 (C:\Dev\Starship Battles\assets\ShipThemes\Romulans\Portraits/heavy_cruiser.png)
2026-05-02 17:49:56,278 - game.ui.assets.ship_theme_manager - WARNING - Theme Romulans/Battle Cruiser portrait image_sizes mismatch: declared=2048x2048 actual=1024x1024 (C:\Dev\Starship Battles\assets\ShipThemes\Romulans\Portraits/battle_cruiser.png)
2026-05-02 17:49:56,278 - game.ui.assets.ship_theme_manager - WARNING - Theme Romulans/Battleship portrait image_sizes mismatch: declared=2048x2048 actual=1024x1024 (C:\Dev\Starship Battles\assets\ShipThemes\Romulans\Portraits/battleship.png)
2026-05-02 17:49:56,279 - game.ui.assets.ship_theme_manager - WARNING - Theme Romulans/Dreadnought portrait image_sizes mismatch: declared=2048x2048 actual=1024x1024 (C:\Dev\Starship Battles\assets\ShipThemes\Romulans\Portraits/dreadnought.png)
2026-05-02 17:49:56,279 - game.ui.assets.ship_theme_manager - WARNING - Theme Romulans/Superdreadnought portrait image_sizes mismatch: declared=2048x2048 actual=1024x1024 (C:\Dev\Starship Battles\assets\ShipThemes\Romulans\Portraits/super_dreadnought.png)
2026-05-02 17:49:56,280 - game.ui.assets.ship_theme_manager - WARNING - Theme Romulans/Monitor portrait image_sizes mismatch: declared=2048x2048 actual=1024x1024 (C:\Dev\Starship Battles\assets\ShipThemes\Romulans\Portraits/monitor.png)
2026-05-02 17:49:56,280 - game.ui.assets.ship_theme_manager - WARNING - Theme Romulans/Fighter (Small) portrait image_sizes mismatch: declared=2048x2048 actual=1024x1024 (C:\Dev\Starship Battles\assets\ShipThemes\Romulans\Portraits/small_fighter.png)
2026-05-02 17:49:56,280 - game.ui.assets.ship_theme_manager - WARNING - Theme Romulans/Fighter (Medium) portrait image_sizes mismatch: declared=2048x2048 actual=1024x1024 (C:\Dev\Starship Battles\assets\ShipThemes\Romulans\Portraits/medium_fighter.png)
2026-05-02 17:49:56,280 - game.ui.assets.ship_theme_manager - WARNING - Theme Romulans/Fighter (Large) portrait image_sizes mismatch: declared=2048x2048 actual=1024x1024 (C:\Dev\Starship Battles\assets\ShipThemes\Romulans\Portraits/large_fighter.png)
2026-05-02 17:49:56,281 - game.ui.assets.ship_theme_manager - WARNING - Theme Romulans/Fighter (Heavy) portrait image_sizes mismatch: declared=2048x2048 actual=1024x1024 (C:\Dev\Starship Battles\assets\ShipThemes\Romulans\Portraits/heavy_fighter.png)
2026-05-02 17:49:56,281 - game.ui.assets.ship_theme_manager - WARNING - Theme Romulans/Satellite (Small) portrait image_sizes mismatch: declared=2048x2048 actual=1024x1024 (C:\Dev\Starship Battles\assets\ShipThemes\Romulans\Portraits/small_satellite.png)
2026-05-02 17:49:56,281 - game.ui.assets.ship_theme_manager - WARNING - Theme Romulans/Satellite (Medium) portrait image_sizes mismatch: declared=2048x2048 actual=1024x1024 (C:\Dev\Starship Battles\assets\ShipThemes\Romulans\Portraits/medium_satellite.png)
2026-05-02 17:49:56,282 - game.ui.assets.ship_theme_manager - WARNING - Theme Romulans/Satellite (Large) portrait image_sizes mismatch: declared=2048x2048 actual=1024x1024 (C:\Dev\Starship Battles\assets\ShipThemes\Romulans\Portraits/large_satellite.png)
2026-05-02 17:49:56,282 - game.ui.assets.ship_theme_manager - WARNING - Theme Romulans/Satellite (Heavy) portrait image_sizes mismatch: declared=2048x2048 actual=1024x1024 (C:\Dev\Starship Battles\assets\ShipThemes\Romulans\Portraits/heavy_satellite.png)
2026-05-02 17:49:56,300 - game.ui.assets.ship_theme_manager - WARNING - Theme Thoraliens/Escort portrait image_sizes mismatch: declared=2048x2048 actual=640x640 (C:\Dev\Starship Battles\assets\ShipThemes\Thoraliens\Portraits/escort.png)
2026-05-02 17:49:56,302 - game.ui.assets.ship_theme_manager - WARNING - Theme Thoraliens/Frigate portrait image_sizes mismatch: declared=2048x2048 actual=640x640 (C:\Dev\Starship Battles\assets\ShipThemes\Thoraliens\Portraits/frigate.png)
2026-05-02 17:49:56,303 - game.ui.assets.ship_theme_manager - WARNING - Theme Thoraliens/Destroyer portrait image_sizes mismatch: declared=2048x2048 actual=640x640 (C:\Dev\Starship Battles\assets\ShipThemes\Thoraliens\Portraits/destroyer.png)
2026-05-02 17:49:56,304 - game.ui.assets.ship_theme_manager - WARNING - Theme Thoraliens/Light Cruiser portrait image_sizes mismatch: declared=2048x2048 actual=640x640 (C:\Dev\Starship Battles\assets\ShipThemes\Thoraliens\Portraits/light_cruiser.png)
2026-05-02 17:49:56,304 - game.ui.assets.ship_theme_manager - WARNING - Theme Thoraliens/Cruiser portrait image_sizes mismatch: declared=2048x2048 actual=640x640 (C:\Dev\Starship Battles\assets\ShipThemes\Thoraliens\Portraits/cruiser.png)
2026-05-02 17:49:56,305 - game.ui.assets.ship_theme_manager - WARNING - Theme Thoraliens/Heavy Cruiser portrait image_sizes mismatch: declared=2048x2048 actual=640x640 (C:\Dev\Starship Battles\assets\ShipThemes\Thoraliens\Portraits/heavy_cruiser.png)
2026-05-02 17:49:56,306 - game.ui.assets.ship_theme_manager - WARNING - Theme Thoraliens/Battle Cruiser portrait image_sizes mismatch: declared=2048x2048 actual=640x640 (C:\Dev\Starship Battles\assets\ShipThemes\Thoraliens\Portraits/battle_cruiser.png)
2026-05-02 17:49:56,307 - game.ui.assets.ship_theme_manager - WARNING - Theme Thoraliens/Battleship portrait image_sizes mismatch: declared=2048x2048 actual=640x640 (C:\Dev\Starship Battles\assets\ShipThemes\Thoraliens\Portraits/battleship.png)
2026-05-02 17:49:56,307 - game.ui.assets.ship_theme_manager - WARNING - Theme Thoraliens/Dreadnought portrait image_sizes mismatch: declared=2048x2048 actual=640x640 (C:\Dev\Starship Battles\assets\ShipThemes\Thoraliens\Portraits/dreadnought.png)
2026-05-02 17:49:56,307 - game.ui.assets.ship_theme_manager - WARNING - Theme Thoraliens/Superdreadnought portrait image_sizes mismatch: declared=2048x2048 actual=640x640 (C:\Dev\Starship Battles\assets\ShipThemes\Thoraliens\Portraits/super_dreadnought.png)
2026-05-02 17:49:56,308 - game.ui.assets.ship_theme_manager - WARNING - Theme Thoraliens/Monitor portrait image_sizes mismatch: declared=2048x2048 actual=640x640 (C:\Dev\Starship Battles\assets\ShipThemes\Thoraliens\Portraits/monitor.png)
2026-05-02 17:49:56,309 - game.ui.assets.ship_theme_manager - WARNING - Theme Thoraliens/Fighter (Small) portrait image_sizes mismatch: declared=2048x2048 actual=640x640 (C:\Dev\Starship Battles\assets\ShipThemes\Thoraliens\Portraits/small_fighter.png)
2026-05-02 17:49:56,310 - game.ui.assets.ship_theme_manager - WARNING - Theme Thoraliens/Fighter (Medium) portrait image_sizes mismatch: declared=2048x2048 actual=640x640 (C:\Dev\Starship Battles\assets\ShipThemes\Thoraliens\Portraits/medium_fighter.png)
2026-05-02 17:49:56,311 - game.ui.assets.ship_theme_manager - WARNING - Theme Thoraliens/Fighter (Large) portrait image_sizes mismatch: declared=2048x2048 actual=640x640 (C:\Dev\Starship Battles\assets\ShipThemes\Thoraliens\Portraits/large_fighter.png)
2026-05-02 17:49:56,312 - game.ui.assets.ship_theme_manager - WARNING - Theme Thoraliens/Fighter (Heavy) portrait image_sizes mismatch: declared=2048x2048 actual=640x640 (C:\Dev\Starship Battles\assets\ShipThemes\Thoraliens\Portraits/heavy_fighter.png)
2026-05-02 17:49:56,313 - game.ui.assets.ship_theme_manager - WARNING - Theme Thoraliens/Satellite (Small) portrait image_sizes mismatch: declared=2048x2048 actual=640x640 (C:\Dev\Starship Battles\assets\ShipThemes\Thoraliens\Portraits/small_satellite.png)
2026-05-02 17:49:56,313 - game.ui.assets.ship_theme_manager - WARNING - Theme Thoraliens/Satellite (Medium) portrait image_sizes mismatch: declared=2048x2048 actual=640x640 (C:\Dev\Starship Battles\assets\ShipThemes\Thoraliens\Portraits/medium_satellite.png)
2026-05-02 17:49:56,314 - game.ui.assets.ship_theme_manager - WARNING - Theme Thoraliens/Satellite (Large) portrait image_sizes mismatch: declared=2048x2048 actual=640x640 (C:\Dev\Starship Battles\assets\ShipThemes\Thoraliens\Portraits/large_satellite.png)
2026-05-02 17:49:56,315 - game.ui.assets.ship_theme_manager - WARNING - Theme Thoraliens/Satellite (Heavy) portrait image_sizes mismatch: declared=2048x2048 actual=640x640 (C:\Dev\Starship Battles\assets\ShipThemes\Thoraliens\Portraits/heavy_satellite.png)
2026-05-02 17:49:56,320 - game.ui.assets.ship_theme_manager - WARNING - Theme Voidforged/Escort portrait image_sizes mismatch: declared=2048x2048 actual=1024x1024 (C:\Dev\Starship Battles\assets\ShipThemes\Voidforged\Portraits/escort.png)
2026-05-02 17:49:56,320 - game.ui.assets.ship_theme_manager - WARNING - Theme Voidforged/Frigate portrait image_sizes mismatch: declared=2048x2048 actual=1024x1024 (C:\Dev\Starship Battles\assets\ShipThemes\Voidforged\Portraits/frigate.png)
2026-05-02 17:49:56,321 - game.ui.assets.ship_theme_manager - WARNING - Theme Voidforged/Destroyer portrait image_sizes mismatch: declared=2048x2048 actual=1024x1024 (C:\Dev\Starship Battles\assets\ShipThemes\Voidforged\Portraits/destroyer.png)
2026-05-02 17:49:56,321 - game.ui.assets.ship_theme_manager - WARNING - Theme Voidforged/Light Cruiser portrait image_sizes mismatch: declared=2048x2048 actual=1024x1024 (C:\Dev\Starship Battles\assets\ShipThemes\Voidforged\Portraits/light_cruiser.png)
2026-05-02 17:49:56,322 - game.ui.assets.ship_theme_manager - WARNING - Theme Voidforged/Cruiser portrait image_sizes mismatch: declared=2048x2048 actual=1024x1024 (C:\Dev\Starship Battles\assets\ShipThemes\Voidforged\Portraits/cruiser.png)
2026-05-02 17:49:56,323 - game.ui.assets.ship_theme_manager - WARNING - Theme Voidforged/Heavy Cruiser portrait image_sizes mismatch: declared=2048x2048 actual=1024x1024 (C:\Dev\Starship Battles\assets\ShipThemes\Voidforged\Portraits/heavy_cruiser.png)
2026-05-02 17:49:56,324 - game.ui.assets.ship_theme_manager - WARNING - Theme Voidforged/Battle Cruiser portrait image_sizes mismatch: declared=2048x2048 actual=1024x1024 (C:\Dev\Starship Battles\assets\ShipThemes\Voidforged\Portraits/battle_cruiser.png)
2026-05-02 17:49:56,324 - game.ui.assets.ship_theme_manager - WARNING - Theme Voidforged/Battleship portrait image_sizes mismatch: declared=2048x2048 actual=1024x1024 (C:\Dev\Starship Battles\assets\ShipThemes\Voidforged\Portraits/battleship.png)
2026-05-02 17:49:56,325 - game.ui.assets.ship_theme_manager - WARNING - Theme Voidforged/Dreadnought portrait image_sizes mismatch: declared=2048x2048 actual=1024x1024 (C:\Dev\Starship Battles\assets\ShipThemes\Voidforged\Portraits/dreadnought.png)
2026-05-02 17:49:56,326 - game.ui.assets.ship_theme_manager - WARNING - Theme Voidforged/Superdreadnought portrait image_sizes mismatch: declared=2048x2048 actual=1024x1024 (C:\Dev\Starship Battles\assets\ShipThemes\Voidforged\Portraits/super_dreadnought.png)
2026-05-02 17:49:56,326 - game.ui.assets.ship_theme_manager - WARNING - Theme Voidforged/Monitor portrait image_sizes mismatch: declared=2048x2048 actual=1024x1024 (C:\Dev\Starship Battles\assets\ShipThemes\Voidforged\Portraits/monitor.png)
2026-05-02 17:49:56,327 - game.ui.assets.ship_theme_manager - WARNING - Theme Voidforged/Fighter (Small) portrait image_sizes mismatch: declared=2048x2048 actual=1024x1024 (C:\Dev\Starship Battles\assets\ShipThemes\Voidforged\Portraits/small_fighter.png)
2026-05-02 17:49:56,327 - game.ui.assets.ship_theme_manager - WARNING - Theme Voidforged/Fighter (Medium) portrait image_sizes mismatch: declared=2048x2048 actual=1024x1024 (C:\Dev\Starship Battles\assets\ShipThemes\Voidforged\Portraits/medium_fighter.png)
2026-05-02 17:49:56,328 - game.ui.assets.ship_theme_manager - WARNING - Theme Voidforged/Fighter (Large) portrait image_sizes mismatch: declared=2048x2048 actual=1024x1024 (C:\Dev\Starship Battles\assets\ShipThemes\Voidforged\Portraits/large_fighter.png)
2026-05-02 17:49:56,329 - game.ui.assets.ship_theme_manager - WARNING - Theme Voidforged/Fighter (Heavy) portrait image_sizes mismatch: declared=2048x2048 actual=1024x1024 (C:\Dev\Starship Battles\assets\ShipThemes\Voidforged\Portraits/heavy_fighter.png)
2026-05-02 17:49:56,329 - game.ui.assets.ship_theme_manager - WARNING - Theme Voidforged/Satellite (Small) portrait image_sizes mismatch: declared=2048x2048 actual=1024x1024 (C:\Dev\Starship Battles\assets\ShipThemes\Voidforged\Portraits/small_satellite.png)
2026-05-02 17:49:56,330 - game.ui.assets.ship_theme_manager - WARNING - Theme Voidforged/Satellite (Medium) portrait image_sizes mismatch: declared=2048x2048 actual=1024x1024 (C:\Dev\Starship Battles\assets\ShipThemes\Voidforged\Portraits/medium_satellite.png)
2026-05-02 17:49:56,331 - game.ui.assets.ship_theme_manager - WARNING - Theme Voidforged/Satellite (Large) portrait image_sizes mismatch: declared=2048x2048 actual=1024x1024 (C:\Dev\Starship Battles\assets\ShipThemes\Voidforged\Portraits/large_satellite.png)
2026-05-02 17:49:56,331 - game.ui.assets.ship_theme_manager - WARNING - Theme Voidforged/Satellite (Heavy) portrait image_sizes mismatch: declared=2048x2048 actual=1024x1024 (C:\Dev\Starship Battles\assets\ShipThemes\Voidforged\Portraits/heavy_satellite.png)
2026-05-02 17:49:56,331 - game.ui.assets.ship_theme_manager - INFO - Discovered 9 ship themes: ['Aetherwake', 'Atlantians', 'Federation', 'Klingons', 'Ossivine', 'Prismsteel', 'Romulans', 'Thoraliens', 'Voidforged']
2026-05-02 17:49:56,734 - game.strategy.data.design_role_registry - INFO - design_role_registry: loaded 28 roles
2026-05-02 17:49:57,494 - game.strategy.systems.race_library - DEBUG - RaceLibrary initialized with folder: C:\Dev\Starship Battles\output\races
2026-05-02 17:49:57,509 - game.strategy.engine.game_initializer - INFO - GameInitializer: Creating empire 0 with theme=Federation
2026-05-02 17:49:57,509 - game.strategy.engine.game_initializer - INFO - GameInitializer: Creating empire 1 with theme=Atlantians
2026-05-02 17:49:57,560 - game.strategy.generation.star_image_registry - INFO - Loaded 42 unique star images across 8 types (48 total mappings)
2026-05-02 17:49:57,565 - game.strategy.generation.planet_image_registry - INFO - Loaded 509 planet images across 12 types
2026-05-02 17:49:57,569 - game.strategy.engine.game_initializer - INFO - GameInitializer: Generating Galaxy (type=random, seed=None)...
2026-05-02 17:49:57,596 - game.strategy.engine.game_initializer - INFO - GameInitializer: Generated 2 systems.
2026-05-02 17:49:57,596 - game.strategy.engine.game_initializer - INFO - GameInitializer: Adjusted Novaratha I to match species preferences (type=CRYOPLANET, gravity=1.0g, temp=293K, water=50%)
2026-05-02 17:49:57,596 - game.strategy.engine.game_initializer - INFO - GameInitializer: Enforced quality floor 50.0 on Novaratha I
2026-05-02 17:49:57,596 - game.strategy.engine.game_initializer - INFO - GameInitializer: Seeded 50221972 population on Novaratha I
2026-05-02 17:49:57,596 - game.strategy.engine.game_initializer - INFO - GameInitializer: Empire 'Terran Command' home at system 0 planet 0
2026-05-02 17:49:57,596 - game.strategy.engine.game_initializer - INFO - GameInitializer: Adjusted Stygia I to match species preferences (type=ICE_DWARF, gravity=1.0g, temp=293K, water=50%)
2026-05-02 17:49:57,596 - game.strategy.engine.game_initializer - INFO - GameInitializer: Enforced quality floor 50.0 on Stygia I
2026-05-02 17:49:57,596 - game.strategy.engine.game_initializer - INFO - GameInitializer: Seeded 3022961 population on Stygia I
2026-05-02 17:49:57,596 - game.strategy.engine.game_initializer - INFO - GameInitializer: Empire 'Xeno Hive' home at system 1 planet 0
2026-05-02 17:49:57,781 - game.assets.asset_manager - INFO - Loaded asset manifest from C:\Dev\Starship Battles\assets\asset_manifest.json
2026-05-02 17:49:58,026 - game.core.json_utils - DEBUG - JSON file not found: C:\Dev\Starship Battles\output\settings\game_settings.json
2026-05-02 17:49:58,134 - game.core.json_utils - DEBUG - JSON file not found: C:\Dev\Starship Battles\combat_lab\test_history\BEAMWEAPON-008-HT.json
2026-05-02 17:49:58,139 - game.core.json_utils - DEBUG - JSON file not found: C:\Dev\Starship Battles\combat_lab\test_history\BEAMWEAPON-007-HT.json
2026-05-02 17:49:58,142 - game.core.json_utils - DEBUG - JSON file not found: C:\Dev\Starship Battles\combat_lab\test_history\BEAMWEAPON-003-HT.json
2026-05-02 17:49:58,146 - game.core.json_utils - DEBUG - JSON file not found: C:\Dev\Starship Battles\combat_lab\test_history\BEAMWEAPON-002-HT.json
2026-05-02 17:49:58,150 - game.core.json_utils - DEBUG - JSON file not found: C:\Dev\Starship Battles\combat_lab\test_history\BEAMWEAPON-001-HT.json
2026-05-02 17:49:58,153 - game.core.json_utils - DEBUG - JSON file not found: C:\Dev\Starship Battles\combat_lab\test_history\BEAMWEAPON-006-HT.json
2026-05-02 17:49:58,157 - game.core.json_utils - DEBUG - JSON file not found: C:\Dev\Starship Battles\combat_lab\test_history\BEAMWEAPON-005-HT.json
2026-05-02 17:49:58,161 - game.core.json_utils - DEBUG - JSON file not found: C:\Dev\Starship Battles\combat_lab\test_history\BEAMWEAPON-004-HT.json
2026-05-02 17:50:03,529 - game.screen_router - INFO - Opening new game setup
2026-05-02 17:50:03,571 - game.strategy.systems.race_library - DEBUG - RaceLibrary initialized with folder: C:\Dev\Starship Battles\output\races
2026-05-02 17:50:10,173 - game.ui.screens.new_game_setup_screen - DEBUG - Opening race browser for player 1
2026-05-02 17:50:10,241 - game.strategy.systems.race_library - DEBUG - Scanning for races: C:\Dev\Starship Battles\output\races\*.json
2026-05-02 17:50:10,260 - game.strategy.systems.race_library - DEBUG - Loaded race: Aetherite (aetherite_a5436764)
2026-05-02 17:50:10,265 - game.strategy.systems.race_library - DEBUG - Loaded race: Astrion (astrion_5a0a1e5c)
2026-05-02 17:50:10,269 - game.strategy.systems.race_library - DEBUG - Loaded race: Astrion (astrion_f07c7e7c)
2026-05-02 17:50:10,272 - game.strategy.systems.race_library - DEBUG - Loaded race: Gharrul (gharrul_f3d61d56)
2026-05-02 17:50:10,276 - game.strategy.systems.race_library - DEBUG - Loaded race: Illitharan (illitharan_eaebc53e)
2026-05-02 17:50:10,281 - game.strategy.systems.race_library - DEBUG - Loaded race: Rexxan (rexxan_e9e31850)
2026-05-02 17:50:10,284 - game.strategy.systems.race_library - DEBUG - Loaded race: Voidtouched (voidtouched_e2db06df)
2026-05-02 17:50:10,284 - game.strategy.systems.race_library - INFO - Loaded 7 races from library
2026-05-02 17:50:12,941 - game.ui.screens.new_game_setup_screen - INFO - Player 1 selected race: Aetherite
2026-05-02 17:50:14,065 - game.ui.screens.new_game_setup_screen - DEBUG - Opening race setup for player 1
2026-05-02 17:50:14,317 - game.strategy.systems.race_library - DEBUG - RaceLibrary initialized with folder: C:\Dev\Starship Battles\output\races
2026-05-02 17:50:15,226 - game.ui.panels.race_flag_gallery - DEBUG - Discovered 15 flags
2026-05-02 17:50:15,396 - game.ui.panels.base_gallery - DEBUG - Flag selected: flag_4lg1ov4lg1ov4lg1
2026-05-02 17:50:15,940 - game.ui.panels.race_portrait_gallery - DEBUG - Discovered 14 portraits
2026-05-02 17:50:16,107 - game.ui.panels.base_gallery - DEBUG - Portrait selected: Gemini_Generated_Image_dz63bdz63bdz63bd.jpg
2026-05-02 17:50:17,458 - game.ui.panels.base_gallery - DEBUG - Theme selected: Voidforged
2026-05-02 17:50:17,459 - game.ui.screens.race_setup.controller - DEBUG - Theme selected: Voidforged
2026-05-02 17:50:17,459 - game.ui.screens.race_setup.ship_preview - DEBUG - refresh_ship_preview called with theme_id: Voidforged
2026-05-02 17:50:17,459 - game.ui.screens.race_setup.ship_preview - DEBUG - ship_preview_scroll not found, returning
2026-05-02 17:50:18,993 - game.ui.screens.race_setup.screen - DEBUG - Showing race setup tab 0: Summary
2026-05-02 17:50:18,995 - game.ui.screens.race_setup.screen - DEBUG - Refreshing race summary
2026-05-02 17:50:18,995 - game.ui.panels.race_summary_panel - DEBUG - Refreshing race summary panel
2026-05-02 17:50:24,514 - game.ui.panels.base_gallery - DEBUG - Flag selected: flag_zci3i6zci3i6zci3
2026-05-02 17:50:24,576 - game.ui.panels.base_gallery - DEBUG - Portrait selected: Gemini_Generated_Image_q9rh2eq9rh2eq9rh.jpg
2026-05-02 17:50:24,606 - game.ui.panels.base_gallery - DEBUG - Theme selected: Thoraliens
2026-05-02 17:50:24,606 - game.ui.screens.race_setup.controller - DEBUG - Theme selected: Thoraliens
2026-05-02 17:50:24,606 - game.ui.screens.race_setup.ship_preview - DEBUG - refresh_ship_preview called with theme_id: Thoraliens
2026-05-02 17:50:24,606 - game.ui.screens.race_setup.ship_preview - DEBUG - Container width: 1516
2026-05-02 17:50:24,658 - game.ui.screens.race_setup.ship_preview - DEBUG - Ship Fighter (Medium): skin_surf=True
2026-05-02 17:50:24,661 - game.ui.screens.race_setup.ship_preview - DEBUG - Ship Fighter (Medium): portrait_surf=True
2026-05-02 17:50:24,719 - game.ui.screens.race_setup.ship_preview - DEBUG - Ship Satellite (Medium): skin_surf=True
2026-05-02 17:50:24,723 - game.ui.screens.race_setup.ship_preview - DEBUG - Ship Satellite (Medium): portrait_surf=True
2026-05-02 17:50:24,730 - game.ui.screens.race_setup.ship_preview - DEBUG - Ship Escort: skin_surf=True
2026-05-02 17:50:24,735 - game.ui.screens.race_setup.ship_preview - DEBUG - Ship Escort: portrait_surf=True
2026-05-02 17:50:24,793 - game.ui.screens.race_setup.ship_preview - DEBUG - Ship Frigate: skin_surf=True
2026-05-02 17:50:24,798 - game.ui.screens.race_setup.ship_preview - DEBUG - Ship Frigate: portrait_surf=True
2026-05-02 17:50:24,805 - game.ui.screens.race_setup.ship_preview - DEBUG - Ship Cruiser: skin_surf=True
2026-05-02 17:50:24,809 - game.ui.screens.race_setup.ship_preview - DEBUG - Ship Cruiser: portrait_surf=True
2026-05-02 17:50:24,866 - game.ui.screens.race_setup.ship_preview - DEBUG - Ship Heavy Cruiser: skin_surf=True
2026-05-02 17:50:24,871 - game.ui.screens.race_setup.ship_preview - DEBUG - Ship Heavy Cruiser: portrait_surf=True
2026-05-02 17:50:24,878 - game.ui.screens.race_setup.ship_preview - DEBUG - Ship Battleship: skin_surf=True
2026-05-02 17:50:24,882 - game.ui.screens.race_setup.ship_preview - DEBUG - Ship Battleship: portrait_surf=True
2026-05-02 17:50:24,941 - game.ui.screens.race_setup.ship_preview - DEBUG - Ship Dreadnought: skin_surf=True
2026-05-02 17:50:24,945 - game.ui.screens.race_setup.ship_preview - DEBUG - Ship Dreadnought: portrait_surf=True
2026-05-02 17:50:25,004 - game.ui.screens.race_setup.ship_preview - DEBUG - Ship Superdreadnought: skin_surf=True
2026-05-02 17:50:25,008 - game.ui.screens.race_setup.ship_preview - DEBUG - Ship Superdreadnought: portrait_surf=True
2026-05-02 17:50:25,036 - game.ui.panels.race_summary_panel - DEBUG - Refreshing race summary panel
2026-05-02 17:50:25,225 - game.ui.screens.race_setup.ship_preview - DEBUG - refresh_ship_preview called with theme_id: Thoraliens
2026-05-02 17:50:25,225 - game.ui.screens.race_setup.ship_preview - DEBUG - Container width: 1516
2026-05-02 17:50:25,228 - game.ui.screens.race_setup.ship_preview - DEBUG - Ship Fighter (Medium): skin_surf=True
2026-05-02 17:50:25,230 - game.ui.screens.race_setup.ship_preview - DEBUG - Ship Fighter (Medium): portrait_surf=True
2026-05-02 17:50:25,236 - game.ui.screens.race_setup.ship_preview - DEBUG - Ship Satellite (Medium): skin_surf=True
2026-05-02 17:50:25,239 - game.ui.screens.race_setup.ship_preview - DEBUG - Ship Satellite (Medium): portrait_surf=True
2026-05-02 17:50:25,245 - game.ui.screens.race_setup.ship_preview - DEBUG - Ship Escort: skin_surf=True
2026-05-02 17:50:25,248 - game.ui.screens.race_setup.ship_preview - DEBUG - Ship Escort: portrait_surf=True
2026-05-02 17:50:25,255 - game.ui.screens.race_setup.ship_preview - DEBUG - Ship Frigate: skin_surf=True
2026-05-02 17:50:25,258 - game.ui.screens.race_setup.ship_preview - DEBUG - Ship Frigate: portrait_surf=True
2026-05-02 17:50:25,265 - game.ui.screens.race_setup.ship_preview - DEBUG - Ship Cruiser: skin_surf=True
2026-05-02 17:50:25,267 - game.ui.screens.race_setup.ship_preview - DEBUG - Ship Cruiser: portrait_surf=True
2026-05-02 17:50:25,274 - game.ui.screens.race_setup.ship_preview - DEBUG - Ship Heavy Cruiser: skin_surf=True
2026-05-02 17:50:25,277 - game.ui.screens.race_setup.ship_preview - DEBUG - Ship Heavy Cruiser: portrait_surf=True
2026-05-02 17:50:25,284 - game.ui.screens.race_setup.ship_preview - DEBUG - Ship Battleship: skin_surf=True
2026-05-02 17:50:25,286 - game.ui.screens.race_setup.ship_preview - DEBUG - Ship Battleship: portrait_surf=True
2026-05-02 17:50:25,292 - game.ui.screens.race_setup.ship_preview - DEBUG - Ship Dreadnought: skin_surf=True
2026-05-02 17:50:25,295 - game.ui.screens.race_setup.ship_preview - DEBUG - Ship Dreadnought: portrait_surf=True
2026-05-02 17:50:25,302 - game.ui.screens.race_setup.ship_preview - DEBUG - Ship Superdreadnought: skin_surf=True
2026-05-02 17:50:25,304 - game.ui.screens.race_setup.ship_preview - DEBUG - Ship Superdreadnought: portrait_surf=True
2026-05-02 17:50:25,309 - game.ui.screens.race_setup.controller - INFO - Randomized all: Petrovan on JOVIAN
2026-05-02 17:50:41,294 - game.ui.screens.race_setup.controller - WARNING - Saving race with validation warnings: Biological description exceeds 500 characters
2026-05-02 17:50:50,645 - game.ui.screens.race_setup.controller - DEBUG - Race setup cancelled
2026-05-02 17:50:50,645 - game.ui.screens.new_game_setup_screen - DEBUG - Race dialog cancelled
2026-05-02 17:50:55,368 - game.ui.screens.new_game_setup_screen - DEBUG - Opening race browser for player 2
2026-05-02 17:50:55,440 - game.strategy.systems.race_library - DEBUG - Scanning for races: C:\Dev\Starship Battles\output\races\*.json
2026-05-02 17:50:55,441 - game.strategy.systems.race_library - DEBUG - Loaded race: Aetherite (aetherite_a5436764)
2026-05-02 17:50:55,441 - game.strategy.systems.race_library - DEBUG - Loaded race: Astrion (astrion_5a0a1e5c)
2026-05-02 17:50:55,441 - game.strategy.systems.race_library - DEBUG - Loaded race: Astrion (astrion_f07c7e7c)
2026-05-02 17:50:55,441 - game.strategy.systems.race_library - DEBUG - Loaded race: Gharrul (gharrul_f3d61d56)
2026-05-02 17:50:55,441 - game.strategy.systems.race_library - DEBUG - Loaded race: Illitharan (illitharan_eaebc53e)
2026-05-02 17:50:55,441 - game.strategy.systems.race_library - DEBUG - Loaded race: Rexxan (rexxan_e9e31850)
2026-05-02 17:50:55,442 - game.strategy.systems.race_library - DEBUG - Loaded race: Voidtouched (voidtouched_e2db06df)
2026-05-02 17:50:55,442 - game.strategy.systems.race_library - INFO - Loaded 7 races from library
2026-05-02 17:50:58,094 - game.ui.screens.new_game_setup_screen - INFO - Player 2 selected race: Illitharan
2026-05-02 17:51:04,427 - game.ui.screens.new_game_setup_screen - DEBUG - Player 0 using race theme: Thoraliens
2026-05-02 17:51:04,427 - game.ui.screens.new_game_setup_screen - DEBUG - Player 1 using race theme: Federation
2026-05-02 17:51:04,427 - game.ui.screens.new_game_setup_screen - INFO - Starting new game: save game 2026-05-02 1750 with 2 players
2026-05-02 17:51:04,427 - game.screen_router - INFO - Starting new game: save game 2026-05-02 1750 with 2 players
2026-05-02 17:51:04,428 - game.strategy.systems.race_library - DEBUG - RaceLibrary initialized with folder: C:\Dev\Starship Battles\output\races
2026-05-02 17:51:04,428 - game.strategy.engine.game_initializer - INFO - GameInitializer: Creating empire 0 with theme=Thoraliens
2026-05-02 17:51:04,428 - game.strategy.engine.game_initializer - INFO - GameInitializer: Creating empire 1 with theme=Federation
2026-05-02 17:51:04,460 - game.strategy.generation.star_image_registry - INFO - Loaded 42 unique star images across 8 types (48 total mappings)
2026-05-02 17:51:04,460 - game.strategy.generation.planet_image_registry - INFO - Loaded 509 planet images across 12 types
2026-05-02 17:51:04,460 - game.strategy.engine.game_initializer - INFO - GameInitializer: Generating Galaxy (type=spiral, seed=None)...
2026-05-02 17:51:04,460 - game.strategy.generation.loaders.galaxy_layouts_loader - INFO - Loading galaxy layouts from: C:\Dev\Starship Battles\data\galaxy_layouts.json
2026-05-02 17:51:04,476 - game.strategy.generation.loaders.galaxy_layouts_loader - INFO - Loaded 8 galaxy layout types
2026-05-02 17:51:04,476 - game.strategy.generation.density.density_map - INFO - Created DensityMap with 2 primitives
2026-05-02 17:51:04,477 - game.strategy.engine.game_initializer - INFO - GameInitializer: Generated 2 systems.
2026-05-02 17:51:04,477 - game.strategy.engine.game_initializer - INFO - GameInitializer: Adjusted Ronamar I to match species preferences (type=JOVIAN, gravity=2.4g, temp=171K, water=0%)
2026-05-02 17:51:04,477 - game.strategy.engine.game_initializer - INFO - GameInitializer: Enforced quality floor 50.0 on Ronamar I
2026-05-02 17:51:04,477 - game.strategy.engine.game_initializer - INFO - GameInitializer: Seeded 15420637 population on Ronamar I
2026-05-02 17:51:04,477 - game.strategy.engine.game_initializer - INFO - GameInitializer: Empire 'Petrovan' home at system 0 planet 0
2026-05-02 17:51:04,477 - game.strategy.engine.game_initializer - INFO - GameInitializer: Adjusted Gothenburg I to match species preferences (type=ARID, gravity=1.3g, temp=319K, water=19%)
2026-05-02 17:51:04,477 - game.strategy.engine.game_initializer - INFO - GameInitializer: Enforced quality floor 50.0 on Gothenburg I
2026-05-02 17:51:04,477 - game.strategy.engine.game_initializer - INFO - GameInitializer: Seeded 6794022 population on Gothenburg I
2026-05-02 17:51:04,477 - game.strategy.engine.game_initializer - INFO - GameInitializer: Empire 'Illitharan' home at system 1 planet 0
2026-05-02 17:51:04,481 - game.core.json_utils - DEBUG - Saved JSON to C:\Dev\Starship Battles\output\saves\save game 2026-05-02 1750\turns\turn_1.json
2026-05-02 17:51:04,481 - game.core.json_utils - DEBUG - Saved JSON to C:\Dev\Starship Battles\output\saves\save game 2026-05-02 1750\save_metadata.json
2026-05-02 17:51:04,481 - game.strategy.systems.save_game_service - INFO - SaveGameService: Saved turn 1 to save game 2026-05-02 1750
2026-05-02 17:51:04,481 - game.screen_router - INFO - Initial save created: C:\Dev\Starship Battles\output\saves\save game 2026-05-02 1750
2026-05-02 17:51:04,490 - game.core.json_utils - DEBUG - Saved JSON to C:\Dev\Starship Battles\output\saves\save game 2026-05-02 1750\designs\empire_0\BS Battleship GC.json
2026-05-02 17:51:04,490 - game.strategy.quickstart_builder - DEBUG - Copied design BS Battleship GC.json to empire_0
2026-05-02 17:51:04,494 - game.core.json_utils - DEBUG - Saved JSON to C:\Dev\Starship Battles\output\saves\save game 2026-05-02 1750\designs\empire_0\FR Frigate GC.json
2026-05-02 17:51:04,494 - game.strategy.quickstart_builder - DEBUG - Copied design FR Frigate GC.json to empire_0
2026-05-02 17:51:04,498 - game.core.json_utils - DEBUG - Saved JSON to C:\Dev\Starship Battles\output\saves\save game 2026-05-02 1750\designs\empire_0\qs_atmosphere_processor_complex.json
2026-05-02 17:51:04,498 - game.strategy.quickstart_builder - DEBUG - Copied design qs_atmosphere_processor_complex.json to empire_0
2026-05-02 17:51:04,502 - game.core.json_utils - DEBUG - Saved JSON to C:\Dev\Starship Battles\output\saves\save game 2026-05-02 1750\designs\empire_0\qs_battleship.json
2026-05-02 17:51:04,502 - game.strategy.quickstart_builder - DEBUG - Copied design qs_battleship.json to empire_0
2026-05-02 17:51:04,507 - game.core.json_utils - DEBUG - Saved JSON to C:\Dev\Starship Battles\output\saves\save game 2026-05-02 1750\designs\empire_0\qs_cargo_freighter.json
2026-05-02 17:51:04,507 - game.strategy.quickstart_builder - DEBUG - Copied design qs_cargo_freighter.json to empire_0
2026-05-02 17:51:04,511 - game.core.json_utils - DEBUG - Saved JSON to C:\Dev\Starship Battles\output\saves\save game 2026-05-02 1750\designs\empire_0\qs_colony_drop_pod.json
2026-05-02 17:51:04,511 - game.strategy.quickstart_builder - DEBUG - Copied design qs_colony_drop_pod.json to empire_0
2026-05-02 17:51:04,515 - game.core.json_utils - DEBUG - Saved JSON to C:\Dev\Starship Battles\output\saves\save game 2026-05-02 1750\designs\empire_0\qs_colony_ship.json
2026-05-02 17:51:04,515 - game.strategy.quickstart_builder - DEBUG - Copied design qs_colony_ship.json to empire_0
2026-05-02 17:51:04,519 - game.core.json_utils - DEBUG - Saved JSON to C:\Dev\Starship Battles\output\saves\save game 2026-05-02 1750\designs\empire_0\qs_complex.json
2026-05-02 17:51:04,519 - game.strategy.quickstart_builder - DEBUG - Copied design qs_complex.json to empire_0
2026-05-02 17:51:04,523 - game.core.json_utils - DEBUG - Saved JSON to C:\Dev\Starship Battles\output\saves\save game 2026-05-02 1750\designs\empire_0\qs_enrichment_complex.json
2026-05-02 17:51:04,523 - game.strategy.quickstart_builder - DEBUG - Copied design qs_enrichment_complex.json to empire_0
2026-05-02 17:51:04,527 - game.core.json_utils - DEBUG - Saved JSON to C:\Dev\Starship Battles\output\saves\save game 2026-05-02 1750\designs\empire_0\qs_escort.json
2026-05-02 17:51:04,527 - game.strategy.quickstart_builder - DEBUG - Copied design qs_escort.json to empire_0
2026-05-02 17:51:04,531 - game.core.json_utils - DEBUG - Saved JSON to C:\Dev\Starship Battles\output\saves\save game 2026-05-02 1750\designs\empire_0\qs_exotics_complex.json
2026-05-02 17:51:04,531 - game.strategy.quickstart_builder - DEBUG - Copied design qs_exotics_complex.json to empire_0
2026-05-02 17:51:04,535 - game.core.json_utils - DEBUG - Saved JSON to C:\Dev\Starship Battles\output\saves\save game 2026-05-02 1750\designs\empire_0\qs_frigate_gc.json
2026-05-02 17:51:04,535 - game.strategy.quickstart_builder - DEBUG - Copied design qs_frigate_gc.json to empire_0
2026-05-02 17:51:04,540 - game.core.json_utils - DEBUG - Saved JSON to C:\Dev\Starship Battles\output\saves\save game 2026-05-02 1750\designs\empire_0\qs_general_purpose.json
2026-05-02 17:51:04,540 - game.strategy.quickstart_builder - DEBUG - Copied design qs_general_purpose.json to empire_0
2026-05-02 17:51:04,543 - game.core.json_utils - DEBUG - Saved JSON to C:\Dev\Starship Battles\output\saves\save game 2026-05-02 1750\designs\empire_0\qs_geologic_stabilizer_complex.json
2026-05-02 17:51:04,543 - game.strategy.quickstart_builder - DEBUG - Copied design qs_geologic_stabilizer_complex.json to empire_0
2026-05-02 17:51:04,547 - game.core.json_utils - DEBUG - Saved JSON to C:\Dev\Starship Battles\output\saves\save game 2026-05-02 1750\designs\empire_0\qs_gravity_modifier_complex.json
2026-05-02 17:51:04,547 - game.strategy.quickstart_builder - DEBUG - Copied design qs_gravity_modifier_complex.json to empire_0
2026-05-02 17:51:04,551 - game.core.json_utils - DEBUG - Saved JSON to C:\Dev\Starship Battles\output\saves\save game 2026-05-02 1750\designs\empire_0\qs_heavy_cruiser.json
2026-05-02 17:51:04,551 - game.strategy.quickstart_builder - DEBUG - Copied design qs_heavy_cruiser.json to empire_0
2026-05-02 17:51:04,555 - game.core.json_utils - DEBUG - Saved JSON to C:\Dev\Starship Battles\output\saves\save game 2026-05-02 1750\designs\empire_0\qs_light_combat_escort.json
2026-05-02 17:51:04,555 - game.strategy.quickstart_builder - DEBUG - Copied design qs_light_combat_escort.json to empire_0
2026-05-02 17:51:04,558 - game.core.json_utils - DEBUG - Saved JSON to C:\Dev\Starship Battles\output\saves\save game 2026-05-02 1750\designs\empire_0\qs_metals_complex.json
2026-05-02 17:51:04,558 - game.strategy.quickstart_builder - DEBUG - Copied design qs_metals_complex.json to empire_0
2026-05-02 17:51:04,563 - game.core.json_utils - DEBUG - Saved JSON to C:\Dev\Starship Battles\output\saves\save game 2026-05-02 1750\designs\empire_0\qs_missile_cruiser.json
2026-05-02 17:51:04,563 - game.strategy.quickstart_builder - DEBUG - Copied design qs_missile_cruiser.json to empire_0
2026-05-02 17:51:04,567 - game.core.json_utils - DEBUG - Saved JSON to C:\Dev\Starship Battles\output\saves\save game 2026-05-02 1750\designs\empire_0\qs_organics_complex.json
2026-05-02 17:51:04,567 - game.strategy.quickstart_builder - DEBUG - Copied design qs_organics_complex.json to empire_0
2026-05-02 17:51:04,570 - game.core.json_utils - DEBUG - Saved JSON to C:\Dev\Starship Battles\output\saves\save game 2026-05-02 1750\designs\empire_0\qs_planet_destroyer.json
2026-05-02 17:51:04,570 - game.strategy.quickstart_builder - DEBUG - Copied design qs_planet_destroyer.json to empire_0
2026-05-02 17:51:04,574 - game.core.json_utils - DEBUG - Saved JSON to C:\Dev\Starship Battles\output\saves\save game 2026-05-02 1750\designs\empire_0\qs_radiation_shield_complex.json
2026-05-02 17:51:04,574 - game.strategy.quickstart_builder - DEBUG - Copied design qs_radiation_shield_complex.json to empire_0
2026-05-02 17:51:04,578 - game.core.json_utils - DEBUG - Saved JSON to C:\Dev\Starship Battles\output\saves\save game 2026-05-02 1750\designs\empire_0\qs_radioactives_complex.json
2026-05-02 17:51:04,578 - game.strategy.quickstart_builder - DEBUG - Copied design qs_radioactives_complex.json to empire_0
2026-05-02 17:51:04,582 - game.core.json_utils - DEBUG - Saved JSON to C:\Dev\Starship Battles\output\saves\save game 2026-05-02 1750\designs\empire_0\qs_resupply_depot.json
2026-05-02 17:51:04,582 - game.strategy.quickstart_builder - DEBUG - Copied design qs_resupply_depot.json to empire_0
2026-05-02 17:51:04,586 - game.core.json_utils - DEBUG - Saved JSON to C:\Dev\Starship Battles\output\saves\save game 2026-05-02 1750\designs\empire_0\qs_sector_construction_accelerator_complex.json
2026-05-02 17:51:04,586 - game.strategy.quickstart_builder - DEBUG - Copied design qs_sector_construction_accelerator_complex.json to empire_0
2026-05-02 17:51:04,590 - game.core.json_utils - DEBUG - Saved JSON to C:\Dev\Starship Battles\output\saves\save game 2026-05-02 1750\designs\empire_0\qs_sector_damage_booster_complex.json
2026-05-02 17:51:04,590 - game.strategy.quickstart_builder - DEBUG - Copied design qs_sector_damage_booster_complex.json to empire_0
2026-05-02 17:51:04,595 - game.core.json_utils - DEBUG - Saved JSON to C:\Dev\Starship Battles\output\saves\save game 2026-05-02 1750\designs\empire_0\qs_sector_damage_suppressor_complex.json
2026-05-02 17:51:04,595 - game.strategy.quickstart_builder - DEBUG - Copied design qs_sector_damage_suppressor_complex.json to empire_0
2026-05-02 17:51:04,598 - game.core.json_utils - DEBUG - Saved JSON to C:\Dev\Starship Battles\output\saves\save game 2026-05-02 1750\designs\empire_0\qs_sector_shield_booster_complex.json
2026-05-02 17:51:04,598 - game.strategy.quickstart_builder - DEBUG - Copied design qs_sector_shield_booster_complex.json to empire_0
2026-05-02 17:51:04,602 - game.core.json_utils - DEBUG - Saved JSON to C:\Dev\Starship Battles\output\saves\save game 2026-05-02 1750\designs\empire_0\qs_sector_shield_projector_complex.json
2026-05-02 17:51:04,602 - game.strategy.quickstart_builder - DEBUG - Copied design qs_sector_shield_projector_complex.json to empire_0
2026-05-02 17:51:04,606 - game.core.json_utils - DEBUG - Saved JSON to C:\Dev\Starship Battles\output\saves\save game 2026-05-02 1750\designs\empire_0\qs_sector_shield_suppressor_complex.json
2026-05-02 17:51:04,606 - game.strategy.quickstart_builder - DEBUG - Copied design qs_sector_shield_suppressor_complex.json to empire_0
2026-05-02 17:51:04,609 - game.core.json_utils - DEBUG - Saved JSON to C:\Dev\Starship Battles\output\saves\save game 2026-05-02 1750\designs\empire_0\qs_sphere_builder.json
2026-05-02 17:51:04,609 - game.strategy.quickstart_builder - DEBUG - Copied design qs_sphere_builder.json to empire_0
2026-05-02 17:51:04,613 - game.core.json_utils - DEBUG - Saved JSON to C:\Dev\Starship Battles\output\saves\save game 2026-05-02 1750\designs\empire_0\qs_star_destroyer.json
2026-05-02 17:51:04,613 - game.strategy.quickstart_builder - DEBUG - Copied design qs_star_destroyer.json to empire_0
2026-05-02 17:51:04,617 - game.core.json_utils - DEBUG - Saved JSON to C:\Dev\Starship Battles\output\saves\save game 2026-05-02 1750\designs\empire_0\qs_stellar_stabilizer_complex.json
2026-05-02 17:51:04,617 - game.strategy.quickstart_builder - DEBUG - Copied design qs_stellar_stabilizer_complex.json to empire_0
2026-05-02 17:51:04,621 - game.core.json_utils - DEBUG - Saved JSON to C:\Dev\Starship Battles\output\saves\save game 2026-05-02 1750\designs\empire_0\qs_system_construction_accelerator_complex.json
2026-05-02 17:51:04,621 - game.strategy.quickstart_builder - DEBUG - Copied design qs_system_construction_accelerator_complex.json to empire_0
2026-05-02 17:51:04,624 - game.core.json_utils - DEBUG - Saved JSON to C:\Dev\Starship Battles\output\saves\save game 2026-05-02 1750\designs\empire_0\qs_system_damage_booster_complex.json
2026-05-02 17:51:04,624 - game.strategy.quickstart_builder - DEBUG - Copied design qs_system_damage_booster_complex.json to empire_0
2026-05-02 17:51:04,629 - game.core.json_utils - DEBUG - Saved JSON to C:\Dev\Starship Battles\output\saves\save game 2026-05-02 1750\designs\empire_0\qs_system_damage_suppressor_complex.json
2026-05-02 17:51:04,629 - game.strategy.quickstart_builder - DEBUG - Copied design qs_system_damage_suppressor_complex.json to empire_0
2026-05-02 17:51:04,633 - game.core.json_utils - DEBUG - Saved JSON to C:\Dev\Starship Battles\output\saves\save game 2026-05-02 1750\designs\empire_0\qs_system_geologic_stabilizer_complex.json
2026-05-02 17:51:04,633 - game.strategy.quickstart_builder - DEBUG - Copied design qs_system_geologic_stabilizer_complex.json to empire_0
2026-05-02 17:51:04,636 - game.core.json_utils - DEBUG - Saved JSON to C:\Dev\Starship Battles\output\saves\save game 2026-05-02 1750\designs\empire_0\qs_system_shield_booster_complex.json
2026-05-02 17:51:04,636 - game.strategy.quickstart_builder - DEBUG - Copied design qs_system_shield_booster_complex.json to empire_0
2026-05-02 17:51:04,641 - game.core.json_utils - DEBUG - Saved JSON to C:\Dev\Starship Battles\output\saves\save game 2026-05-02 1750\designs\empire_0\qs_system_shield_projector_complex.json
2026-05-02 17:51:04,641 - game.strategy.quickstart_builder - DEBUG - Copied design qs_system_shield_projector_complex.json to empire_0
2026-05-02 17:51:04,645 - game.core.json_utils - DEBUG - Saved JSON to C:\Dev\Starship Battles\output\saves\save game 2026-05-02 1750\designs\empire_0\qs_system_shield_suppressor_complex.json
2026-05-02 17:51:04,645 - game.strategy.quickstart_builder - DEBUG - Copied design qs_system_shield_suppressor_complex.json to empire_0
2026-05-02 17:51:04,649 - game.core.json_utils - DEBUG - Saved JSON to C:\Dev\Starship Battles\output\saves\save game 2026-05-02 1750\designs\empire_0\qs_vapors_complex.json
2026-05-02 17:51:04,649 - game.strategy.quickstart_builder - DEBUG - Copied design qs_vapors_complex.json to empire_0
2026-05-02 17:51:04,652 - game.core.json_utils - DEBUG - Saved JSON to C:\Dev\Starship Battles\output\saves\save game 2026-05-02 1750\designs\empire_0\qs_warp_gate_closer.json
2026-05-02 17:51:04,652 - game.strategy.quickstart_builder - DEBUG - Copied design qs_warp_gate_closer.json to empire_0
2026-05-02 17:51:04,657 - game.core.json_utils - DEBUG - Saved JSON to C:\Dev\Starship Battles\output\saves\save game 2026-05-02 1750\designs\empire_0\qs_warp_gate_opener.json
2026-05-02 17:51:04,657 - game.strategy.quickstart_builder - DEBUG - Copied design qs_warp_gate_opener.json to empire_0
2026-05-02 17:51:04,661 - game.core.json_utils - DEBUG - Saved JSON to C:\Dev\Starship Battles\output\saves\save game 2026-05-02 1750\designs\empire_0\qs_warp_stabilizer_complex.json
2026-05-02 17:51:04,661 - game.strategy.quickstart_builder - DEBUG - Copied design qs_warp_stabilizer_complex.json to empire_0
2026-05-02 17:51:04,664 - game.core.json_utils - DEBUG - Saved JSON to C:\Dev\Starship Battles\output\saves\save game 2026-05-02 1750\designs\empire_0\qs_water_modifier_complex.json
2026-05-02 17:51:04,664 - game.strategy.quickstart_builder - DEBUG - Copied design qs_water_modifier_complex.json to empire_0
2026-05-02 17:51:04,667 - game.core.json_utils - DEBUG - Saved JSON to C:\Dev\Starship Battles\output\saves\save game 2026-05-02 1750\designs\empire_1\BS Battleship GC.json
2026-05-02 17:51:04,667 - game.strategy.quickstart_builder - DEBUG - Copied design BS Battleship GC.json to empire_1
2026-05-02 17:51:04,667 - game.core.json_utils - DEBUG - Saved JSON to C:\Dev\Starship Battles\output\saves\save game 2026-05-02 1750\designs\empire_1\FR Frigate GC.json
2026-05-02 17:51:04,668 - game.strategy.quickstart_builder - DEBUG - Copied design FR Frigate GC.json to empire_1
2026-05-02 17:51:04,668 - game.core.json_utils - DEBUG - Saved JSON to C:\Dev\Starship Battles\output\saves\save game 2026-05-02 1750\designs\empire_1\qs_atmosphere_processor_complex.json
2026-05-02 17:51:04,668 - game.strategy.quickstart_builder - DEBUG - Copied design qs_atmosphere_processor_complex.json to empire_1
2026-05-02 17:51:04,669 - game.core.json_utils - DEBUG - Saved JSON to C:\Dev\Starship Battles\output\saves\save game 2026-05-02 1750\designs\empire_1\qs_battleship.json
2026-05-02 17:51:04,669 - game.strategy.quickstart_builder - DEBUG - Copied design qs_battleship.json to empire_1
2026-05-02 17:51:04,670 - game.core.json_utils - DEBUG - Saved JSON to C:\Dev\Starship Battles\output\saves\save game 2026-05-02 1750\designs\empire_1\qs_cargo_freighter.json
2026-05-02 17:51:04,670 - game.strategy.quickstart_builder - DEBUG - Copied design qs_cargo_freighter.json to empire_1
2026-05-02 17:51:04,671 - game.core.json_utils - DEBUG - Saved JSON to C:\Dev\Starship Battles\output\saves\save game 2026-05-02 1750\designs\empire_1\qs_colony_drop_pod.json
2026-05-02 17:51:04,671 - game.strategy.quickstart_builder - DEBUG - Copied design qs_colony_drop_pod.json to empire_1
2026-05-02 17:51:04,671 - game.core.json_utils - DEBUG - Saved JSON to C:\Dev\Starship Battles\output\saves\save game 2026-05-02 1750\designs\empire_1\qs_colony_ship.json
2026-05-02 17:51:04,671 - game.strategy.quickstart_builder - DEBUG - Copied design qs_colony_ship.json to empire_1
2026-05-02 17:51:04,672 - game.core.json_utils - DEBUG - Saved JSON to C:\Dev\Starship Battles\output\saves\save game 2026-05-02 1750\designs\empire_1\qs_complex.json
2026-05-02 17:51:04,672 - game.strategy.quickstart_builder - DEBUG - Copied design qs_complex.json to empire_1
2026-05-02 17:51:04,673 - game.core.json_utils - DEBUG - Saved JSON to C:\Dev\Starship Battles\output\saves\save game 2026-05-02 1750\designs\empire_1\qs_enrichment_complex.json
2026-05-02 17:51:04,673 - game.strategy.quickstart_builder - DEBUG - Copied design qs_enrichment_complex.json to empire_1
2026-05-02 17:51:04,674 - game.core.json_utils - DEBUG - Saved JSON to C:\Dev\Starship Battles\output\saves\save game 2026-05-02 1750\designs\empire_1\qs_escort.json
2026-05-02 17:51:04,674 - game.strategy.quickstart_builder - DEBUG - Copied design qs_escort.json to empire_1
2026-05-02 17:51:04,675 - game.core.json_utils - DEBUG - Saved JSON to C:\Dev\Starship Battles\output\saves\save game 2026-05-02 1750\designs\empire_1\qs_exotics_complex.json
2026-05-02 17:51:04,675 - game.strategy.quickstart_builder - DEBUG - Copied design qs_exotics_complex.json to empire_1
2026-05-02 17:51:04,676 - game.core.json_utils - DEBUG - Saved JSON to C:\Dev\Starship Battles\output\saves\save game 2026-05-02 1750\designs\empire_1\qs_frigate_gc.json
2026-05-02 17:51:04,676 - game.strategy.quickstart_builder - DEBUG - Copied design qs_frigate_gc.json to empire_1
2026-05-02 17:51:04,677 - game.core.json_utils - DEBUG - Saved JSON to C:\Dev\Starship Battles\output\saves\save game 2026-05-02 1750\designs\empire_1\qs_general_purpose.json
2026-05-02 17:51:04,677 - game.strategy.quickstart_builder - DEBUG - Copied design qs_general_purpose.json to empire_1
2026-05-02 17:51:04,678 - game.core.json_utils - DEBUG - Saved JSON to C:\Dev\Starship Battles\output\saves\save game 2026-05-02 1750\designs\empire_1\qs_geologic_stabilizer_complex.json
2026-05-02 17:51:04,678 - game.strategy.quickstart_builder - DEBUG - Copied design qs_geologic_stabilizer_complex.json to empire_1
2026-05-02 17:51:04,678 - game.core.json_utils - DEBUG - Saved JSON to C:\Dev\Starship Battles\output\saves\save game 2026-05-02 1750\designs\empire_1\qs_gravity_modifier_complex.json
2026-05-02 17:51:04,678 - game.strategy.quickstart_builder - DEBUG - Copied design qs_gravity_modifier_complex.json to empire_1
2026-05-02 17:51:04,679 - game.core.json_utils - DEBUG - Saved JSON to C:\Dev\Starship Battles\output\saves\save game 2026-05-02 1750\designs\empire_1\qs_heavy_cruiser.json
2026-05-02 17:51:04,679 - game.strategy.quickstart_builder - DEBUG - Copied design qs_heavy_cruiser.json to empire_1
2026-05-02 17:51:04,680 - game.core.json_utils - DEBUG - Saved JSON to C:\Dev\Starship Battles\output\saves\save game 2026-05-02 1750\designs\empire_1\qs_light_combat_escort.json
2026-05-02 17:51:04,680 - game.strategy.quickstart_builder - DEBUG - Copied design qs_light_combat_escort.json to empire_1
2026-05-02 17:51:04,680 - game.core.json_utils - DEBUG - Saved JSON to C:\Dev\Starship Battles\output\saves\save game 2026-05-02 1750\designs\empire_1\qs_metals_complex.json
2026-05-02 17:51:04,680 - game.strategy.quickstart_builder - DEBUG - Copied design qs_metals_complex.json to empire_1
2026-05-02 17:51:04,681 - game.core.json_utils - DEBUG - Saved JSON to C:\Dev\Starship Battles\output\saves\save game 2026-05-02 1750\designs\empire_1\qs_missile_cruiser.json
2026-05-02 17:51:04,681 - game.strategy.quickstart_builder - DEBUG - Copied design qs_missile_cruiser.json to empire_1
2026-05-02 17:51:04,682 - game.core.json_utils - DEBUG - Saved JSON to C:\Dev\Starship Battles\output\saves\save game 2026-05-02 1750\designs\empire_1\qs_organics_complex.json
2026-05-02 17:51:04,682 - game.strategy.quickstart_builder - DEBUG - Copied design qs_organics_complex.json to empire_1
2026-05-02 17:51:04,683 - game.core.json_utils - DEBUG - Saved JSON to C:\Dev\Starship Battles\output\saves\save game 2026-05-02 1750\designs\empire_1\qs_planet_destroyer.json
2026-05-02 17:51:04,683 - game.strategy.quickstart_builder - DEBUG - Copied design qs_planet_destroyer.json to empire_1
2026-05-02 17:51:04,683 - game.core.json_utils - DEBUG - Saved JSON to C:\Dev\Starship Battles\output\saves\save game 2026-05-02 1750\designs\empire_1\qs_radiation_shield_complex.json
2026-05-02 17:51:04,683 - game.strategy.quickstart_builder - DEBUG - Copied design qs_radiation_shield_complex.json to empire_1
2026-05-02 17:51:04,684 - game.core.json_utils - DEBUG - Saved JSON to C:\Dev\Starship Battles\output\saves\save game 2026-05-02 1750\designs\empire_1\qs_radioactives_complex.json
2026-05-02 17:51:04,684 - game.strategy.quickstart_builder - DEBUG - Copied design qs_radioactives_complex.json to empire_1
2026-05-02 17:51:04,685 - game.core.json_utils - DEBUG - Saved JSON to C:\Dev\Starship Battles\output\saves\save game 2026-05-02 1750\designs\empire_1\qs_resupply_depot.json
2026-05-02 17:51:04,685 - game.strategy.quickstart_builder - DEBUG - Copied design qs_resupply_depot.json to empire_1
2026-05-02 17:51:04,686 - game.core.json_utils - DEBUG - Saved JSON to C:\Dev\Starship Battles\output\saves\save game 2026-05-02 1750\designs\empire_1\qs_sector_construction_accelerator_complex.json
2026-05-02 17:51:04,686 - game.strategy.quickstart_builder - DEBUG - Copied design qs_sector_construction_accelerator_complex.json to empire_1
2026-05-02 17:51:04,687 - game.core.json_utils - DEBUG - Saved JSON to C:\Dev\Starship Battles\output\saves\save game 2026-05-02 1750\designs\empire_1\qs_sector_damage_booster_complex.json
2026-05-02 17:51:04,687 - game.strategy.quickstart_builder - DEBUG - Copied design qs_sector_damage_booster_complex.json to empire_1
2026-05-02 17:51:04,687 - game.core.json_utils - DEBUG - Saved JSON to C:\Dev\Starship Battles\output\saves\save game 2026-05-02 1750\designs\empire_1\qs_sector_damage_suppressor_complex.json
2026-05-02 17:51:04,687 - game.strategy.quickstart_builder - DEBUG - Copied design qs_sector_damage_suppressor_complex.json to empire_1
2026-05-02 17:51:04,688 - game.core.json_utils - DEBUG - Saved JSON to C:\Dev\Starship Battles\output\saves\save game 2026-05-02 1750\designs\empire_1\qs_sector_shield_booster_complex.json
2026-05-02 17:51:04,688 - game.strategy.quickstart_builder - DEBUG - Copied design qs_sector_shield_booster_complex.json to empire_1
2026-05-02 17:51:04,689 - game.core.json_utils - DEBUG - Saved JSON to C:\Dev\Starship Battles\output\saves\save game 2026-05-02 1750\designs\empire_1\qs_sector_shield_projector_complex.json
2026-05-02 17:51:04,689 - game.strategy.quickstart_builder - DEBUG - Copied design qs_sector_shield_projector_complex.json to empire_1
2026-05-02 17:51:04,689 - game.core.json_utils - DEBUG - Saved JSON to C:\Dev\Starship Battles\output\saves\save game 2026-05-02 1750\designs\empire_1\qs_sector_shield_suppressor_complex.json
2026-05-02 17:51:04,689 - game.strategy.quickstart_builder - DEBUG - Copied design qs_sector_shield_suppressor_complex.json to empire_1
2026-05-02 17:51:04,690 - game.core.json_utils - DEBUG - Saved JSON to C:\Dev\Starship Battles\output\saves\save game 2026-05-02 1750\designs\empire_1\qs_sphere_builder.json
2026-05-02 17:51:04,690 - game.strategy.quickstart_builder - DEBUG - Copied design qs_sphere_builder.json to empire_1
2026-05-02 17:51:04,691 - game.core.json_utils - DEBUG - Saved JSON to C:\Dev\Starship Battles\output\saves\save game 2026-05-02 1750\designs\empire_1\qs_star_destroyer.json
2026-05-02 17:51:04,691 - game.strategy.quickstart_builder - DEBUG - Copied design qs_star_destroyer.json to empire_1
2026-05-02 17:51:04,691 - game.core.json_utils - DEBUG - Saved JSON to C:\Dev\Starship Battles\output\saves\save game 2026-05-02 1750\designs\empire_1\qs_stellar_stabilizer_complex.json
2026-05-02 17:51:04,691 - game.strategy.quickstart_builder - DEBUG - Copied design qs_stellar_stabilizer_complex.json to empire_1
2026-05-02 17:51:04,692 - game.core.json_utils - DEBUG - Saved JSON to C:\Dev\Starship Battles\output\saves\save game 2026-05-02 1750\designs\empire_1\qs_system_construction_accelerator_complex.json
2026-05-02 17:51:04,692 - game.strategy.quickstart_builder - DEBUG - Copied design qs_system_construction_accelerator_complex.json to empire_1
2026-05-02 17:51:04,693 - game.core.json_utils - DEBUG - Saved JSON to C:\Dev\Starship Battles\output\saves\save game 2026-05-02 1750\designs\empire_1\qs_system_damage_booster_complex.json
2026-05-02 17:51:04,693 - game.strategy.quickstart_builder - DEBUG - Copied design qs_system_damage_booster_complex.json to empire_1
2026-05-02 17:51:04,693 - game.core.json_utils - DEBUG - Saved JSON to C:\Dev\Starship Battles\output\saves\save game 2026-05-02 1750\designs\empire_1\qs_system_damage_suppressor_complex.json
2026-05-02 17:51:04,693 - game.strategy.quickstart_builder - DEBUG - Copied design qs_system_damage_suppressor_complex.json to empire_1
2026-05-02 17:51:04,694 - game.core.json_utils - DEBUG - Saved JSON to C:\Dev\Starship Battles\output\saves\save game 2026-05-02 1750\designs\empire_1\qs_system_geologic_stabilizer_complex.json
2026-05-02 17:51:04,694 - game.strategy.quickstart_builder - DEBUG - Copied design qs_system_geologic_stabilizer_complex.json to empire_1
2026-05-02 17:51:04,695 - game.core.json_utils - DEBUG - Saved JSON to C:\Dev\Starship Battles\output\saves\save game 2026-05-02 1750\designs\empire_1\qs_system_shield_booster_complex.json
2026-05-02 17:51:04,695 - game.strategy.quickstart_builder - DEBUG - Copied design qs_system_shield_booster_complex.json to empire_1
2026-05-02 17:51:04,696 - game.core.json_utils - DEBUG - Saved JSON to C:\Dev\Starship Battles\output\saves\save game 2026-05-02 1750\designs\empire_1\qs_system_shield_projector_complex.json
2026-05-02 17:51:04,696 - game.strategy.quickstart_builder - DEBUG - Copied design qs_system_shield_projector_complex.json to empire_1
2026-05-02 17:51:04,696 - game.core.json_utils - DEBUG - Saved JSON to C:\Dev\Starship Battles\output\saves\save game 2026-05-02 1750\designs\empire_1\qs_system_shield_suppressor_complex.json
2026-05-02 17:51:04,696 - game.strategy.quickstart_builder - DEBUG - Copied design qs_system_shield_suppressor_complex.json to empire_1
2026-05-02 17:51:04,697 - game.core.json_utils - DEBUG - Saved JSON to C:\Dev\Starship Battles\output\saves\save game 2026-05-02 1750\designs\empire_1\qs_vapors_complex.json
2026-05-02 17:51:04,697 - game.strategy.quickstart_builder - DEBUG - Copied design qs_vapors_complex.json to empire_1
2026-05-02 17:51:04,698 - game.core.json_utils - DEBUG - Saved JSON to C:\Dev\Starship Battles\output\saves\save game 2026-05-02 1750\designs\empire_1\qs_warp_gate_closer.json
2026-05-02 17:51:04,698 - game.strategy.quickstart_builder - DEBUG - Copied design qs_warp_gate_closer.json to empire_1
2026-05-02 17:51:04,699 - game.core.json_utils - DEBUG - Saved JSON to C:\Dev\Starship Battles\output\saves\save game 2026-05-02 1750\designs\empire_1\qs_warp_gate_opener.json
2026-05-02 17:51:04,699 - game.strategy.quickstart_builder - DEBUG - Copied design qs_warp_gate_opener.json to empire_1
2026-05-02 17:51:04,700 - game.core.json_utils - DEBUG - Saved JSON to C:\Dev\Starship Battles\output\saves\save game 2026-05-02 1750\designs\empire_1\qs_warp_stabilizer_complex.json
2026-05-02 17:51:04,700 - game.strategy.quickstart_builder - DEBUG - Copied design qs_warp_stabilizer_complex.json to empire_1
2026-05-02 17:51:04,700 - game.core.json_utils - DEBUG - Saved JSON to C:\Dev\Starship Battles\output\saves\save game 2026-05-02 1750\designs\empire_1\qs_water_modifier_complex.json
2026-05-02 17:51:04,700 - game.strategy.quickstart_builder - DEBUG - Copied design qs_water_modifier_complex.json to empire_1
2026-05-02 17:51:04,700 - game.strategy.quickstart_builder - INFO - Copied 45 designs to 2 empires
2026-05-02 17:51:04,700 - game.strategy.systems.design_library - DEBUG - DesignLibrary.__init__ called:
2026-05-02 17:51:04,700 - game.strategy.systems.design_library - DEBUG -   savegame_path: C:\Dev\Starship Battles\output\saves\save game 2026-05-02 1750
2026-05-02 17:51:04,700 - game.strategy.systems.design_library - DEBUG -   empire_id: 0
2026-05-02 17:51:04,700 - game.strategy.systems.design_library - INFO - DesignLibrary: Using savegame designs folder: C:\Dev\Starship Battles\output\saves\save game 2026-05-02 1750\designs\empire_0
2026-05-02 17:51:04,700 - game.strategy.systems.design_library - DEBUG - DesignLibrary: Ensured designs folder exists: C:\Dev\Starship Battles\output\saves\save game 2026-05-02 1750\designs\empire_0
2026-05-02 17:51:04,705 - game.strategy.quickstart_builder - INFO - Spawned QS Complex on Ronamar I (Empire 0)
2026-05-02 17:51:04,709 - game.strategy.quickstart_builder - INFO - Spawned QS Metals Complex on Ronamar I (Empire 0)
2026-05-02 17:51:04,712 - game.strategy.quickstart_builder - INFO - Spawned QS Organics Complex on Ronamar I (Empire 0)
2026-05-02 17:51:04,715 - game.strategy.quickstart_builder - INFO - Spawned QS Vapors Complex on Ronamar I (Empire 0)
2026-05-02 17:51:04,718 - game.strategy.quickstart_builder - INFO - Spawned QS Radioactives Complex on Ronamar I (Empire 0)
2026-05-02 17:51:04,721 - game.strategy.quickstart_builder - INFO - Spawned QS Exotics Complex on Ronamar I (Empire 0)
2026-05-02 17:51:04,724 - game.strategy.quickstart_builder - INFO - Spawned QS Resupply Depot on Ronamar I (Empire 0)
2026-05-02 17:51:04,727 - game.strategy.quickstart_builder - INFO - Spawned QS Geologic Stabilizer Complex on Ronamar I (Empire 0)
2026-05-02 17:51:04,727 - game.strategy.systems.design_library - DEBUG - DesignLibrary.__init__ called:
2026-05-02 17:51:04,727 - game.strategy.systems.design_library - DEBUG -   savegame_path: C:\Dev\Starship Battles\output\saves\save game 2026-05-02 1750
2026-05-02 17:51:04,728 - game.strategy.systems.design_library - DEBUG -   empire_id: 1
2026-05-02 17:51:04,728 - game.strategy.systems.design_library - INFO - DesignLibrary: Using savegame designs folder: C:\Dev\Starship Battles\output\saves\save game 2026-05-02 1750\designs\empire_1
2026-05-02 17:51:04,728 - game.strategy.systems.design_library - DEBUG - DesignLibrary: Ensured designs folder exists: C:\Dev\Starship Battles\output\saves\save game 2026-05-02 1750\designs\empire_1
2026-05-02 17:51:04,731 - game.strategy.quickstart_builder - INFO - Spawned QS Complex on Gothenburg I (Empire 1)
2026-05-02 17:51:04,734 - game.strategy.quickstart_builder - INFO - Spawned QS Metals Complex on Gothenburg I (Empire 1)
2026-05-02 17:51:04,737 - game.strategy.quickstart_builder - INFO - Spawned QS Organics Complex on Gothenburg I (Empire 1)
2026-05-02 17:51:04,740 - game.strategy.quickstart_builder - INFO - Spawned QS Vapors Complex on Gothenburg I (Empire 1)
2026-05-02 17:51:04,743 - game.strategy.quickstart_builder - INFO - Spawned QS Radioactives Complex on Gothenburg I (Empire 1)
2026-05-02 17:51:04,746 - game.strategy.quickstart_builder - INFO - Spawned QS Exotics Complex on Gothenburg I (Empire 1)
2026-05-02 17:51:04,747 - game.strategy.quickstart_builder - INFO - Spawned QS Resupply Depot on Gothenburg I (Empire 1)
2026-05-02 17:51:04,750 - game.strategy.quickstart_builder - INFO - Spawned QS Geologic Stabilizer Complex on Gothenburg I (Empire 1)
2026-05-02 17:51:04,929 - game.assets.asset_manager - INFO - Loaded asset manifest from C:\Dev\Starship Battles\assets\asset_manifest.json
2026-05-02 17:51:05,076 - game.core.json_utils - DEBUG - JSON file not found: C:\Dev\Starship Battles\output\settings\game_settings.json
2026-05-02 17:51:05,076 - game.core.state_machine - DEBUG - State transition: <GameState.MENU: 0> -> <GameState.STRATEGY: 6>
2026-05-02 17:51:07,938 - game.strategy.systems.race_library - DEBUG - RaceLibrary initialized with folder: C:\Dev\Starship Battles\output\races
2026-05-02 17:51:07,938 - game.strategy.facade.slices.economy_slice - WARNING - facade._resolve_economy_config: session has no economy_config; falling back to get_default_economy_config()
2026-05-02 17:52:39,224 - game.strategy.facade.slices.economy_slice - WARNING - facade._resolve_economy_config: session has no economy_config; falling back to get_default_economy_config()
2026-05-02 17:52:50,142 - game.core.json_utils - DEBUG - Saved JSON to C:\Dev\Starship Battles\output\logs\profiling_history.json
2026-05-02 17:52:50,142 - game.core.profiling - INFO - Saved 14 records to C:\Dev\Starship Battles\output\logs\profiling_history.json
