2026-05-02 17:49:48 - CombatLab - DEBUG - Combat Lab logging initialized
2026-05-02 17:49:48 - CombatLab - DEBUG - Log file: C:\Dev\Starship Battles\output\logs\combat_lab.log
2026-05-02 17:49:48 - CombatLab - DEBUG - Console level: WARNING
2026-05-02 17:49:58 - CombatLab.combat_lab.registry - DEBUG - Registered scenario: ARMOR-LAYER-001 - 1B Armor Absorbs All — Core Untouched
2026-05-02 17:49:58 - CombatLab.combat_lab.registry - DEBUG - Registered scenario: ARMOR-LAYER-002 - 100 HP Armor Depletes, Overflows to Core
2026-05-02 17:49:58 - CombatLab.combat_lab.registry - DEBUG - Registered scenario: ARMOR-LAYER-003 - 2x 100 HP Armor Stacks Additively
2026-05-02 17:49:58 - CombatLab.combat_lab.registry - DEBUG - Registered scenario: BEAMWEAPON-RES-003 - Beam Functions With Energy (Control)
2026-05-02 17:49:58 - CombatLab.combat_lab.registry - DEBUG - Registered scenario: BEAMWEAPON-010 - Defense Penalty — Erratic vs Stationary at Max Range
2026-05-02 17:49:58 - CombatLab.combat_lab.registry - DEBUG - Registered scenario: BEAMWEAPON-009 - Defense Penalty — Erratic vs Stationary at Mid Range
2026-05-02 17:49:58 - CombatLab.combat_lab.registry - DEBUG - Registered scenario: BEAMWEAPON-008-HT - High Accuracy Beam - Max Range (720.5px surface) [10k Ticks]
2026-05-02 17:49:58 - CombatLab.combat_lab.registry - DEBUG - Registered scenario: BEAMWEAPON-008 - High Accuracy Beam - Max Range (720.5px surface)
2026-05-02 17:49:58 - CombatLab.combat_lab.registry - DEBUG - Registered scenario: BEAMWEAPON-007-HT - High Accuracy Beam - Point Blank (70.5px surface) [10k Ticks]
2026-05-02 17:49:58 - CombatLab.combat_lab.registry - DEBUG - Registered scenario: BEAMWEAPON-007 - High Accuracy Beam - Point Blank (70.5px surface)
2026-05-02 17:49:58 - CombatLab.combat_lab.registry - DEBUG - Registered scenario: BEAMWEAPON-003-HT - Low Accuracy Beam - Max Range (720.5px surface) [10k Ticks]
2026-05-02 17:49:58 - CombatLab.combat_lab.registry - DEBUG - Registered scenario: BEAMWEAPON-003 - Low Accuracy Beam - Max Range (720.5px surface)
2026-05-02 17:49:58 - CombatLab.combat_lab.registry - DEBUG - Registered scenario: BEAMWEAPON-002-HT - Low Accuracy Beam - Mid Range (370.5px surface) [100k Ticks]
2026-05-02 17:49:58 - CombatLab.combat_lab.registry - DEBUG - Registered scenario: BEAMWEAPON-002 - Low Accuracy Beam - Mid Range (370.5px surface)
2026-05-02 17:49:58 - CombatLab.combat_lab.registry - DEBUG - Registered scenario: BEAMWEAPON-001-HT - Low Accuracy Beam - Point Blank (70.5px surface) [100k Ticks]
2026-05-02 17:49:58 - CombatLab.combat_lab.registry - DEBUG - Registered scenario: BEAMWEAPON-001 - Low Accuracy Beam - Point Blank (70.5px surface)
2026-05-02 17:49:58 - CombatLab.combat_lab.registry - DEBUG - Registered scenario: BEAMWEAPON-006-HT - Medium Accuracy Beam - Max Range (720.5px surface) [10k Ticks]
2026-05-02 17:49:58 - CombatLab.combat_lab.registry - DEBUG - Registered scenario: BEAMWEAPON-006 - Medium Accuracy Beam - Max Range (720.5px surface)
2026-05-02 17:49:58 - CombatLab.combat_lab.registry - DEBUG - Registered scenario: BEAMWEAPON-005-HT - Medium Accuracy Beam - Mid Range (370.5px surface) [10k Ticks]
2026-05-02 17:49:58 - CombatLab.combat_lab.registry - DEBUG - Registered scenario: BEAMWEAPON-005 - Medium Accuracy Beam - Mid Range (370.5px surface)
2026-05-02 17:49:58 - CombatLab.combat_lab.registry - DEBUG - Registered scenario: BEAMWEAPON-004-HT - Medium Accuracy Beam - Point Blank (70.5px surface) [10k Ticks]
2026-05-02 17:49:58 - CombatLab.combat_lab.registry - DEBUG - Registered scenario: BEAMWEAPON-004 - Medium Accuracy Beam - Point Blank (70.5px surface)
2026-05-02 17:49:58 - CombatLab.combat_lab.registry - DEBUG - Registered scenario: BEAMWEAPON-011 - Beam Out of Range - No Hits (870.5px surface > 800px max)
2026-05-02 17:49:58 - CombatLab.combat_lab.registry - DEBUG - Registered scenario: BEAMWEAPON-RES-002 - Beam Stops At 50% Energy
2026-05-02 17:49:58 - CombatLab.combat_lab.registry - DEBUG - Registered scenario: BEAMWEAPON-RES-001 - Beam Stops Without Energy
2026-05-02 17:49:58 - CombatLab.combat_lab.registry - DEBUG - Registered scenario: BEAMWEAPON-RES-METALS-002 - Beam With Metals Control
2026-05-02 17:49:58 - CombatLab.combat_lab.registry - DEBUG - Registered scenario: BEAMWEAPON-RES-METALS-001 - Beam With Metals Fires
2026-05-02 17:49:58 - CombatLab.combat_lab.registry - DEBUG - Registered scenario: CNC-001 - Beam Weapon Disabled Without C&C
2026-05-02 17:49:58 - CombatLab.combat_lab.registry - DEBUG - Registered scenario: CNC-005 - Bridge Destroyed Mid-Battle Disables Weapons
2026-05-02 17:49:58 - CombatLab.combat_lab.registry - DEBUG - Registered scenario: CNC-006 - Bridge Redundancy — Second Bridge Maintains C&C
2026-05-02 17:49:58 - CombatLab.combat_lab.registry - DEBUG - Registered scenario: CNC-004 - Engine Disabled Without C&C — No Movement
2026-05-02 17:49:58 - CombatLab.combat_lab.registry - DEBUG - Registered scenario: CNC-002 - Projectile Weapon Disabled Without C&C
2026-05-02 17:49:58 - CombatLab.combat_lab.registry - DEBUG - Registered scenario: CNC-003 - Shield Disabled Without C&C
2026-05-02 17:49:58 - CombatLab.combat_lab.registry - DEBUG - Registered scenario: PIPELINE-003 - Emissive + SRA Layered Defense (No Shields)
2026-05-02 17:49:58 - CombatLab.combat_lab.registry - DEBUG - Registered scenario: PIPELINE-005 - Shield Regen Extends Full Pipeline Protection
2026-05-02 17:49:58 - CombatLab.combat_lab.registry - DEBUG - Registered scenario: PIPELINE-004 - Full Pipeline vs No Defenses
2026-05-02 17:49:58 - CombatLab.combat_lab.registry - DEBUG - Registered scenario: PIPELINE-007 - SRA Cap Overflow With High-Damage Beam
2026-05-02 17:49:58 - CombatLab.combat_lab.registry - DEBUG - Registered scenario: PIPELINE-001 - Shield + Emissive Armor Reduces Hull Damage
2026-05-02 17:49:58 - CombatLab.combat_lab.registry - DEBUG - Registered scenario: PIPELINE-002 - Shield + SRA Recharge Cycle
2026-05-02 17:49:58 - CombatLab.combat_lab.registry - DEBUG - Registered scenario: EMISSIVE-001 - EmissiveArmor Blocks Low Damage
2026-05-02 17:49:58 - CombatLab.combat_lab.registry - DEBUG - Registered scenario: EMISSIVE-004 - Different Groups Stack Additively
2026-05-02 17:49:58 - CombatLab.combat_lab.registry - DEBUG - Registered scenario: EMISSIVE-007 - Damage Exactly Equals Emissive Value
2026-05-02 17:49:58 - CombatLab.combat_lab.registry - DEBUG - Registered scenario: EMISSIVE-005 - Negative EmissiveArmor Reduces Protection
2026-05-02 17:49:58 - CombatLab.combat_lab.registry - DEBUG - Registered scenario: EMISSIVE-002 - EmissiveArmor Reduces High Damage
2026-05-02 17:49:58 - CombatLab.combat_lab.registry - DEBUG - Registered scenario: EMISSIVE-003 - Same Group Does Not Stack
2026-05-02 17:49:58 - CombatLab.combat_lab.registry - DEBUG - Registered scenario: EMISSIVE-006 - Three Same-Group Components Do Not Stack
2026-05-02 17:49:58 - CombatLab.combat_lab.registry - DEBUG - Registered scenario: MOD-ACC-001 - Stat gate — modifier applied (accuracy 2.0→3.0)
2026-05-02 17:49:58 - CombatLab.combat_lab.registry - DEBUG - Registered scenario: MOD-ACC-002 - Mid-range statistical comparison (400px)
2026-05-02 17:49:58 - CombatLab.combat_lab.registry - DEBUG - Registered scenario: MOD-ACC-003 - Range-dependent effect — modifier matters more at 750px
2026-05-02 17:49:58 - CombatLab.combat_lab.registry - DEBUG - Registered scenario: MOD-ACC-004 - Negative penalty reduces hit rate at mid-range
2026-05-02 17:49:58 - CombatLab.combat_lab.registry - DEBUG - Registered scenario: MOD-ACC-005 - Long-range effectiveness (750px)
2026-05-02 17:49:58 - CombatLab.combat_lab.registry - DEBUG - Registered scenario: MOD-ARC-001 - Stat gate — arc set to 180° (target ahead)
2026-05-02 17:49:58 - CombatLab.combat_lab.registry - DEBUG - Registered scenario: MOD-ARC-002 - Forward target — 360° and 90° both hit
2026-05-02 17:49:58 - CombatLab.combat_lab.registry - DEBUG - Registered scenario: MOD-ARC-003 - Target outside arc — attacker facing away, 0 damage
2026-05-02 17:49:58 - CombatLab.combat_lab.registry - DEBUG - Registered scenario: MOD-ARC-004 - Arc restriction — 360° hits behind, 90° does not (binary)
2026-05-02 17:49:58 - CombatLab.combat_lab.registry - DEBUG - Registered scenario: MOD-ARC-005 - Set semantics — override, not multiply/add
2026-05-02 17:49:58 - CombatLab.combat_lab.registry - DEBUG - Registered scenario: MOD-CONSUME-004 - Consumption Increase — weapon fires fewer shots
2026-05-02 17:49:58 - CombatLab.combat_lab.registry - DEBUG - Registered scenario: MOD-CONSUME-002 - Consumption Modifier Doubles Damage
2026-05-02 17:49:58 - CombatLab.combat_lab.registry - DEBUG - Registered scenario: MOD-CONSUME-003 - Consumption Modifier Doubles Shots Fired
2026-05-02 17:49:58 - CombatLab.combat_lab.registry - DEBUG - Registered scenario: MOD-CONSUME-001 - Consumption Modifier Smoke Test
2026-05-02 17:49:58 - CombatLab.combat_lab.registry - DEBUG - Registered scenario: MOD-DMG-001 - Stat gate — damage boosted (1->1.5)
2026-05-02 17:49:58 - CombatLab.combat_lab.registry - DEBUG - Registered scenario: MOD-DMG-002 - Damage ratio — 1.5x boost produces 1.5x total damage
2026-05-02 17:49:58 - CombatLab.combat_lab.registry - DEBUG - Registered scenario: MOD-DMG-003 - Extreme ratio — 10.0x vs 1.0x = 10.0x damage ratio
2026-05-02 17:49:58 - CombatLab.combat_lab.registry - DEBUG - Registered scenario: MOD-DMG-004 - Negative penalty — 0.5x damage halves total damage
2026-05-02 17:49:58 - CombatLab.combat_lab.registry - DEBUG - Registered scenario: MOD-DMG-005 - Range-independent — ratio holds at 400px
2026-05-02 17:49:58 - CombatLab.combat_lab.registry - DEBUG - Registered scenario: MOD-ENDUR-001 - Stat gate — boost doubles endurance (3.0->6.0s)
2026-05-02 17:49:58 - CombatLab.combat_lab.registry - DEBUG - Registered scenario: MOD-ENDUR-002 - Boost extends range — base expires at 4000px, boosted reaches
2026-05-02 17:49:58 - CombatLab.combat_lab.registry - DEBUG - Registered scenario: MOD-ENDUR-003 - Near-limit reach — both hit at 2500px
2026-05-02 17:49:58 - CombatLab.combat_lab.registry - DEBUG - Registered scenario: MOD-ENDUR-004 - Penalty shortens range — penalized expires at 2000px, base reaches
2026-05-02 17:49:58 - CombatLab.combat_lab.registry - DEBUG - Registered scenario: MOD-ENDUR-005 - Stat gate — penalty halves endurance (3.0->1.5s)
2026-05-02 17:49:58 - CombatLab.combat_lab.registry - DEBUG - Registered scenario: MOD-RANGE-003 - Range boost 2x — target at 900px (beyond base range)
2026-05-02 17:49:58 - CombatLab.combat_lab.registry - DEBUG - Registered scenario: MOD-RANGE-004 - Comparison: unmodified vs range-boosted at 1200px
2026-05-02 17:49:58 - CombatLab.combat_lab.registry - DEBUG - Registered scenario: MOD-RANGE-001 - Range boost 2x — target at 1200px (in range)
2026-05-02 17:49:58 - CombatLab.combat_lab.registry - DEBUG - Registered scenario: MOD-RANGE-005 - Range boost 2x — target at 1700px (out of range)
2026-05-02 17:49:58 - CombatLab.combat_lab.registry - DEBUG - Registered scenario: MOD-RANGE-002 - Unmodified beam — range identity (800px)
2026-05-02 17:49:58 - CombatLab.combat_lab.registry - DEBUG - Registered scenario: MOD-RANGE-006 - Range penalty 0.5x — target at 600px (beyond penalized range)
2026-05-02 17:49:58 - CombatLab.combat_lab.registry - DEBUG - Registered scenario: MOD-RELOAD-001 - Stat gate — reload halved (0.1->0.05s)
2026-05-02 17:49:58 - CombatLab.combat_lab.registry - DEBUG - Registered scenario: MOD-RELOAD-002 - Shot count — boosted fires ~2x more shots
2026-05-02 17:49:58 - CombatLab.combat_lab.registry - DEBUG - Registered scenario: MOD-RELOAD-003 - Damage ratio — boosted deals ~2x damage
2026-05-02 17:49:58 - CombatLab.combat_lab.registry - DEBUG - Registered scenario: MOD-RELOAD-004 - Penalty reduces fire rate — penalized fires ~half as many shots
2026-05-02 17:49:58 - CombatLab.combat_lab.registry - DEBUG - Registered scenario: MOD-RELOAD-005 - Stat gate — penalty doubles reload (0.1->0.2s)
2026-05-02 17:49:58 - CombatLab.combat_lab.registry - DEBUG - Registered scenario: MOD-STACK-001 - Stat gate — compound damage (1.5 * 2.0 = 3.0)
2026-05-02 17:49:58 - CombatLab.combat_lab.registry - DEBUG - Registered scenario: MOD-STACK-002 - Independent stats — both modifiers active in combat
2026-05-02 17:49:58 - CombatLab.combat_lab.registry - DEBUG - Registered scenario: MOD-STACK-003 - Compound ratio — dual(3.0x) vs single(1.5x) = 2.0x
2026-05-02 17:49:58 - CombatLab.combat_lab.registry - DEBUG - Registered scenario: MOD-STACK-004 - Combined effect at 400px — calculated ratio ≈ 1.74x
2026-05-02 17:49:58 - CombatLab.combat_lab.registry - DEBUG - Registered scenario: MOD-STACK-005 - Compound vs additive — ratio is 3.0x not 3.5x
2026-05-02 17:49:58 - CombatLab.combat_lab.registry - DEBUG - Registered scenario: MOD-THRUST-004 - Thrust modifier produces correct acceleration_rate
2026-05-02 17:49:58 - CombatLab.combat_lab.registry - DEBUG - Registered scenario: MOD-THRUST-002 - Baseline engine without thrust modifier
2026-05-02 17:49:58 - CombatLab.combat_lab.registry - DEBUG - Registered scenario: MOD-THRUST-003 - Thrust modifier produces faster movement
2026-05-02 17:49:58 - CombatLab.combat_lab.registry - DEBUG - Registered scenario: MOD-THRUST-005 - Penalty halves thrust
2026-05-02 17:49:58 - CombatLab.combat_lab.registry - DEBUG - Registered scenario: MOD-THRUST-001 - Thrust modifier doubles thrust and max_speed
2026-05-02 17:49:58 - CombatLab.combat_lab.registry - DEBUG - Registered scenario: PROJECTILE-RES-003 - Projectile Functions With Ammo (Control)
2026-05-02 17:49:58 - CombatLab.combat_lab.registry - DEBUG - Registered scenario: PROJECTILE-DMG-010 - Projectile Damage - Close Range (100px / 10%)
2026-05-02 17:49:58 - CombatLab.combat_lab.registry - DEBUG - Registered scenario: PROJECTILE-DMG-090 - Projectile Damage - Long Range (900px / 90%)
2026-05-02 17:49:58 - CombatLab.combat_lab.registry - DEBUG - Registered scenario: PROJECTILE-DMG-050 - Projectile Damage - Mid Range (500px / 50%)
2026-05-02 17:49:58 - CombatLab.combat_lab.registry - DEBUG - Registered scenario: PROJECTILE-005 - Projectile vs Erratic Large Target (300px)
2026-05-02 17:49:58 - CombatLab.combat_lab.registry - DEBUG - Registered scenario: PROJECTILE-004 - Projectile vs Erratic Small Target (300px)
2026-05-02 17:49:58 - CombatLab.combat_lab.registry - DEBUG - Registered scenario: PROJECTILE-003 - Projectile vs Fast Linear Target (crossing)
2026-05-02 17:49:58 - CombatLab.combat_lab.registry - DEBUG - Registered scenario: PROJECTILE-002 - Projectile vs Slow Linear Target (crossing)
2026-05-02 17:49:58 - CombatLab.combat_lab.registry - DEBUG - Registered scenario: PROJECTILE-006 - Projectile Out of Range (1200px > 1000px max)
2026-05-02 17:49:58 - CombatLab.combat_lab.registry - DEBUG - Registered scenario: PROJECTILE-001 - Projectile vs Stationary - Point Blank (200px)
2026-05-02 17:49:58 - CombatLab.combat_lab.registry - DEBUG - Registered scenario: PROJECTILE-RES-002 - Projectile Stops At 50% Ammo
2026-05-02 17:49:58 - CombatLab.combat_lab.registry - DEBUG - Registered scenario: PROJECTILE-RES-001 - Projectile Stops Without Ammo
2026-05-02 17:49:58 - CombatLab.combat_lab.registry - DEBUG - Registered scenario: PROJECTILE-RES-METALS-002 - Projectile With Metals Control
2026-05-02 17:49:58 - CombatLab.combat_lab.registry - DEBUG - Registered scenario: PROJECTILE-RES-METALS-001 - Projectile With Metals Fires
2026-05-02 17:49:58 - CombatLab.combat_lab.registry - DEBUG - Registered scenario: PROP-001c - Dual engines stack thrust
2026-05-02 17:49:58 - CombatLab.combat_lab.registry - DEBUG - Registered scenario: PROP-004b - Dual thrusters stack turn rate
2026-05-02 17:49:58 - CombatLab.combat_lab.registry - DEBUG - Registered scenario: PROP-001 - Engine provides thrust - ship accelerates
2026-05-02 17:49:58 - CombatLab.combat_lab.registry - DEBUG - Registered scenario: PROP-005 - Mass affects turn rate
2026-05-02 17:49:58 - CombatLab.combat_lab.registry - DEBUG - Registered scenario: PROP-001b - Ship without engine stays stationary
2026-05-02 17:49:58 - CombatLab.combat_lab.registry - DEBUG - Registered scenario: PROP-002 - Thrust/mass ratio affects max speed
2026-05-02 17:49:58 - CombatLab.combat_lab.registry - DEBUG - Registered scenario: PROP-003b - Thruster-only ship rotates but cannot translate
2026-05-02 17:49:58 - CombatLab.combat_lab.registry - DEBUG - Registered scenario: PROP-004 - Turn rate allows rotation
2026-05-02 17:49:58 - CombatLab.combat_lab.registry - DEBUG - Registered scenario: PROP-003 - Thruster provides turn rate
2026-05-02 17:49:58 - CombatLab.combat_lab.registry - DEBUG - Registered scenario: RESOURCE-004 - Beam Weapon Energy Consumption
2026-05-02 17:49:58 - CombatLab.combat_lab.registry - DEBUG - Registered scenario: RESOURCE-005 - Beam Energy Depletion
2026-05-02 17:49:58 - CombatLab.combat_lab.registry - DEBUG - Registered scenario: RESOURCE-005a - Energy Regeneration Sustains Weapon
2026-05-02 17:49:58 - CombatLab.combat_lab.registry - DEBUG - Registered scenario: RESOURCE-009 - Energy Contention — Beam + Shield Regen Share Pool
2026-05-02 17:49:58 - CombatLab.combat_lab.registry - DEBUG - Registered scenario: RESOURCE-001 - Engine Fuel Consumption
2026-05-02 17:49:58 - CombatLab.combat_lab.registry - DEBUG - Registered scenario: RESOURCE-002 - Engine Fuel Depletion (Starvation)
2026-05-02 17:49:58 - CombatLab.combat_lab.registry - DEBUG - Registered scenario: RESOURCE-003 - Fuel Generation Sustains Movement
2026-05-02 17:49:58 - CombatLab.combat_lab.registry - DEBUG - Registered scenario: RESOURCE-006 - Projectile Ammo Consumption
2026-05-02 17:49:58 - CombatLab.combat_lab.registry - DEBUG - Registered scenario: RESOURCE-007 - Projectile Ammo Depletion
2026-05-02 17:49:58 - CombatLab.combat_lab.registry - DEBUG - Registered scenario: RESOURCE-008 - Seeker Ammo Consumption
2026-05-02 17:49:58 - CombatLab.combat_lab.registry - DEBUG - Registered scenario: SEEKER-RES-003 - Ammo Control (Identical Setups)
2026-05-02 17:49:58 - CombatLab.combat_lab.registry - DEBUG - Registered scenario: SEEKER-DMG-001 - Warhead Damage Scales Correctly
2026-05-02 17:49:58 - CombatLab.combat_lab.registry - DEBUG - Registered scenario: SEEKER-PD-002 - to_hit_defense Reduces PDC Accuracy
2026-05-02 17:49:58 - CombatLab.combat_lab.registry - DEBUG - Registered scenario: SEEKER-ENDUR-001 - Long Endurance Reaches Target, Short Expires
2026-05-02 17:49:58 - CombatLab.combat_lab.registry - DEBUG - Registered scenario: SEEKER-HP-001 - Higher HP Survives PDC Better
2026-05-02 17:49:58 - CombatLab.combat_lab.registry - DEBUG - Registered scenario: SEEKER-RES-002 - Seeker Stops At Ammo Depletion
2026-05-02 17:49:58 - CombatLab.combat_lab.registry - DEBUG - Registered scenario: SEEKER-RES-001 - Seeker Stops Without Ammo
2026-05-02 17:49:58 - CombatLab.combat_lab.registry - DEBUG - Registered scenario: SEEKER-PD-001 - PDC Reduces Seeker Impacts
2026-05-02 17:49:58 - CombatLab.combat_lab.registry - DEBUG - Registered scenario: SEEKER-SPEED-001 - Fast Seeker Hits Before Slow Seeker
2026-05-02 17:49:58 - CombatLab.combat_lab.registry - DEBUG - Registered scenario: SEEKER-TURN-002 - 180° Reverse Launch
2026-05-02 17:49:58 - CombatLab.combat_lab.registry - DEBUG - Registered scenario: SEEKER-TURN-001 - Fast Turn Redirects, Slow Turn Expires
2026-05-02 17:49:58 - CombatLab.combat_lab.registry - DEBUG - Registered scenario: SHIELD-PROJ-003 - Multiple Shields Stack Additively
2026-05-02 17:49:58 - CombatLab.combat_lab.registry - DEBUG - Registered scenario: SHIELD-PROJ-001 - Shield Absorbs Damage
2026-05-02 17:49:58 - CombatLab.combat_lab.registry - DEBUG - Registered scenario: SHIELD-PROJ-002 - Shield Depletion Overflows to Armor
2026-05-02 17:49:58 - CombatLab.combat_lab.registry - DEBUG - Registered scenario: SHIELD-PROJ-006 - Shield Fails When Energy Depletes
2026-05-02 17:49:58 - CombatLab.combat_lab.registry - DEBUG - Registered scenario: SHIELD-PROJ-005B - Powered 1B Shield — Zero Armor Damage
2026-05-02 17:49:58 - CombatLab.combat_lab.registry - DEBUG - Registered scenario: SHIELD-PROJ-METALS-001 - Shield With Metals Protects
2026-05-02 17:49:58 - CombatLab.combat_lab.registry - DEBUG - Registered scenario: SHIELD-PROJ-005 - Shield With Sufficient Energy
2026-05-02 17:49:58 - CombatLab.combat_lab.registry - DEBUG - Registered scenario: SHIELD-PROJ-007 - Shield Without Energy Never Activates
2026-05-02 17:49:58 - CombatLab.combat_lab.registry - DEBUG - Registered scenario: SHIELD-PROJ-METALS-002 - Shield Without Metals — No Protection
2026-05-02 17:49:58 - CombatLab.combat_lab.registry - DEBUG - Registered scenario: SHIELD-PROJ-004 - Single-Hit Overflow
2026-05-02 17:49:58 - CombatLab.combat_lab.registry - DEBUG - Registered scenario: SHIELD-REGEN-007 - Regen Rate Equals Damage Rate — Stable Shields
2026-05-02 17:49:58 - CombatLab.combat_lab.registry - DEBUG - Registered scenario: SHIELD-REGEN-002 - Regen Exceeds Damage — Hull Takes Zero
2026-05-02 17:49:58 - CombatLab.combat_lab.registry - DEBUG - Registered scenario: SHIELD-REGEN-001 - Regen Reduces Net Damage
2026-05-02 17:49:58 - CombatLab.combat_lab.registry - DEBUG - Registered scenario: SHIELD-REGEN-003 - Two Regen Components Stack Additively
2026-05-02 17:49:58 - CombatLab.combat_lab.registry - DEBUG - Registered scenario: SHIELD-REGEN-006 - Regen Stops When Energy Depletes Mid-Battle
2026-05-02 17:49:58 - CombatLab.combat_lab.registry - DEBUG - Registered scenario: SHIELD-REGEN-004 - Regen With Full Energy (Control)
2026-05-02 17:49:58 - CombatLab.combat_lab.registry - DEBUG - Registered scenario: SHIELD-REGEN-005 - Regen Without Energy Is Disabled
2026-05-02 17:49:58 - CombatLab.combat_lab.registry - DEBUG - Registered scenario: SRA-001 - SRA Recharges Shields, Reducing Hull Damage
2026-05-02 17:49:58 - CombatLab.combat_lab.registry - DEBUG - Registered scenario: SRA-003 - SRA Effect Stops When Component Destroyed
2026-05-02 17:49:58 - CombatLab.combat_lab.registry - DEBUG - Registered scenario: SRA-005 - Different Groups Stack Additively
2026-05-02 17:49:58 - CombatLab.combat_lab.registry - DEBUG - Registered scenario: SRA-004 - Same Group Does Not Stack
2026-05-02 17:49:58 - CombatLab.combat_lab.registry - DEBUG - Registered scenario: SRA-002 - Small Shield Not Overfilled By SRA
2026-05-02 17:49:58 - CombatLab.combat_lab.registry - DEBUG - Registered scenario: TOHIT-ATK-FLEET-002 - External Battle Condition Applied
2026-05-02 17:49:58 - CombatLab.combat_lab.registry - DEBUG - Registered scenario: TOHIT-ATK-FLEET-001 - Fleet Sensor Bonus Applied
2026-05-02 17:49:58 - CombatLab.combat_lab.registry - DEBUG - Registered scenario: TOHIT-ATK-FLEET-004 - Different Stack Groups SUM
2026-05-02 17:49:58 - CombatLab.combat_lab.registry - DEBUG - Registered scenario: TOHIT-ATK-FLEET-003 - Same Stack Group MAX
2026-05-02 17:49:58 - CombatLab.combat_lab.registry - DEBUG - Registered scenario: TOHIT-ATK-003 - Different Groups Stack Additively
2026-05-02 17:49:58 - CombatLab.combat_lab.registry - DEBUG - Registered scenario: TOHIT-ATK-005 - Mixed Positive + Negative Modifiers
2026-05-02 17:49:58 - CombatLab.combat_lab.registry - DEBUG - Registered scenario: TOHIT-ATK-004 - Negative Modifier Reduces Accuracy
2026-05-02 17:49:58 - CombatLab.combat_lab.registry - DEBUG - Registered scenario: TOHIT-ATK-002 - Same Group Does Not Stack
2026-05-02 17:49:58 - CombatLab.combat_lab.registry - DEBUG - Registered scenario: TOHIT-ATK-001 - Sensor Increases Accuracy
2026-05-02 17:49:58 - CombatLab.combat_lab.registry - DEBUG - Registered scenario: TOHIT-DEF-003 - Different ECM Groups Stack Additively
2026-05-02 17:49:58 - CombatLab.combat_lab.registry - DEBUG - Registered scenario: TOHIT-DEF-001 - ECM Reduces Hit Rate
2026-05-02 17:49:58 - CombatLab.combat_lab.registry - DEBUG - Registered scenario: TOHIT-DEF-002 - Same ECM Group Does Not Stack
2026-05-02 17:49:58 - CombatLab.combat_lab.registry - DEBUG - Registered scenario: TOHIT-DEF-004 - Negative Defense Modifier Increases Hit Rate
2026-05-02 17:49:58 - CombatLab.combat_lab.registry - INFO - Discovered 170 scenarios
2026-05-02 17:49:58 - CombatLab.combat_lab.registry - DEBUG - Updated results for ARMOR-LAYER-001
2026-05-02 17:49:58 - CombatLab.combat_lab.registry - DEBUG - Updated results for ARMOR-LAYER-002
2026-05-02 17:49:58 - CombatLab.combat_lab.registry - DEBUG - Updated results for ARMOR-LAYER-003
2026-05-02 17:49:58 - CombatLab.combat_lab.registry - DEBUG - Updated results for BEAMWEAPON-RES-003
2026-05-02 17:49:58 - CombatLab.combat_lab.registry - DEBUG - Updated results for BEAMWEAPON-010
2026-05-02 17:49:58 - CombatLab.combat_lab.registry - DEBUG - Updated results for BEAMWEAPON-009
2026-05-02 17:49:58 - CombatLab.combat_lab.registry - DEBUG - Updated results for BEAMWEAPON-008
2026-05-02 17:49:58 - CombatLab.combat_lab.registry - DEBUG - Updated results for BEAMWEAPON-007
2026-05-02 17:49:58 - CombatLab.combat_lab.registry - DEBUG - Updated results for BEAMWEAPON-003
2026-05-02 17:49:58 - CombatLab.combat_lab.registry - DEBUG - Updated results for BEAMWEAPON-002
2026-05-02 17:49:58 - CombatLab.combat_lab.registry - DEBUG - Updated results for BEAMWEAPON-001
2026-05-02 17:49:58 - CombatLab.combat_lab.registry - DEBUG - Updated results for BEAMWEAPON-006
2026-05-02 17:49:58 - CombatLab.combat_lab.registry - DEBUG - Updated results for BEAMWEAPON-005
2026-05-02 17:49:58 - CombatLab.combat_lab.registry - DEBUG - Updated results for BEAMWEAPON-004
2026-05-02 17:49:58 - CombatLab.combat_lab.registry - DEBUG - Updated results for BEAMWEAPON-011
2026-05-02 17:49:58 - CombatLab.combat_lab.registry - DEBUG - Updated results for BEAMWEAPON-RES-002
2026-05-02 17:49:58 - CombatLab.combat_lab.registry - DEBUG - Updated results for BEAMWEAPON-RES-001
2026-05-02 17:49:58 - CombatLab.combat_lab.registry - DEBUG - Updated results for BEAMWEAPON-RES-METALS-002
2026-05-02 17:49:58 - CombatLab.combat_lab.registry - DEBUG - Updated results for BEAMWEAPON-RES-METALS-001
2026-05-02 17:49:58 - CombatLab.combat_lab.registry - DEBUG - Updated results for CNC-001
2026-05-02 17:49:58 - CombatLab.combat_lab.registry - DEBUG - Updated results for CNC-005
2026-05-02 17:49:58 - CombatLab.combat_lab.registry - DEBUG - Updated results for CNC-006
2026-05-02 17:49:58 - CombatLab.combat_lab.registry - DEBUG - Updated results for CNC-004
2026-05-02 17:49:58 - CombatLab.combat_lab.registry - DEBUG - Updated results for CNC-002
2026-05-02 17:49:58 - CombatLab.combat_lab.registry - DEBUG - Updated results for CNC-003
2026-05-02 17:49:58 - CombatLab.combat_lab.registry - DEBUG - Updated results for PIPELINE-003
2026-05-02 17:49:58 - CombatLab.combat_lab.registry - DEBUG - Updated results for PIPELINE-005
2026-05-02 17:49:58 - CombatLab.combat_lab.registry - DEBUG - Updated results for PIPELINE-004
2026-05-02 17:49:58 - CombatLab.combat_lab.registry - DEBUG - Updated results for PIPELINE-007
2026-05-02 17:49:58 - CombatLab.combat_lab.registry - DEBUG - Updated results for PIPELINE-001
2026-05-02 17:49:58 - CombatLab.combat_lab.registry - DEBUG - Updated results for PIPELINE-002
2026-05-02 17:49:58 - CombatLab.combat_lab.registry - DEBUG - Updated results for EMISSIVE-001
2026-05-02 17:49:58 - CombatLab.combat_lab.registry - DEBUG - Updated results for EMISSIVE-004
2026-05-02 17:49:58 - CombatLab.combat_lab.registry - DEBUG - Updated results for EMISSIVE-007
2026-05-02 17:49:58 - CombatLab.combat_lab.registry - DEBUG - Updated results for EMISSIVE-005
2026-05-02 17:49:58 - CombatLab.combat_lab.registry - DEBUG - Updated results for EMISSIVE-002
2026-05-02 17:49:58 - CombatLab.combat_lab.registry - DEBUG - Updated results for EMISSIVE-003
2026-05-02 17:49:58 - CombatLab.combat_lab.registry - DEBUG - Updated results for EMISSIVE-006
2026-05-02 17:49:58 - CombatLab.combat_lab.registry - DEBUG - Updated results for MOD-ACC-001
2026-05-02 17:49:58 - CombatLab.combat_lab.registry - DEBUG - Updated results for MOD-ACC-002
2026-05-02 17:49:58 - CombatLab.combat_lab.registry - DEBUG - Updated results for MOD-ACC-003
2026-05-02 17:49:58 - CombatLab.combat_lab.registry - DEBUG - Updated results for MOD-ACC-004
2026-05-02 17:49:58 - CombatLab.combat_lab.registry - DEBUG - Updated results for MOD-ACC-005
2026-05-02 17:49:58 - CombatLab.combat_lab.registry - DEBUG - Updated results for MOD-ARC-001
2026-05-02 17:49:58 - CombatLab.combat_lab.registry - DEBUG - Updated results for MOD-ARC-002
2026-05-02 17:49:58 - CombatLab.combat_lab.registry - DEBUG - Updated results for MOD-ARC-003
2026-05-02 17:49:58 - CombatLab.combat_lab.registry - DEBUG - Updated results for MOD-ARC-004
2026-05-02 17:49:58 - CombatLab.combat_lab.registry - DEBUG - Updated results for MOD-ARC-005
2026-05-02 17:49:58 - CombatLab.combat_lab.registry - DEBUG - Updated results for MOD-CONSUME-004
2026-05-02 17:49:58 - CombatLab.combat_lab.registry - DEBUG - Updated results for MOD-CONSUME-002
2026-05-02 17:49:58 - CombatLab.combat_lab.registry - DEBUG - Updated results for MOD-CONSUME-003
2026-05-02 17:49:58 - CombatLab.combat_lab.registry - DEBUG - Updated results for MOD-CONSUME-001
2026-05-02 17:49:58 - CombatLab.combat_lab.registry - DEBUG - Updated results for MOD-DMG-001
2026-05-02 17:49:58 - CombatLab.combat_lab.registry - DEBUG - Updated results for MOD-DMG-002
2026-05-02 17:49:58 - CombatLab.combat_lab.registry - DEBUG - Updated results for MOD-DMG-003
2026-05-02 17:49:58 - CombatLab.combat_lab.registry - DEBUG - Updated results for MOD-DMG-004
2026-05-02 17:49:58 - CombatLab.combat_lab.registry - DEBUG - Updated results for MOD-DMG-005
2026-05-02 17:49:58 - CombatLab.combat_lab.registry - DEBUG - Updated results for MOD-ENDUR-001
2026-05-02 17:49:58 - CombatLab.combat_lab.registry - DEBUG - Updated results for MOD-ENDUR-002
2026-05-02 17:49:58 - CombatLab.combat_lab.registry - DEBUG - Updated results for MOD-ENDUR-003
2026-05-02 17:49:58 - CombatLab.combat_lab.registry - DEBUG - Updated results for MOD-ENDUR-004
2026-05-02 17:49:58 - CombatLab.combat_lab.registry - DEBUG - Updated results for MOD-ENDUR-005
2026-05-02 17:49:58 - CombatLab.combat_lab.registry - DEBUG - Updated results for MOD-RANGE-003
2026-05-02 17:49:58 - CombatLab.combat_lab.registry - DEBUG - Updated results for MOD-RANGE-004
2026-05-02 17:49:58 - CombatLab.combat_lab.registry - DEBUG - Updated results for MOD-RANGE-001
2026-05-02 17:49:58 - CombatLab.combat_lab.registry - DEBUG - Updated results for MOD-RANGE-005
2026-05-02 17:49:58 - CombatLab.combat_lab.registry - DEBUG - Updated results for MOD-RANGE-002
2026-05-02 17:49:58 - CombatLab.combat_lab.registry - DEBUG - Updated results for MOD-RANGE-006
2026-05-02 17:49:58 - CombatLab.combat_lab.registry - DEBUG - Updated results for MOD-RELOAD-001
2026-05-02 17:49:58 - CombatLab.combat_lab.registry - DEBUG - Updated results for MOD-RELOAD-002
2026-05-02 17:49:58 - CombatLab.combat_lab.registry - DEBUG - Updated results for MOD-RELOAD-003
2026-05-02 17:49:58 - CombatLab.combat_lab.registry - DEBUG - Updated results for MOD-RELOAD-004
2026-05-02 17:49:58 - CombatLab.combat_lab.registry - DEBUG - Updated results for MOD-RELOAD-005
2026-05-02 17:49:58 - CombatLab.combat_lab.registry - DEBUG - Updated results for MOD-STACK-001
2026-05-02 17:49:58 - CombatLab.combat_lab.registry - DEBUG - Updated results for MOD-STACK-002
2026-05-02 17:49:58 - CombatLab.combat_lab.registry - DEBUG - Updated results for MOD-STACK-003
2026-05-02 17:49:58 - CombatLab.combat_lab.registry - DEBUG - Updated results for MOD-STACK-004
2026-05-02 17:49:58 - CombatLab.combat_lab.registry - DEBUG - Updated results for MOD-STACK-005
2026-05-02 17:49:58 - CombatLab.combat_lab.registry - DEBUG - Updated results for MOD-THRUST-004
2026-05-02 17:49:58 - CombatLab.combat_lab.registry - DEBUG - Updated results for MOD-THRUST-002
2026-05-02 17:49:58 - CombatLab.combat_lab.registry - DEBUG - Updated results for MOD-THRUST-003
2026-05-02 17:49:58 - CombatLab.combat_lab.registry - DEBUG - Updated results for MOD-THRUST-005
2026-05-02 17:49:58 - CombatLab.combat_lab.registry - DEBUG - Updated results for MOD-THRUST-001
2026-05-02 17:49:58 - CombatLab.combat_lab.registry - DEBUG - Updated results for PROJECTILE-RES-003
2026-05-02 17:49:58 - CombatLab.combat_lab.registry - DEBUG - Updated results for PROJECTILE-DMG-010
2026-05-02 17:49:58 - CombatLab.combat_lab.registry - DEBUG - Updated results for PROJECTILE-DMG-090
2026-05-02 17:49:58 - CombatLab.combat_lab.registry - DEBUG - Updated results for PROJECTILE-DMG-050
2026-05-02 17:49:58 - CombatLab.combat_lab.registry - DEBUG - Updated results for PROJECTILE-005
2026-05-02 17:49:58 - CombatLab.combat_lab.registry - DEBUG - Updated results for PROJECTILE-004
2026-05-02 17:49:58 - CombatLab.combat_lab.registry - DEBUG - Updated results for PROJECTILE-003
2026-05-02 17:49:58 - CombatLab.combat_lab.registry - DEBUG - Updated results for PROJECTILE-002
2026-05-02 17:49:58 - CombatLab.combat_lab.registry - DEBUG - Updated results for PROJECTILE-006
2026-05-02 17:49:58 - CombatLab.combat_lab.registry - DEBUG - Updated results for PROJECTILE-001
2026-05-02 17:49:58 - CombatLab.combat_lab.registry - DEBUG - Updated results for PROJECTILE-RES-002
2026-05-02 17:49:58 - CombatLab.combat_lab.registry - DEBUG - Updated results for PROJECTILE-RES-001
2026-05-02 17:49:58 - CombatLab.combat_lab.registry - DEBUG - Updated results for PROJECTILE-RES-METALS-002
2026-05-02 17:49:58 - CombatLab.combat_lab.registry - DEBUG - Updated results for PROJECTILE-RES-METALS-001
2026-05-02 17:49:58 - CombatLab.combat_lab.registry - DEBUG - Updated results for PROP-001c
2026-05-02 17:49:58 - CombatLab.combat_lab.registry - DEBUG - Updated results for PROP-004b
2026-05-02 17:49:58 - CombatLab.combat_lab.registry - DEBUG - Updated results for PROP-001
2026-05-02 17:49:58 - CombatLab.combat_lab.registry - DEBUG - Updated results for PROP-005
2026-05-02 17:49:58 - CombatLab.combat_lab.registry - DEBUG - Updated results for PROP-001b
2026-05-02 17:49:58 - CombatLab.combat_lab.registry - DEBUG - Updated results for PROP-002
2026-05-02 17:49:58 - CombatLab.combat_lab.registry - DEBUG - Updated results for PROP-003b
2026-05-02 17:49:58 - CombatLab.combat_lab.registry - DEBUG - Updated results for PROP-004
2026-05-02 17:49:58 - CombatLab.combat_lab.registry - DEBUG - Updated results for PROP-003
2026-05-02 17:49:58 - CombatLab.combat_lab.registry - DEBUG - Updated results for RESOURCE-004
2026-05-02 17:49:58 - CombatLab.combat_lab.registry - DEBUG - Updated results for RESOURCE-005
2026-05-02 17:49:58 - CombatLab.combat_lab.registry - DEBUG - Updated results for RESOURCE-005a
2026-05-02 17:49:58 - CombatLab.combat_lab.registry - DEBUG - Updated results for RESOURCE-009
2026-05-02 17:49:58 - CombatLab.combat_lab.registry - DEBUG - Updated results for RESOURCE-001
2026-05-02 17:49:58 - CombatLab.combat_lab.registry - DEBUG - Updated results for RESOURCE-002
2026-05-02 17:49:58 - CombatLab.combat_lab.registry - DEBUG - Updated results for RESOURCE-003
2026-05-02 17:49:58 - CombatLab.combat_lab.registry - DEBUG - Updated results for RESOURCE-006
2026-05-02 17:49:58 - CombatLab.combat_lab.registry - DEBUG - Updated results for RESOURCE-007
2026-05-02 17:49:58 - CombatLab.combat_lab.registry - DEBUG - Updated results for RESOURCE-008
2026-05-02 17:49:58 - CombatLab.combat_lab.registry - DEBUG - Updated results for SEEKER-RES-003
2026-05-02 17:49:58 - CombatLab.combat_lab.registry - DEBUG - Updated results for SEEKER-DMG-001
2026-05-02 17:49:58 - CombatLab.combat_lab.registry - DEBUG - Updated results for SEEKER-PD-002
2026-05-02 17:49:58 - CombatLab.combat_lab.registry - DEBUG - Updated results for SEEKER-ENDUR-001
2026-05-02 17:49:58 - CombatLab.combat_lab.registry - DEBUG - Updated results for SEEKER-HP-001
2026-05-02 17:49:58 - CombatLab.combat_lab.registry - DEBUG - Updated results for SEEKER-RES-002
2026-05-02 17:49:58 - CombatLab.combat_lab.registry - DEBUG - Updated results for SEEKER-RES-001
2026-05-02 17:49:58 - CombatLab.combat_lab.registry - DEBUG - Updated results for SEEKER-PD-001
2026-05-02 17:49:58 - CombatLab.combat_lab.registry - DEBUG - Updated results for SEEKER-SPEED-001
2026-05-02 17:49:58 - CombatLab.combat_lab.registry - DEBUG - Updated results for SEEKER-TURN-002
2026-05-02 17:49:58 - CombatLab.combat_lab.registry - DEBUG - Updated results for SEEKER-TURN-001
2026-05-02 17:49:58 - CombatLab.combat_lab.registry - DEBUG - Updated results for SHIELD-PROJ-003
2026-05-02 17:49:58 - CombatLab.combat_lab.registry - DEBUG - Updated results for SHIELD-PROJ-001
2026-05-02 17:49:58 - CombatLab.combat_lab.registry - DEBUG - Updated results for SHIELD-PROJ-002
2026-05-02 17:49:58 - CombatLab.combat_lab.registry - DEBUG - Updated results for SHIELD-PROJ-006
2026-05-02 17:49:58 - CombatLab.combat_lab.registry - DEBUG - Updated results for SHIELD-PROJ-005B
2026-05-02 17:49:58 - CombatLab.combat_lab.registry - DEBUG - Updated results for SHIELD-PROJ-METALS-001
2026-05-02 17:49:58 - CombatLab.combat_lab.registry - DEBUG - Updated results for SHIELD-PROJ-005
2026-05-02 17:49:58 - CombatLab.combat_lab.registry - DEBUG - Updated results for SHIELD-PROJ-007
2026-05-02 17:49:58 - CombatLab.combat_lab.registry - DEBUG - Updated results for SHIELD-PROJ-METALS-002
2026-05-02 17:49:58 - CombatLab.combat_lab.registry - DEBUG - Updated results for SHIELD-PROJ-004
2026-05-02 17:49:58 - CombatLab.combat_lab.registry - DEBUG - Updated results for SHIELD-REGEN-007
2026-05-02 17:49:58 - CombatLab.combat_lab.registry - DEBUG - Updated results for SHIELD-REGEN-002
2026-05-02 17:49:58 - CombatLab.combat_lab.registry - DEBUG - Updated results for SHIELD-REGEN-001
2026-05-02 17:49:58 - CombatLab.combat_lab.registry - DEBUG - Updated results for SHIELD-REGEN-003
2026-05-02 17:49:58 - CombatLab.combat_lab.registry - DEBUG - Updated results for SHIELD-REGEN-006
2026-05-02 17:49:58 - CombatLab.combat_lab.registry - DEBUG - Updated results for SHIELD-REGEN-004
2026-05-02 17:49:58 - CombatLab.combat_lab.registry - DEBUG - Updated results for SHIELD-REGEN-005
2026-05-02 17:49:58 - CombatLab.combat_lab.registry - DEBUG - Updated results for SRA-001
2026-05-02 17:49:58 - CombatLab.combat_lab.registry - DEBUG - Updated results for SRA-003
2026-05-02 17:49:58 - CombatLab.combat_lab.registry - DEBUG - Updated results for SRA-005
2026-05-02 17:49:58 - CombatLab.combat_lab.registry - DEBUG - Updated results for SRA-004
2026-05-02 17:49:58 - CombatLab.combat_lab.registry - DEBUG - Updated results for SRA-002
2026-05-02 17:49:58 - CombatLab.combat_lab.registry - DEBUG - Updated results for TOHIT-ATK-FLEET-002
2026-05-02 17:49:58 - CombatLab.combat_lab.registry - DEBUG - Updated results for TOHIT-ATK-FLEET-001
2026-05-02 17:49:58 - CombatLab.combat_lab.registry - DEBUG - Updated results for TOHIT-ATK-FLEET-004
2026-05-02 17:49:58 - CombatLab.combat_lab.registry - DEBUG - Updated results for TOHIT-ATK-FLEET-003
2026-05-02 17:49:58 - CombatLab.combat_lab.registry - DEBUG - Updated results for TOHIT-ATK-003
2026-05-02 17:49:58 - CombatLab.combat_lab.registry - DEBUG - Updated results for TOHIT-ATK-005
2026-05-02 17:49:58 - CombatLab.combat_lab.registry - DEBUG - Updated results for TOHIT-ATK-004
2026-05-02 17:49:58 - CombatLab.combat_lab.registry - DEBUG - Updated results for TOHIT-ATK-002
2026-05-02 17:49:58 - CombatLab.combat_lab.registry - DEBUG - Updated results for TOHIT-ATK-001
2026-05-02 17:49:58 - CombatLab.combat_lab.registry - DEBUG - Updated results for TOHIT-DEF-003
2026-05-02 17:49:58 - CombatLab.combat_lab.registry - DEBUG - Updated results for TOHIT-DEF-001
2026-05-02 17:49:58 - CombatLab.combat_lab.registry - DEBUG - Updated results for TOHIT-DEF-002
2026-05-02 17:49:58 - CombatLab.combat_lab.registry - DEBUG - Updated results for TOHIT-DEF-004
2026-05-02 17:49:58 - CombatLab.combat_lab.services.test_lab_controller - DEBUG - Loaded 162 test histories from prior runs
