python : .....................C:\Dev\Starship Battles\battle.py:39: ResourceWarning: unclosed file <_io.TextIOWrapper 
name='battle_log.txt' mode='w' encoding='utf-8'>
At line:1 char:1
+ python -m unittest discover tests > test_output.log 2>&1
+ ~~~~~~~~~~~~~~~~~~~~~~~~~~~~~~~~~~~~~~~~~~~~~~~~~~~~~~~~
    + CategoryInfo          : NotSpecified: (..................coding='utf-8'>:String) [], RemoteException
    + FullyQualifiedErrorId : NativeCommandError
 
  self.file = open(self.filename, 'w', encoding='utf-8')
ResourceWarning: Enable tracemalloc to get the object allocation traceback
.......................................................................................................................
..............................................................ss..................................................
----------------------------------------------------------------------
Ran 254 tests in 24.075s

OK (skipped=2)
pygame-ce 2.5.6 (SDL 2.32.10, Python 3.10.11)
Loaded 19 vehicle classes.
Loaded 19 vehicle classes.

=== STARTING HEADLESS BATTLE ===

=== STARTING HEADLESS BATTLE ===

=== STARTING HEADLESS BATTLE ===

=== STARTING HEADLESS BATTLE ===

=== STARTING HEADLESS BATTLE ===
Success
Loaded 19 vehicle classes.
TestShip EXPLODED!
Loaded 19 vehicle classes.
Loaded 19 vehicle classes.
Loaded 19 vehicle classes.
Loaded 19 vehicle classes.
SUCCESS: Loaded Atlas: C:\Dev\Starship Battles\resources\images\Components.bmp (864x432)
Loaded 19 vehicle classes.
Loaded 19 vehicle classes.
Loaded 19 vehicle classes.
Loaded 19 vehicle classes.
Loaded 19 vehicle classes.
Loaded 19 vehicle classes.
Loaded 19 vehicle classes.
Loaded 19 vehicle classes.
Loaded 19 vehicle classes.
Loaded 19 vehicle classes.
Loaded 19 vehicle classes.
Error: Railgun not allowed in LayerType.CORE
Loaded 19 vehicle classes.
Loaded 19 vehicle classes.
Loaded 19 vehicle classes.
Loaded 19 vehicle classes.
Loaded 19 vehicle classes.
Loaded 19 vehicle classes.
Loaded 19 vehicle classes.
Loaded 19 vehicle classes.
Loaded 19 vehicle classes.
Error: Bridge not allowed on Fighter
Error: Engine not allowed on Satellite
Error: Thruster not allowed on Satellite
Error: Fighter Cockpit not allowed on Ship
Loaded 19 vehicle classes.
Loaded 19 vehicle classes.
Loaded 19 vehicle classes.
Loaded 19 vehicle classes.
Loaded 19 vehicle classes.
Loaded 19 vehicle classes.
Loaded 19 vehicle classes.
Loaded 19 vehicle classes.
Loaded 19 vehicle classes.
