============================= test session starts =============================
platform win32 -- Python 3.10.11, pytest-9.0.2, pluggy-1.6.0 -- C:\Users\rossr\AppData\Local\Programs\Python\Python310\python.exe
cachedir: .pytest_cache
rootdir: C:\Dev\Starship Battles
configfile: pytest.ini
plugins: anyio-4.12.0, xdist-3.8.0
collecting ... collected 17 items

tests/repro_issues/test_bug_01_crew_delay.py::TestBug01CrewDelay::test_crew_stat_update_on_modifier_change PASSED [  5%]
tests/repro_issues/test_bug_02_seeker.py::test_seeker_range_calculation PASSED [ 11%]
tests/repro_issues/test_bug_03_validation.py::TestBug03Validation::test_ammo_warning_persistence_with_wrong_resource PASSED [ 17%]
tests/repro_issues/test_bug_03_validation.py::TestBug03Validation::test_fuel_warning_persistence_with_wrong_resource PASSED [ 23%]
tests/repro_issues/test_bug_04_display.py::TestBug04Display::test_stats_rebuild_leaves_hashes PASSED [ 29%]
tests/repro_issues/test_bug_05_logistics.py::test_missing_logistics_details PASSED [ 35%]
tests/repro_issues/test_bug_05_rejected_fix.py::test_usage_only_visibility PASSED [ 41%]
tests/repro_issues/test_bug_05_rejected_fix.py::test_max_usage_calculation PASSED [ 47%]
tests/repro_issues/test_bug_06_combat_propulsion.py::TestBug06CombatPropulsion::test_combat_propulsion_validation PASSED [ 52%]
tests/repro_issues/test_bug_06_combat_propulsion.py::TestBug06CombatPropulsion::test_thrust_value_is_correct PASSED [ 58%]
tests/repro_issues/test_bug_07_crash.py::TestBug07Crash::test_crash_adding_component_with_tohit_modifier PASSED [ 64%]
tests/repro_issues/test_bug_08_fuel_validation.py::TestBug08FuelValidation::test_class_requirements_fuel_storage_failure PASSED [ 70%]
tests/repro_issues/test_bug_09_endurance.py::TestBug09Endurance::test_fuel_endurance_infinite PASSED [ 76%]
tests/repro_issues/test_bug_10_logistics_update.py::test_ammo_usage_triggers_logistics_row PASSED [ 82%]
tests/repro_issues/test_bug_11_dialog_size.py::TestBug11DialogSize::test_confirmation_dialog_scrolling PASSED [ 88%]
tests/repro_issues/test_bug_12_energy_gen.py::test_generator_without_crew_is_inactive FAILED [ 94%]
tests/repro_issues/test_bug_12_energy_gen.py::test_generator_with_crew_is_active FAILED [100%]

================================== FAILURES ===================================
___________________ test_generator_without_crew_is_inactive ___________________

    def test_generator_without_crew_is_inactive():
        """
        Demonstrates the 'bug' behavior: Generator shows 0 energy when ship has no crew.
        This is EXPECTED behavior - Generator requires crew to operate.
        """
        if not COMPONENT_REGISTRY:
            load_components()
    
        ship = Ship(name="TestShip", x=0, y=0, color=(255, 255, 255))
        ship.ship_class = "Cruiser"
        vehicle_classes = {"Cruiser": {'max_mass': 5000, 'type': 'Ship'}}
    
        # Add ONLY generator (no crew quarters/life support)
        generator = create_component("generator")
>       ship.layers[LayerType.INNER]['components'].append(generator)
E       KeyError: <LayerType.INNER: 2>

tests\repro_issues\test_bug_12_energy_gen.py:44: KeyError
_____________________ test_generator_with_crew_is_active ______________________

    def test_generator_with_crew_is_active():
        """
        Demonstrates correct behavior: Generator works when crew is available.
        """
        if not COMPONENT_REGISTRY:
            load_components()
    
        ship = Ship(name="TestShip", x=0, y=0, color=(255, 255, 255))
        ship.ship_class = "Cruiser"
        vehicle_classes = {"Cruiser": {'max_mass': 5000, 'type': 'Ship'}}
    
        # Add crew support first
        quarters = create_component("crew_quarters")  # Provides crew capacity
>       ship.layers[LayerType.INNER]['components'].append(quarters)
E       KeyError: <LayerType.INNER: 2>

tests\repro_issues\test_bug_12_energy_gen.py:72: KeyError
=========================== short test summary info ===========================
FAILED tests/repro_issues/test_bug_12_energy_gen.py::test_generator_without_crew_is_inactive
FAILED tests/repro_issues/test_bug_12_energy_gen.py::test_generator_with_crew_is_active
======================== 2 failed, 15 passed in 0.48s =========================
