**********************
Windows PowerShell transcript start
Start time: 20260213001029
Username: 9950X3D\rossr
RunAs User: 9950X3D\rossr
Configuration Name: 
Machine: 9950X3D (Microsoft Windows NT 10.0.26200.0)
Host Application: C:\WINDOWS\System32\WindowsPowerShell\v1.0\powershell.exe -noexit -command try { . "c:\Development Tools\Antigravity\resources\app\out\vs\workbench\contrib\terminal\common\scripts\shellIntegration.ps1" } catch {}
Process ID: 53028
PSVersion: 5.1.26100.7705
PSEdition: Desktop
PSCompatibleVersions: 1.0, 2.0, 3.0, 4.0, 5.0, 5.1.26100.7705
BuildVersion: 10.0.26100.7705
CLRVersion: 4.0.30319.42000
WSManStackVersion: 3.0
PSRemotingProtocolVersion: 2.3
SerializationVersion: 1.1.0.1
**********************
Transcript started, output file is continuous_loop/logs/continuous_loop_2026-02-13_001029.log
[LOG] Transcript started: continuous_loop/logs/continuous_loop_2026-02-13_001029.log

[00:10:29 LOOP] ======================================================
[00:10:29 LOOP]   Continuous Improvement Loop Starting
[00:10:29 LOOP] ======================================================

[00:10:29 LOOP] Max cycles: 10
[00:10:29 LOOP] Max runtime: 48 hours
[00:10:29 LOOP] Min findings threshold: 20
[00:10:29 LOOP] Starting from cycle: 0
[00:10:29 LOOP] State: idle

[00:10:29 LOOP] ======================================================
[00:10:29 LOOP]   CYCLE 1 / 10
[00:10:29 LOOP] ======================================================

[00:10:29 LOOP] Creating branch: sweep-cycle-1
git : Already on 'main'
At C:\Dev\Starship Battles\continuous_loop\continuous_loop.ps1:340 char:5
+     git checkout main 2>$null
+     ~~~~~~~~~~~~~~~~~~~~~~~~~
    + CategoryInfo          : NotSpecified: (Already on 'main':String) [], RemoteException
    + FullyQualifiedErrorId : NativeCommandError
M       .test_durations.json
M       continuous_loop/continuous_loop.ps1
Your branch is up to date with 'origin/main'.
Switched to a new branch 'sweep-cycle-1'
[00:10:29 LOOP] Running codebase sweep (attempt 1/3)...
