**********************
Windows PowerShell transcript start
Start time: 20260213215556
Username: 9950X3D\rossr
RunAs User: 9950X3D\rossr
Configuration Name: 
Machine: 9950X3D (Microsoft Windows NT 10.0.26200.0)
Host Application: C:\WINDOWS\System32\WindowsPowerShell\v1.0\powershell.exe -noexit -command try { . "c:\Development Tools\Antigravity\resources\app\out\vs\workbench\contrib\terminal\common\scripts\shellIntegration.ps1" } catch {}
Process ID: 33436
PSVersion: 5.1.26100.7705
PSEdition: Desktop
PSCompatibleVersions: 1.0, 2.0, 3.0, 4.0, 5.0, 5.1.26100.7705
BuildVersion: 10.0.26100.7705
CLRVersion: 4.0.30319.42000
WSManStackVersion: 3.0
PSRemotingProtocolVersion: 2.3
SerializationVersion: 1.1.0.1
**********************
Transcript started, output file is continuous_loop/logs/continuous_loop_2026-02-13_215556.log
[LOG] Transcript started: continuous_loop/logs/continuous_loop_2026-02-13_215556.log

[21:55:56 LOOP] ======================================================
[21:55:56 LOOP]   Continuous Improvement Loop Starting
[21:55:56 LOOP] ======================================================

[21:55:56 LOOP] Max cycles: 10
[21:55:56 LOOP] Max runtime: 48 hours
[21:55:56 LOOP] Min findings threshold: 20
[21:55:56 LOOP] Starting from cycle: 4
[21:55:56 LOOP] State: sweeping
[21:55:56 LOOP] Previous sweep was interrupted. Will re-run sweep in next cycle.

[21:55:56 LOOP] ======================================================
[21:55:56 LOOP]   CYCLE 5 / 10
[21:55:56 LOOP] ======================================================

[21:55:56 LOOP] Creating branch: sweep-cycle-5
git : Already on 'main'
At C:\Dev\Starship Battles\continuous_loop\continuous_loop.ps1:340 char:5
+     git checkout main 2>$null
+     ~~~~~~~~~~~~~~~~~~~~~~~~~
    + CategoryInfo          : NotSpecified: (Already on 'main':String) [], RemoteException
    + FullyQualifiedErrorId : NativeCommandError


[21:55:56 LOOP] Running codebase sweep (attempt 1/3)...
API Error: 500 {"type":"error","error":{"type":"api_error","message":"Internal server error"},"request_id":"req_011CY7Vt8zFmruR6G8SVznHt"}
[22:37:33 LOOP] Sweep failed (exit code 1)
[22:37:33 LOOP] Retrying sweep in 30 seconds...
[22:38:03 LOOP] Running codebase sweep (attempt 2/3)...
