2026-03-28 07:20:18,400 - game.simulation.components.abilities - WARNING - Failed to create ability 'EmissiveArmor': could not convert string to float: '=15 * (ship_class_mass / 1000)**(1/3)'
2026-03-28 07:20:18,402 - game.simulation.components.abilities - WARNING - Failed to create ability 'WarpJump': could not convert string to float: '=ship_class_mass'
2026-03-28 07:20:18,402 - game.simulation.components.abilities - WARNING - Failed to create ability 'EmissiveArmor': could not convert string to float: '=15 * (ship_class_mass / 1000)**(1/3)'
2026-03-28 07:20:18,404 - game.simulation.components.abilities - WARNING - Failed to create ability 'WarpJump': could not convert string to float: '=ship_class_mass'
2026-03-28 07:20:18,407 - game.simulation.entities.ship_loader - INFO - Loaded 5 layer configurations from vehiclelayers.json.
2026-03-28 07:20:18,407 - game.simulation.entities.ship_loader - INFO - Loaded 30 vehicle classes.
2026-03-28 07:20:18,407 - game.core.json_utils - DEBUG - JSON file not found: C:\Dev\Starship Battles\output\settings\keybindings.json
2026-03-28 07:20:18,407 - game.ui.renderer.sprites - INFO - Loading sprites from C:\Dev\Starship Battles\assets\Images\Components\Tiles
2026-03-28 07:20:18,424 - game.ui.renderer.sprites - INFO - Loaded 242 sprites from directory (max index 241)
2026-03-28 07:20:18,435 - game.core.profiling - INFO - Profiler initialized with session ID: 6c3e06ea-99e5-468f-afd5-2dda2fc0b1c9
2026-03-28 07:20:18,441 - game.ui.screens.workshop_screen - DEBUG - Workshop NOT setting theme - integrated=False, empire_theme_id=None
2026-03-28 07:20:18,443 - game.ui.assets.ship_theme_manager - INFO - Discovered 5 ship themes: ['Atlantians', 'Federation', 'Klingons', 'Romulans', 'Thoraliens']
2026-03-28 07:20:19,330 - game.simulation.formula_system - WARNING - Formula evaluation failed for '40 - (0.01 * range_to_target)': Undefined variable in formula '40 - (0.01 * range_to_target)': name 'range_to_target' is not defined
2026-03-28 07:20:19,354 - game.simulation.components.abilities - WARNING - Failed to create ability 'EmissiveArmor': could not convert string to float: '=15 * (ship_class_mass / 1000)**(1/3)'
2026-03-28 07:20:19,394 - game.simulation.formula_system - WARNING - Formula evaluation failed for '15 * (1 - 0.00005 * range_to_target)': Undefined variable in formula '15 * (1 - 0.00005 * range_to_target)': name 'range_to_target' is not defined
2026-03-28 07:20:19,490 - game.simulation.components.abilities - WARNING - Failed to create ability 'WarpJump': could not convert string to float: '=ship_class_mass'
2026-03-28 07:20:19,616 - game.strategy.engine.game_initializer - INFO - GameInitializer: Creating empire 0 with theme=Federation
2026-03-28 07:20:19,616 - game.strategy.engine.game_initializer - INFO - GameInitializer: Creating empire 1 with theme=Atlantians
2026-03-28 07:20:19,659 - game.strategy.generation.planet_image_registry - INFO - Loaded 509 planet images across 12 types
2026-03-28 07:20:19,659 - game.strategy.engine.game_initializer - INFO - GameInitializer: Generating Galaxy (type=random, seed=None)...
2026-03-28 07:20:19,676 - game.strategy.engine.game_initializer - INFO - GameInitializer: Generated 25 systems.
2026-03-28 07:20:19,676 - game.strategy.engine.game_initializer - INFO - GameInitializer: Adjusted Buenos-Aires I to match species preferences (type=ICE_DWARF, gravity=1.0g, temp=293K, water=50%)
2026-03-28 07:20:19,676 - game.strategy.engine.game_initializer - INFO - GameInitializer: Seeded 5289541 population on Buenos-Aires I
2026-03-28 07:20:19,676 - game.strategy.engine.game_initializer - INFO - GameInitializer: Empire 'Terran Command' home at system 0
2026-03-28 07:20:19,676 - game.strategy.engine.game_initializer - INFO - GameInitializer: Adjusted Alnilamis I to match species preferences (type=PLANETOID, gravity=1.0g, temp=293K, water=50%)
2026-03-28 07:20:19,676 - game.strategy.engine.game_initializer - INFO - GameInitializer: Seeded 5708729 population on Alnilamis I
2026-03-28 07:20:19,676 - game.strategy.engine.game_initializer - INFO - GameInitializer: Empire 'Xeno Hive' home at system 24
2026-03-28 07:20:19,859 - game.assets.asset_manager - INFO - Loaded asset manifest from C:\Dev\Starship Battles\assets\asset_manifest.json
2026-03-28 07:20:46,205 - game.core.json_utils - DEBUG - JSON file not found: C:\Dev\Starship Battles\simulation_tests\data\vehiclelayers.json
2026-03-28 07:20:46,205 - game.core.json_utils - DEBUG - JSON file not found: C:\Dev\Starship Battles\simulation_tests\data\vehiclelayers.json
2026-03-28 07:20:46,205 - game.simulation.entities.ship_loader - INFO - Loaded 14 vehicle classes.
2026-03-28 07:20:46,208 - game.simulation.systems.battle_engine - INFO - Ship 'Test Attacker Beam360 Low' (Team 0): HP=120/120 Mass=400.0 Thrust=0 Fuel=0.0 TurnSpeed=0.00 MaxSpeed=0.00
2026-03-28 07:20:46,208 - game.simulation.systems.battle_engine - INFO - Ship 'Test Target Stationary' (Team 1): HP=1000000100/1000000100 Mass=400.0 Thrust=0 Fuel=0.0 TurnSpeed=0.00 MaxSpeed=0.00
2026-03-28 07:20:46,210 - game.simulation.systems.battle_engine - INFO - Ship 'Test Attacker Beam360 Low' (Team 0): HP=120/120 Mass=400.0 Thrust=0 Fuel=0.0 TurnSpeed=0.00 MaxSpeed=0.00
2026-03-28 07:20:46,210 - game.simulation.systems.battle_engine - INFO - Ship 'Test Target Stationary' (Team 1): HP=1000000100/1000000100 Mass=400.0 Thrust=0 Fuel=0.0 TurnSpeed=0.00 MaxSpeed=0.00
2026-03-28 07:21:25,345 - game.core.json_utils - DEBUG - JSON file not found: C:\Dev\Starship Battles\simulation_tests\data\vehiclelayers.json
2026-03-28 07:21:25,346 - game.core.json_utils - DEBUG - JSON file not found: C:\Dev\Starship Battles\simulation_tests\data\vehiclelayers.json
2026-03-28 07:21:25,346 - game.simulation.entities.ship_loader - INFO - Loaded 14 vehicle classes.
2026-03-28 07:21:25,349 - game.simulation.systems.battle_engine - INFO - Ship 'Test Attacker Beam360 Low' (Team 0): HP=120/120 Mass=400.0 Thrust=0 Fuel=0.0 TurnSpeed=0.00 MaxSpeed=0.00
2026-03-28 07:21:25,349 - game.simulation.systems.battle_engine - INFO - Ship 'Test Target Stationary' (Team 1): HP=1000000100/1000000100 Mass=400.0 Thrust=0 Fuel=0.0 TurnSpeed=0.00 MaxSpeed=0.00
2026-03-28 07:21:25,351 - game.simulation.systems.battle_engine - INFO - Ship 'Test Attacker Beam360 Low' (Team 0): HP=120/120 Mass=400.0 Thrust=0 Fuel=0.0 TurnSpeed=0.00 MaxSpeed=0.00
2026-03-28 07:21:25,351 - game.simulation.systems.battle_engine - INFO - Ship 'Test Target Stationary' (Team 1): HP=1000000100/1000000100 Mass=400.0 Thrust=0 Fuel=0.0 TurnSpeed=0.00 MaxSpeed=0.00
2026-03-28 07:21:38,526 - game.core.profiling - INFO - No records to save.
