2026-03-28 08:25:28,648 - game.simulation.components.abilities - WARNING - Failed to create ability 'EmissiveArmor': could not convert string to float: '=15 * (ship_class_mass / 1000)**(1/3)'
2026-03-28 08:25:28,650 - game.simulation.components.abilities - WARNING - Failed to create ability 'WarpJump': could not convert string to float: '=ship_class_mass'
2026-03-28 08:25:28,651 - game.simulation.components.abilities - WARNING - Failed to create ability 'EmissiveArmor': could not convert string to float: '=15 * (ship_class_mass / 1000)**(1/3)'
2026-03-28 08:25:28,652 - game.simulation.components.abilities - WARNING - Failed to create ability 'WarpJump': could not convert string to float: '=ship_class_mass'
2026-03-28 08:25:28,656 - game.simulation.entities.ship_loader - INFO - Loaded 5 layer configurations from vehiclelayers.json.
2026-03-28 08:25:28,656 - game.simulation.entities.ship_loader - INFO - Loaded 30 vehicle classes.
2026-03-28 08:25:28,656 - game.core.json_utils - DEBUG - JSON file not found: C:\Dev\Starship Battles\output\settings\keybindings.json
2026-03-28 08:25:28,656 - game.ui.renderer.sprites - INFO - Loading sprites from C:\Dev\Starship Battles\assets\Images\Components\Tiles
2026-03-28 08:25:28,674 - game.ui.renderer.sprites - INFO - Loaded 242 sprites from directory (max index 241)
2026-03-28 08:25:28,686 - game.core.profiling - INFO - Profiler initialized with session ID: 9a584568-ffb6-4606-baf0-3edf89fbae9d
2026-03-28 08:25:28,690 - game.ui.screens.workshop_screen - DEBUG - Workshop NOT setting theme - integrated=False, empire_theme_id=None
2026-03-28 08:25:28,693 - game.ui.assets.ship_theme_manager - INFO - Discovered 5 ship themes: ['Atlantians', 'Federation', 'Klingons', 'Romulans', 'Thoraliens']
2026-03-28 08:25:29,565 - game.simulation.formula_system - WARNING - Formula evaluation failed for '40 - (0.01 * range_to_target)': Undefined variable in formula '40 - (0.01 * range_to_target)': name 'range_to_target' is not defined
2026-03-28 08:25:29,588 - game.simulation.components.abilities - WARNING - Failed to create ability 'EmissiveArmor': could not convert string to float: '=15 * (ship_class_mass / 1000)**(1/3)'
2026-03-28 08:25:29,630 - game.simulation.formula_system - WARNING - Formula evaluation failed for '15 * (1 - 0.00005 * range_to_target)': Undefined variable in formula '15 * (1 - 0.00005 * range_to_target)': name 'range_to_target' is not defined
2026-03-28 08:25:29,724 - game.simulation.components.abilities - WARNING - Failed to create ability 'WarpJump': could not convert string to float: '=ship_class_mass'
2026-03-28 08:25:29,854 - game.strategy.engine.game_initializer - INFO - GameInitializer: Creating empire 0 with theme=Federation
2026-03-28 08:25:29,855 - game.strategy.engine.game_initializer - INFO - GameInitializer: Creating empire 1 with theme=Atlantians
2026-03-28 08:25:29,897 - game.strategy.generation.planet_image_registry - INFO - Loaded 509 planet images across 12 types
2026-03-28 08:25:29,897 - game.strategy.engine.game_initializer - INFO - GameInitializer: Generating Galaxy (type=random, seed=None)...
2026-03-28 08:25:29,914 - game.strategy.engine.game_initializer - INFO - GameInitializer: Generated 25 systems.
2026-03-28 08:25:29,914 - game.strategy.engine.game_initializer - INFO - GameInitializer: Adjusted Shermans-Planet I to match species preferences (type=PELAGIC, gravity=1.0g, temp=293K, water=50%)
2026-03-28 08:25:29,914 - game.strategy.engine.game_initializer - INFO - GameInitializer: Seeded 48374644 population on Shermans-Planet I
2026-03-28 08:25:29,914 - game.strategy.engine.game_initializer - INFO - GameInitializer: Empire 'Terran Command' home at system 0
2026-03-28 08:25:29,914 - game.strategy.engine.game_initializer - INFO - GameInitializer: Adjusted Truth I to match species preferences (type=MAGMA, gravity=1.0g, temp=293K, water=50%)
2026-03-28 08:25:29,914 - game.strategy.engine.game_initializer - INFO - GameInitializer: Seeded 23107765 population on Truth I
2026-03-28 08:25:29,914 - game.strategy.engine.game_initializer - INFO - GameInitializer: Empire 'Xeno Hive' home at system 24
2026-03-28 08:25:30,092 - game.assets.asset_manager - INFO - Loaded asset manifest from C:\Dev\Starship Battles\assets\asset_manifest.json
2026-03-28 08:25:47,650 - game.core.json_utils - DEBUG - JSON file not found: C:\Dev\Starship Battles\simulation_tests\data\vehiclelayers.json
2026-03-28 08:25:47,650 - game.core.json_utils - DEBUG - JSON file not found: C:\Dev\Starship Battles\simulation_tests\data\vehiclelayers.json
2026-03-28 08:25:47,650 - game.simulation.entities.ship_loader - INFO - Loaded 14 vehicle classes.
2026-03-28 08:25:47,653 - game.simulation.systems.battle_engine - INFO - Ship 'Test Attacker Beam360 Low' (Team 0): HP=120/120 Mass=400.0 Thrust=0 Fuel=0.0 TurnSpeed=0.00 MaxSpeed=0.00
2026-03-28 08:25:47,653 - game.simulation.systems.battle_engine - INFO - Ship 'Test Target Stationary' (Team 1): HP=1000000100/1000000100 Mass=400.0 Thrust=0 Fuel=0.0 TurnSpeed=0.00 MaxSpeed=0.00
2026-03-28 08:25:53,192 - game.ui.screens.battle_ui - DEBUG - BattleUI.handle_click at (1591, 385)
2026-03-28 08:25:53,192 - game.ui.screens.battle_ui - DEBUG - test_mode=True, battle_over=False
2026-03-28 08:25:54,101 - game.ai.strategy_manager - INFO - StrategyManager loaded: 7 strategies, 5 targeting, 7 movement
2026-03-28 08:25:59,104 - game.ui.screens.battle_screen - DEBUG - Test complete! ticks=501
2026-03-28 08:26:01,434 - game.ui.screens.battle_screen - DEBUG - Test PASSED
2026-03-28 08:26:01,434 - game.ui.screens.battle_screen - DEBUG - Results populated: ['test_id', 'ticks_run', 'ticks', 'initial_hp', 'final_hp', 'damage_dealt', 'target_alive', 'hit_rate', 'expected_hit_chance', 'validation_results', 'validation_summary', 'has_validation_failures', 'has_validation_warnings']
2026-03-28 08:26:07,079 - game.ui.screens.battle_ui - DEBUG - BattleUI.handle_click at (1882, 1115)
2026-03-28 08:26:07,079 - game.ui.screens.battle_ui - DEBUG - test_mode=True, battle_over=True
2026-03-28 08:26:07,079 - game.ui.screens.battle_ui - DEBUG - Return button rect: Rect(1770, 1050, 300, 60)
2026-03-28 08:26:07,079 - game.ui.screens.battle_ui - DEBUG - Click was not on return button
2026-03-28 08:26:07,079 - game.app - DEBUG - Returning to battle setup
2026-03-28 08:26:40,468 - game.core.json_utils - DEBUG - JSON file not found: C:\Dev\Starship Battles\simulation_tests\data\vehiclelayers.json
2026-03-28 08:26:40,468 - game.core.json_utils - DEBUG - JSON file not found: C:\Dev\Starship Battles\simulation_tests\data\vehiclelayers.json
2026-03-28 08:26:40,468 - game.simulation.entities.ship_loader - INFO - Loaded 14 vehicle classes.
2026-03-28 08:26:40,471 - game.simulation.systems.battle_engine - INFO - Ship 'Test Attacker Beam360 Low' (Team 0): HP=120/120 Mass=400.0 Thrust=0 Fuel=0.0 TurnSpeed=0.00 MaxSpeed=0.00
2026-03-28 08:26:40,471 - game.simulation.systems.battle_engine - INFO - Ship 'Test Target Stationary' (Team 1): HP=1000000100/1000000100 Mass=400.0 Thrust=0 Fuel=0.0 TurnSpeed=0.00 MaxSpeed=0.00
2026-03-28 08:26:40,568 - game.core.json_utils - DEBUG - Saved JSON to C:\Dev\Starship Battles\simulation_tests\test_history.json
2026-03-28 08:26:59,910 - game.core.json_utils - DEBUG - JSON file not found: C:\Dev\Starship Battles\simulation_tests\data\vehiclelayers.json
2026-03-28 08:26:59,910 - game.core.json_utils - DEBUG - JSON file not found: C:\Dev\Starship Battles\simulation_tests\data\vehiclelayers.json
2026-03-28 08:26:59,910 - game.simulation.entities.ship_loader - INFO - Loaded 14 vehicle classes.
2026-03-28 08:26:59,913 - game.simulation.systems.battle_engine - INFO - Ship 'Test Attacker Beam360 Low' (Team 0): HP=120/120 Mass=400.0 Thrust=0 Fuel=0.0 TurnSpeed=0.00 MaxSpeed=0.00
2026-03-28 08:26:59,913 - game.simulation.systems.battle_engine - INFO - Ship 'Test Target Stationary' (Team 1): HP=1000000100/1000000100 Mass=400.0 Thrust=0 Fuel=0.0 TurnSpeed=0.00 MaxSpeed=0.00
2026-03-28 08:27:01,370 - game.ui.screens.battle_ui - DEBUG - BattleUI.handle_click at (1400, 331)
2026-03-28 08:27:01,371 - game.ui.screens.battle_ui - DEBUG - test_mode=True, battle_over=False
2026-03-28 08:27:06,933 - game.ui.screens.battle_screen - DEBUG - Test complete! ticks=501
2026-03-28 08:27:06,933 - game.ui.screens.battle_screen - DEBUG - Test PASSED
2026-03-28 08:27:06,934 - game.ui.screens.battle_screen - DEBUG - Results populated: ['test_id', 'ticks_run', 'ticks', 'initial_hp', 'final_hp', 'damage_dealt', 'target_alive', 'hit_rate', 'expected_hit_chance', 'validation_results', 'validation_summary', 'has_validation_failures', 'has_validation_warnings']
2026-03-28 08:27:11,344 - game.ui.screens.battle_ui - DEBUG - BattleUI.handle_click at (1911, 1107)
2026-03-28 08:27:11,344 - game.ui.screens.battle_ui - DEBUG - test_mode=True, battle_over=True
2026-03-28 08:27:11,344 - game.ui.screens.battle_ui - DEBUG - Return button rect: Rect(1770, 1050, 300, 60)
2026-03-28 08:27:11,344 - game.ui.screens.battle_ui - DEBUG - Return to Combat Lab button clicked!
2026-03-28 08:27:11,344 - game.app - DEBUG - Returning to Combat Lab from test
2026-03-28 08:27:11,363 - game.core.json_utils - DEBUG - Saved JSON to C:\Dev\Starship Battles\simulation_tests\test_history.json
2026-03-28 08:27:37,998 - game.core.json_utils - DEBUG - JSON file not found: C:\Dev\Starship Battles\simulation_tests\data\vehiclelayers.json
2026-03-28 08:27:37,999 - game.core.json_utils - DEBUG - JSON file not found: C:\Dev\Starship Battles\simulation_tests\data\vehiclelayers.json
2026-03-28 08:27:37,999 - game.simulation.entities.ship_loader - INFO - Loaded 14 vehicle classes.
2026-03-28 08:27:38,001 - game.simulation.systems.battle_engine - INFO - Ship 'Test Attacker Beam360 Low' (Team 0): HP=120/120 Mass=400.0 Thrust=0 Fuel=0.0 TurnSpeed=0.00 MaxSpeed=0.00
2026-03-28 08:27:38,001 - game.simulation.systems.battle_engine - INFO - Ship 'Test Target Stationary' (Team 1): HP=1000000100/1000000100 Mass=400.0 Thrust=0 Fuel=0.0 TurnSpeed=0.00 MaxSpeed=0.00
2026-03-28 08:27:38,099 - game.core.json_utils - DEBUG - Saved JSON to C:\Dev\Starship Battles\simulation_tests\test_history.json
2026-03-28 08:27:45,078 - game.core.json_utils - DEBUG - JSON file not found: C:\Dev\Starship Battles\simulation_tests\data\vehiclelayers.json
2026-03-28 08:27:45,079 - game.core.json_utils - DEBUG - JSON file not found: C:\Dev\Starship Battles\simulation_tests\data\vehiclelayers.json
2026-03-28 08:27:45,079 - game.simulation.entities.ship_loader - INFO - Loaded 14 vehicle classes.
2026-03-28 08:27:45,081 - game.simulation.systems.battle_engine - INFO - Ship 'Test Attacker Beam360 Low' (Team 0): HP=120/120 Mass=400.0 Thrust=0 Fuel=0.0 TurnSpeed=0.00 MaxSpeed=0.00
2026-03-28 08:27:45,081 - game.simulation.systems.battle_engine - INFO - Ship 'Test Target Stationary' (Team 1): HP=1000000100/1000000100 Mass=400.0 Thrust=0 Fuel=0.0 TurnSpeed=0.00 MaxSpeed=0.00
2026-03-28 08:27:46,564 - game.ui.screens.battle_ui - DEBUG - BattleUI.handle_click at (2183, 390)
2026-03-28 08:27:46,564 - game.ui.screens.battle_ui - DEBUG - test_mode=True, battle_over=False
2026-03-28 08:27:52,018 - game.ui.screens.battle_screen - DEBUG - Test complete! ticks=501
2026-03-28 08:27:52,018 - game.ui.screens.battle_screen - DEBUG - Test PASSED
2026-03-28 08:27:52,018 - game.ui.screens.battle_screen - DEBUG - Results populated: ['test_id', 'ticks_run', 'ticks', 'initial_hp', 'final_hp', 'damage_dealt', 'target_alive', 'hit_rate', 'expected_hit_chance', 'validation_results', 'validation_summary', 'has_validation_failures', 'has_validation_warnings']
2026-03-28 08:27:53,328 - game.ui.screens.battle_ui - DEBUG - BattleUI.handle_click at (1913, 1113)
2026-03-28 08:27:53,328 - game.ui.screens.battle_ui - DEBUG - test_mode=True, battle_over=True
2026-03-28 08:27:53,328 - game.ui.screens.battle_ui - DEBUG - Return button rect: Rect(1770, 1050, 300, 60)
2026-03-28 08:27:53,328 - game.ui.screens.battle_ui - DEBUG - Click was not on return button
2026-03-28 08:27:53,328 - game.app - DEBUG - Returning to battle setup
2026-03-28 08:28:17,096 - game.core.json_utils - DEBUG - JSON file not found: C:\Dev\Starship Battles\simulation_tests\data\vehiclelayers.json
2026-03-28 08:28:17,096 - game.core.json_utils - DEBUG - JSON file not found: C:\Dev\Starship Battles\simulation_tests\data\vehiclelayers.json
2026-03-28 08:28:17,096 - game.simulation.entities.ship_loader - INFO - Loaded 14 vehicle classes.
2026-03-28 08:28:17,099 - game.simulation.systems.battle_engine - INFO - Ship 'Test Attacker Beam360 Low' (Team 0): HP=120/120 Mass=400.0 Thrust=0 Fuel=0.0 TurnSpeed=0.00 MaxSpeed=0.00
2026-03-28 08:28:17,099 - game.simulation.systems.battle_engine - INFO - Ship 'Test Target Stationary' (Team 1): HP=1000000100/1000000100 Mass=400.0 Thrust=0 Fuel=0.0 TurnSpeed=0.00 MaxSpeed=0.00
2026-03-28 08:28:18,131 - game.ui.screens.battle_ui - DEBUG - BattleUI.handle_click at (1153, 334)
2026-03-28 08:28:18,132 - game.ui.screens.battle_ui - DEBUG - test_mode=True, battle_over=False
2026-03-28 08:28:23,660 - game.ui.screens.battle_screen - DEBUG - Test complete! ticks=501
2026-03-28 08:28:23,661 - game.ui.screens.battle_screen - DEBUG - Test PASSED
2026-03-28 08:28:23,661 - game.ui.screens.battle_screen - DEBUG - Results populated: ['test_id', 'ticks_run', 'ticks', 'initial_hp', 'final_hp', 'damage_dealt', 'target_alive', 'hit_rate', 'expected_hit_chance', 'validation_results', 'validation_summary', 'has_validation_failures', 'has_validation_warnings']
2026-03-28 08:28:25,290 - game.ui.screens.battle_ui - DEBUG - BattleUI.handle_click at (1925, 1118)
2026-03-28 08:28:25,290 - game.ui.screens.battle_ui - DEBUG - test_mode=True, battle_over=True
2026-03-28 08:28:25,290 - game.ui.screens.battle_ui - DEBUG - Return button rect: Rect(1770, 1050, 300, 60)
2026-03-28 08:28:25,290 - game.ui.screens.battle_ui - DEBUG - Click was not on return button
2026-03-28 08:28:25,290 - game.app - DEBUG - Returning to battle setup
2026-03-28 08:29:19,877 - game.core.profiling - INFO - No records to save.
