2026-03-28 09:03:57 - CombatLab - DEBUG - Combat Lab logging initialized
2026-03-28 09:03:57 - CombatLab - DEBUG - Log file: C:\Dev\Starship Battles\output\logs\combat_lab.log
2026-03-28 09:03:57 - CombatLab - DEBUG - Console level: INFO
2026-03-28 09:03:59 - CombatLab.test_framework.registry - DEBUG - Registered scenario: BEAMWEAPON-008-HT - High Accuracy Beam - Max Range (720.5px surface) [100k Ticks]
2026-03-28 09:03:59 - CombatLab.test_framework.registry - DEBUG - Registered scenario: BEAMWEAPON-008 - High Accuracy Beam - Max Range (720.5px surface)
2026-03-28 09:03:59 - CombatLab.test_framework.registry - DEBUG - Registered scenario: BEAMWEAPON-007-HT - High Accuracy Beam - Point Blank (20.5px surface) [100k Ticks]
2026-03-28 09:03:59 - CombatLab.test_framework.registry - DEBUG - Registered scenario: BEAMWEAPON-007 - High Accuracy Beam - Point Blank (20.5px surface)
2026-03-28 09:03:59 - CombatLab.test_framework.registry - DEBUG - Registered scenario: BEAMWEAPON-003 - Low Accuracy Beam - Max Range (720.5px surface)
2026-03-28 09:03:59 - CombatLab.test_framework.registry - DEBUG - Registered scenario: BEAMWEAPON-002-HT - Low Accuracy Beam - Mid Range (370.5px surface) [100k Ticks]
2026-03-28 09:03:59 - CombatLab.test_framework.registry - DEBUG - Registered scenario: BEAMWEAPON-002 - Low Accuracy Beam - Mid Range (370.5px surface)
2026-03-28 09:03:59 - CombatLab.test_framework.registry - DEBUG - Registered scenario: BEAMWEAPON-001-HT - Low Accuracy Beam - Point Blank (20.5px surface) [100k Ticks]
2026-03-28 09:03:59 - CombatLab.test_framework.registry - DEBUG - Registered scenario: BEAMWEAPON-001 - Low Accuracy Beam - Point Blank (20.5px surface)
2026-03-28 09:03:59 - CombatLab.test_framework.registry - DEBUG - Registered scenario: BEAMWEAPON-010 - Medium Accuracy vs Erratic Small - Max Range (733.9px surface)
2026-03-28 09:03:59 - CombatLab.test_framework.registry - DEBUG - Registered scenario: BEAMWEAPON-009 - Medium Accuracy vs Erratic Small - Mid Range (383.9px surface)
2026-03-28 09:03:59 - CombatLab.test_framework.registry - DEBUG - Registered scenario: BEAMWEAPON-006-HT - Medium Accuracy Beam - Max Range (720.5px surface) [100k Ticks]
2026-03-28 09:03:59 - CombatLab.test_framework.registry - DEBUG - Registered scenario: BEAMWEAPON-006 - Medium Accuracy Beam - Max Range (720.5px surface)
2026-03-28 09:03:59 - CombatLab.test_framework.registry - DEBUG - Registered scenario: BEAMWEAPON-005-HT - Medium Accuracy Beam - Mid Range (370.5px surface) [100k Ticks]
2026-03-28 09:03:59 - CombatLab.test_framework.registry - DEBUG - Registered scenario: BEAMWEAPON-005 - Medium Accuracy Beam - Mid Range (370.5px surface)
2026-03-28 09:03:59 - CombatLab.test_framework.registry - DEBUG - Registered scenario: BEAMWEAPON-004-HT - Medium Accuracy Beam - Point Blank (20.5px surface) [100k Ticks]
2026-03-28 09:03:59 - CombatLab.test_framework.registry - DEBUG - Registered scenario: BEAMWEAPON-004 - Medium Accuracy Beam - Point Blank (20.5px surface)
2026-03-28 09:03:59 - CombatLab.test_framework.registry - DEBUG - Registered scenario: BEAMWEAPON-011 - Beam Out of Range - No Hits (870.5px surface > 800px max)
2026-03-28 09:03:59 - CombatLab.test_framework.registry - WARNING - StaticTargetScenario in beam_scenarios.py has no metadata
2026-03-28 09:03:59 - CombatLab.test_framework.registry - DEBUG - Registered scenario: ECM-001 - ECM Reduces Hit Rate
2026-03-28 09:03:59 - CombatLab.test_framework.registry - DEBUG - Registered scenario: ARMOR-001 - Emissive Armor Blocks Low Damage
2026-03-28 09:03:59 - CombatLab.test_framework.registry - DEBUG - Registered scenario: ARMOR-002 - Emissive Armor Reduces High Damage
2026-03-28 09:03:59 - CombatLab.test_framework.registry - DEBUG - Registered scenario: SENSOR-001 - Sensor Improves Hit Rate
2026-03-28 09:03:59 - CombatLab.test_framework.registry - DEBUG - Registered scenario: SHIELD-001 - Shield Absorbs Beam Damage
2026-03-28 09:03:59 - CombatLab.test_framework.registry - DEBUG - Registered scenario: SHIELD-002 - Shield Overflow to Hull
2026-03-28 09:03:59 - CombatLab.test_framework.registry - DEBUG - Registered scenario: SHIELD-003 - Shield Regeneration Sustains
2026-03-28 09:03:59 - CombatLab.test_framework.registry - WARNING - StaticTargetScenario in defense_scenarios.py has no metadata
2026-03-28 09:03:59 - CombatLab.test_framework.registry - DEBUG - Registered scenario: EXAMPLE-001 - Example beam point-blank test
2026-03-28 09:03:59 - CombatLab.test_framework.registry - DEBUG - Registered scenario: MOD-005 - Accuracy boost on beam (+1.0)
2026-03-28 09:03:59 - CombatLab.test_framework.registry - DEBUG - Registered scenario: MOD-001 - Damage multiplier on beam (1.5x)
2026-03-28 09:03:59 - CombatLab.test_framework.registry - WARNING - PropulsionScenario in modifier_scenarios.py has no metadata
2026-03-28 09:03:59 - CombatLab.test_framework.registry - DEBUG - Registered scenario: MOD-002 - Range multiplier on beam (2x)
2026-03-28 09:03:59 - CombatLab.test_framework.registry - DEBUG - Registered scenario: MOD-003 - Reload reduction on beam
2026-03-28 09:03:59 - CombatLab.test_framework.registry - WARNING - StaticTargetScenario in modifier_scenarios.py has no metadata
2026-03-28 09:03:59 - CombatLab.test_framework.registry - DEBUG - Registered scenario: MOD-004 - Thrust multiplier on engine (2x)
2026-03-28 09:03:59 - CombatLab.test_framework.registry - DEBUG - Registered scenario: MOD-006 - Turret arc set to 180 degrees
2026-03-28 09:03:59 - CombatLab.test_framework.registry - DEBUG - Registered scenario: PROJ360-DMG-010 - Projectile Damage - Close Range (100px / 10%)
2026-03-28 09:03:59 - CombatLab.test_framework.registry - DEBUG - Registered scenario: PROJ360-DMG-090 - Projectile Damage - Long Range (900px / 90%)
2026-03-28 09:03:59 - CombatLab.test_framework.registry - DEBUG - Registered scenario: PROJ360-DMG-050 - Projectile Damage - Mid Range (500px / 50%)
2026-03-28 09:03:59 - CombatLab.test_framework.registry - DEBUG - Registered scenario: PROJ360-005 - Projectile vs Erratic Large Target (300px)
2026-03-28 09:03:59 - CombatLab.test_framework.registry - DEBUG - Registered scenario: PROJ360-004 - Projectile vs Erratic Small Target (300px)
2026-03-28 09:03:59 - CombatLab.test_framework.registry - DEBUG - Registered scenario: PROJ360-003 - Projectile vs Fast Linear Target (400px)
2026-03-28 09:03:59 - CombatLab.test_framework.registry - DEBUG - Registered scenario: PROJ360-002 - Projectile vs Slow Linear Target (200px)
2026-03-28 09:03:59 - CombatLab.test_framework.registry - DEBUG - Registered scenario: PROJ360-006 - Projectile Out of Range (1200px > 1000px max)
2026-03-28 09:03:59 - CombatLab.test_framework.registry - DEBUG - Registered scenario: PROJ360-001 - Projectile vs Stationary - Point Blank (200px)
2026-03-28 09:03:59 - CombatLab.test_framework.registry - WARNING - StaticTargetScenario in projectile_scenarios.py has no metadata
2026-03-28 09:03:59 - CombatLab.test_framework.registry - DEBUG - Registered scenario: PROP-001c - Dual engines stack thrust
2026-03-28 09:03:59 - CombatLab.test_framework.registry - DEBUG - Registered scenario: PROP-004b - Dual thrusters stack turn rate
2026-03-28 09:03:59 - CombatLab.test_framework.registry - DEBUG - Registered scenario: PROP-001 - Engine provides thrust - ship accelerates
2026-03-28 09:03:59 - CombatLab.test_framework.registry - DEBUG - Registered scenario: PROP-005 - Mass affects turn rate
2026-03-28 09:03:59 - CombatLab.test_framework.registry - DEBUG - Registered scenario: PROP-001b - Ship without engine stays stationary
2026-03-28 09:03:59 - CombatLab.test_framework.registry - DEBUG - Registered scenario: PROP-002 - Thrust/mass ratio affects max speed
2026-03-28 09:03:59 - CombatLab.test_framework.registry - DEBUG - Registered scenario: PROP-003b - Thruster-only ship rotates but cannot translate
2026-03-28 09:03:59 - CombatLab.test_framework.registry - DEBUG - Registered scenario: PROP-004 - Turn rate allows rotation
2026-03-28 09:03:59 - CombatLab.test_framework.registry - DEBUG - Registered scenario: PROP-003 - Thruster provides turn rate
2026-03-28 09:03:59 - CombatLab.test_framework.registry - WARNING - PropulsionScenario in propulsion_scenarios.py has no metadata
2026-03-28 09:03:59 - CombatLab.test_framework.registry - DEBUG - Registered scenario: RESOURCE-004 - Beam Weapon Energy Consumption
2026-03-28 09:03:59 - CombatLab.test_framework.registry - DEBUG - Registered scenario: RESOURCE-005 - Beam Energy Depletion
2026-03-28 09:03:59 - CombatLab.test_framework.registry - DEBUG - Registered scenario: RESOURCE-005a - Energy Regeneration Sustains Weapon
2026-03-28 09:03:59 - CombatLab.test_framework.registry - DEBUG - Registered scenario: RESOURCE-001 - Engine Fuel Consumption
2026-03-28 09:03:59 - CombatLab.test_framework.registry - DEBUG - Registered scenario: RESOURCE-002 - Engine Fuel Depletion (Starvation)
2026-03-28 09:03:59 - CombatLab.test_framework.registry - DEBUG - Registered scenario: RESOURCE-003 - Fuel Generation Sustains Movement
2026-03-28 09:03:59 - CombatLab.test_framework.registry - DEBUG - Registered scenario: RESOURCE-006 - Projectile Ammo Consumption
2026-03-28 09:03:59 - CombatLab.test_framework.registry - DEBUG - Registered scenario: RESOURCE-007 - Projectile Ammo Depletion
2026-03-28 09:03:59 - CombatLab.test_framework.registry - DEBUG - Registered scenario: RESOURCE-008 - Seeker Ammo Consumption
2026-03-28 09:03:59 - CombatLab.test_framework.registry - DEBUG - Registered scenario: SEEK360-003 - Seeker Expires - Beyond Range (5000px)
2026-03-28 09:03:59 - CombatLab.test_framework.registry - DEBUG - Registered scenario: SEEK360-001 - Seeker Impact - Close Range (500px)
2026-03-28 09:03:59 - CombatLab.test_framework.registry - DEBUG - Registered scenario: SEEK360-004 - Seeker Impact - Edge Case Range (4500px)
2026-03-28 09:03:59 - CombatLab.test_framework.registry - DEBUG - Registered scenario: SEEK360-002 - Seeker Impact - Mid Range (2500px)
2026-03-28 09:03:59 - CombatLab.test_framework.registry - DEBUG - Registered scenario: SEEK360-PD-001 - Seeker vs No Point Defense (Baseline)
2026-03-28 09:03:59 - CombatLab.test_framework.registry - DEBUG - Registered scenario: SEEK360-PD-002 - Seeker vs Single Point Defense
2026-03-28 09:03:59 - CombatLab.test_framework.registry - DEBUG - Registered scenario: SEEK360-PD-003 - Seeker vs Triple Point Defense
2026-03-28 09:03:59 - CombatLab.test_framework.registry - DEBUG - Registered scenario: SEEK360-TRACK-004 - Seeker Tracking - Erratic Small Target (1000px)
2026-03-28 09:03:59 - CombatLab.test_framework.registry - DEBUG - Registered scenario: SEEK360-TRACK-002 - Seeker Tracking - Linear Target (1000px)
2026-03-28 09:03:59 - CombatLab.test_framework.registry - DEBUG - Registered scenario: SEEK360-TRACK-003 - Seeker Tracking - Orbiting Target (1000px)
2026-03-28 09:03:59 - CombatLab.test_framework.registry - DEBUG - Registered scenario: SEEK360-TRACK-001 - Seeker Tracking - Stationary Target (1000px)
2026-03-28 09:03:59 - CombatLab.test_framework.registry - WARNING - StaticTargetScenario in seeker_scenarios.py has no metadata
2026-03-28 09:03:59 - CombatLab.test_framework.registry - WARNING - DuelScenario in templates.py has no metadata
2026-03-28 09:03:59 - CombatLab.test_framework.registry - WARNING - PropulsionScenario in templates.py has no metadata
2026-03-28 09:03:59 - CombatLab.test_framework.registry - WARNING - StaticTargetScenario in templates.py has no metadata
2026-03-28 09:03:59 - CombatLab.test_framework.registry - INFO - Discovered 70 scenarios
2026-03-28 09:03:59 - CombatLab.test_framework.test_history - INFO - Loaded 70 test histories from C:\Dev\Starship Battles\simulation_tests\test_history.json
2026-03-28 09:03:59 - CombatLab.test_framework.services.metadata_management_service - INFO - 
=== Static Validation: Checking test metadata against component data ===
2026-03-28 09:03:59 - CombatLab.test_framework.services.metadata_management_service - INFO -   BEAMWEAPON-010: 4 pass, 1 fail, 0 warn
2026-03-28 09:03:59 - CombatLab.test_framework.services.metadata_management_service - INFO -   BEAMWEAPON-009: 4 pass, 1 fail, 0 warn
2026-03-28 09:03:59 - CombatLab.test_framework.services.metadata_management_service - INFO -   PROP-001b: Could not build validation context
2026-03-28 09:03:59 - CombatLab.test_framework.services.metadata_management_service - INFO -   PROP-002: Could not build validation context
2026-03-28 09:03:59 - CombatLab.test_framework.services.metadata_management_service - INFO - === Static Validation Complete ===

2026-03-28 09:04:24 - CombatLab.game.ui.screens.test_lab.test_executor - DEBUG -  Instantiating scenario class
2026-03-28 09:04:24 - CombatLab.game.ui.screens.test_lab.test_executor - DEBUG -  Scenario instantiated: [BEAMWEAPON-001] Low Accuracy Beam - Point Blank (20.5px surface)
2026-03-28 09:04:24 - CombatLab.game.ui.screens.test_lab.test_executor - DEBUG -  Loading test data for scenario
2026-03-28 09:04:24 - CombatLab.test_framework.runner - INFO - Loading data for scenario: [BEAMWEAPON-001] Low Accuracy Beam - Point Blank (20.5px surface)
2026-03-28 09:04:24 - CombatLab.test_framework.runner - DEBUG - RegistryManager frozen state: True
2026-03-28 09:04:24 - CombatLab.test_framework.runner - DEBUG - Unfreezing RegistryManager for test data loading
2026-03-28 09:04:24 - CombatLab.test_framework.runner - DEBUG - Clearing registry
2026-03-28 09:04:24 - CombatLab.test_framework.runner - DEBUG - Loading modifiers from C:\Dev\Starship Battles\simulation_tests\data\modifiers.json
2026-03-28 09:04:24 - CombatLab.test_framework.runner - DEBUG - Loading components from C:\Dev\Starship Battles\simulation_tests\data\components.json
2026-03-28 09:04:24 - CombatLab.test_framework.runner - DEBUG - Loading vehicle classes from C:\Dev\Starship Battles\simulation_tests\data\vehicleclasses.json
2026-03-28 09:04:24 - CombatLab.test_framework.runner - DEBUG - Registry remains unfrozen to allow ship loading
2026-03-28 09:04:24 - CombatLab.game.ui.screens.test_lab.test_executor - DEBUG -  Test data loaded successfully
2026-03-28 09:04:24 - CombatLab.simulation_tests.scenarios.base - DEBUG - Loading ship from dict: Test Attacker Beam360 Low
2026-03-28 09:04:24 - CombatLab.simulation_tests.scenarios.base - DEBUG - Ship has 1 CORE components
2026-03-28 09:04:24 - CombatLab.simulation_tests.scenarios.base - DEBUG - Registry frozen state before Ship.from_dict: False
2026-03-28 09:04:24 - CombatLab.simulation_tests.scenarios.base - DEBUG - Ship loaded successfully
2026-03-28 09:04:24 - CombatLab.simulation_tests.scenarios.base - DEBUG - Ship stats recalculated
2026-03-28 09:04:24 - CombatLab.simulation_tests.scenarios.base - DEBUG - Loading ship from dict: Test Target Stationary
2026-03-28 09:04:24 - CombatLab.simulation_tests.scenarios.base - DEBUG - Ship has 1 CORE components
2026-03-28 09:04:24 - CombatLab.simulation_tests.scenarios.base - DEBUG - Registry frozen state before Ship.from_dict: False
2026-03-28 09:04:24 - CombatLab.simulation_tests.scenarios.base - DEBUG - Ship loaded successfully
2026-03-28 09:04:24 - CombatLab.simulation_tests.scenarios.base - DEBUG - Ship stats recalculated
2026-03-28 09:04:32 - CombatLab.simulation_tests.scenarios.base - DEBUG - Extracted weapon data from Test Attacker Beam360 Low: {'damage': 1.0, 'range': 800.0, 'base_accuracy': 0.5, 'accuracy_falloff': 0.002, 'reload_time': 0.0, 'firing_arc': 0.0}
2026-03-28 09:04:33 - CombatLab.test_framework.runner - DEBUG - Logged test execution to C:\Dev\Starship Battles\simulation_tests\output\combat_lab_test_log.jsonl
2026-03-28 09:04:33 - CombatLab.test_framework.runner - INFO - [TEST LOG] BEAMWEAPON-001 - Mode: UI - Result: PASS
2026-03-28 09:04:58 - CombatLab.game.ui.screens.test_lab.screen - DEBUG - Storing visual test results for BEAMWEAPON-001
2026-03-28 09:04:58 - CombatLab.test_framework.registry - DEBUG - Updated results for BEAMWEAPON-001
2026-03-28 09:04:58 - CombatLab.test_framework.test_history - INFO - Added run for BEAMWEAPON-001 (PASS), now 7 runs
2026-03-28 09:04:58 - CombatLab.test_framework.test_history - DEBUG - Saved 239 total runs
2026-03-28 09:04:58 - CombatLab.game.ui.screens.test_lab.screen - DEBUG - Test selection cleared
2026-03-28 09:05:21 - CombatLab.game.ui.screens.test_lab.test_executor - DEBUG -  Instantiating scenario class
2026-03-28 09:05:21 - CombatLab.game.ui.screens.test_lab.test_executor - DEBUG -  Scenario instantiated: [BEAMWEAPON-001] Low Accuracy Beam - Point Blank (20.5px surface)
2026-03-28 09:05:21 - CombatLab.game.ui.screens.test_lab.test_executor - DEBUG -  Loading test data for scenario
2026-03-28 09:05:21 - CombatLab.test_framework.runner - INFO - Loading data for scenario: [BEAMWEAPON-001] Low Accuracy Beam - Point Blank (20.5px surface)
2026-03-28 09:05:21 - CombatLab.test_framework.runner - DEBUG - RegistryManager frozen state: False
2026-03-28 09:05:21 - CombatLab.test_framework.runner - DEBUG - Clearing registry
2026-03-28 09:05:21 - CombatLab.test_framework.runner - DEBUG - Loading modifiers from C:\Dev\Starship Battles\simulation_tests\data\modifiers.json
2026-03-28 09:05:21 - CombatLab.test_framework.runner - DEBUG - Loading components from C:\Dev\Starship Battles\simulation_tests\data\components.json
2026-03-28 09:05:21 - CombatLab.test_framework.runner - DEBUG - Loading vehicle classes from C:\Dev\Starship Battles\simulation_tests\data\vehicleclasses.json
2026-03-28 09:05:21 - CombatLab.test_framework.runner - DEBUG - Registry remains unfrozen to allow ship loading
2026-03-28 09:05:21 - CombatLab.game.ui.screens.test_lab.test_executor - DEBUG -  Test data loaded successfully
2026-03-28 09:05:21 - CombatLab.simulation_tests.scenarios.base - DEBUG - Loading ship from dict: Test Attacker Beam360 Low
2026-03-28 09:05:21 - CombatLab.simulation_tests.scenarios.base - DEBUG - Ship has 1 CORE components
2026-03-28 09:05:21 - CombatLab.simulation_tests.scenarios.base - DEBUG - Registry frozen state before Ship.from_dict: False
2026-03-28 09:05:21 - CombatLab.simulation_tests.scenarios.base - DEBUG - Ship loaded successfully
2026-03-28 09:05:21 - CombatLab.simulation_tests.scenarios.base - DEBUG - Ship stats recalculated
2026-03-28 09:05:21 - CombatLab.simulation_tests.scenarios.base - DEBUG - Loading ship from dict: Test Target Stationary
2026-03-28 09:05:21 - CombatLab.simulation_tests.scenarios.base - DEBUG - Ship has 1 CORE components
2026-03-28 09:05:21 - CombatLab.simulation_tests.scenarios.base - DEBUG - Registry frozen state before Ship.from_dict: False
2026-03-28 09:05:21 - CombatLab.simulation_tests.scenarios.base - DEBUG - Ship loaded successfully
2026-03-28 09:05:21 - CombatLab.simulation_tests.scenarios.base - DEBUG - Ship stats recalculated
2026-03-28 09:05:28 - CombatLab.simulation_tests.scenarios.base - DEBUG - Extracted weapon data from Test Attacker Beam360 Low: {'damage': 1.0, 'range': 800.0, 'base_accuracy': 0.5, 'accuracy_falloff': 0.002, 'reload_time': 0.0, 'firing_arc': 0.0}
2026-03-28 09:05:28 - CombatLab.test_framework.runner - DEBUG - Logged test execution to C:\Dev\Starship Battles\simulation_tests\output\combat_lab_test_log.jsonl
2026-03-28 09:05:28 - CombatLab.test_framework.runner - INFO - [TEST LOG] BEAMWEAPON-001 - Mode: UI - Result: PASS
2026-03-28 09:05:34 - CombatLab.game.ui.screens.test_lab.screen - DEBUG - Storing visual test results for BEAMWEAPON-001
2026-03-28 09:05:34 - CombatLab.test_framework.registry - DEBUG - Updated results for BEAMWEAPON-001
2026-03-28 09:05:34 - CombatLab.test_framework.test_history - INFO - Added run for BEAMWEAPON-001 (PASS), now 8 runs
2026-03-28 09:05:34 - CombatLab.test_framework.test_history - DEBUG - Saved 240 total runs
2026-03-28 09:05:34 - CombatLab.game.ui.screens.test_lab.screen - DEBUG - Test selection cleared
2026-03-28 09:05:46 - CombatLab.game.ui.screens.test_lab.test_executor - DEBUG -  Instantiating scenario class for headless run
2026-03-28 09:05:46 - CombatLab.game.ui.screens.test_lab.test_executor - DEBUG -  Scenario instantiated: [BEAMWEAPON-001] Low Accuracy Beam - Point Blank (20.5px surface)
2026-03-28 09:05:46 - CombatLab.game.ui.screens.test_lab.test_executor - DEBUG -  Loading test data for scenario
2026-03-28 09:05:46 - CombatLab.test_framework.runner - INFO - Loading data for scenario: [BEAMWEAPON-001] Low Accuracy Beam - Point Blank (20.5px surface)
2026-03-28 09:05:46 - CombatLab.test_framework.runner - DEBUG - RegistryManager frozen state: False
2026-03-28 09:05:46 - CombatLab.test_framework.runner - DEBUG - Clearing registry
2026-03-28 09:05:46 - CombatLab.test_framework.runner - DEBUG - Loading modifiers from C:\Dev\Starship Battles\simulation_tests\data\modifiers.json
2026-03-28 09:05:46 - CombatLab.test_framework.runner - DEBUG - Loading components from C:\Dev\Starship Battles\simulation_tests\data\components.json
2026-03-28 09:05:46 - CombatLab.test_framework.runner - DEBUG - Loading vehicle classes from C:\Dev\Starship Battles\simulation_tests\data\vehicleclasses.json
2026-03-28 09:05:46 - CombatLab.test_framework.runner - DEBUG - Registry remains unfrozen to allow ship loading
2026-03-28 09:05:46 - CombatLab.game.ui.screens.test_lab.test_executor - DEBUG -  Test data loaded successfully
2026-03-28 09:05:46 - CombatLab.game.ui.screens.test_lab.test_executor - DEBUG -  Using seed: 221670908 (mode: random)
2026-03-28 09:05:46 - CombatLab.game.ui.screens.test_lab.test_executor - DEBUG -  Set scenario._override_seed=221670908
2026-03-28 09:05:46 - CombatLab.game.ui.screens.test_lab.test_executor - DEBUG -  Calling scenario.setup()
2026-03-28 09:05:46 - CombatLab.simulation_tests.scenarios.base - DEBUG - Loading ship from dict: Test Attacker Beam360 Low
2026-03-28 09:05:46 - CombatLab.simulation_tests.scenarios.base - DEBUG - Ship has 1 CORE components
2026-03-28 09:05:46 - CombatLab.simulation_tests.scenarios.base - DEBUG - Registry frozen state before Ship.from_dict: False
2026-03-28 09:05:46 - CombatLab.simulation_tests.scenarios.base - DEBUG - Ship loaded successfully
2026-03-28 09:05:46 - CombatLab.simulation_tests.scenarios.base - DEBUG - Ship stats recalculated
2026-03-28 09:05:46 - CombatLab.simulation_tests.scenarios.base - DEBUG - Loading ship from dict: Test Target Stationary
2026-03-28 09:05:46 - CombatLab.simulation_tests.scenarios.base - DEBUG - Ship has 1 CORE components
2026-03-28 09:05:46 - CombatLab.simulation_tests.scenarios.base - DEBUG - Registry frozen state before Ship.from_dict: False
2026-03-28 09:05:46 - CombatLab.simulation_tests.scenarios.base - DEBUG - Ship loaded successfully
2026-03-28 09:05:46 - CombatLab.simulation_tests.scenarios.base - DEBUG - Ship stats recalculated
2026-03-28 09:05:46 - CombatLab.game.ui.screens.test_lab.test_executor - DEBUG -  Scenario setup complete
2026-03-28 09:05:46 - CombatLab.game.ui.screens.test_lab.test_executor - DEBUG -  Starting headless simulation loop (max_ticks=500)
2026-03-28 09:05:46 - CombatLab.game.ui.screens.test_lab.test_executor - DEBUG -  Battle ended naturally at tick 500
2026-03-28 09:05:46 - CombatLab.game.ui.screens.test_lab.test_executor - DEBUG -  Simulation complete: 500 ticks in 0.07s (7502 ticks/sec)
2026-03-28 09:05:46 - CombatLab.simulation_tests.scenarios.base - DEBUG - Extracted weapon data from Test Attacker Beam360 Low: {'damage': 1.0, 'range': 800.0, 'base_accuracy': 0.5, 'accuracy_falloff': 0.002, 'reload_time': 0.0, 'firing_arc': 0.0}
2026-03-28 09:05:46 - CombatLab.game.ui.screens.test_lab.test_executor - DEBUG -  Test PASSED
2026-03-28 09:05:46 - CombatLab.test_framework.registry - DEBUG - Updated results for BEAMWEAPON-001
2026-03-28 09:05:46 - CombatLab.test_framework.test_history - INFO - Added run for BEAMWEAPON-001 (PASS), now 9 runs
2026-03-28 09:05:46 - CombatLab.test_framework.test_history - DEBUG - Saved 241 total runs
2026-03-28 09:05:46 - CombatLab.test_framework.runner - DEBUG - Logged test execution to C:\Dev\Starship Battles\simulation_tests\output\combat_lab_test_log.jsonl
2026-03-28 09:05:46 - CombatLab.test_framework.runner - INFO - [TEST LOG] BEAMWEAPON-001 - Mode: Headless - Result: PASS
2026-03-28 09:05:50 - CombatLab.game.ui.screens.test_lab.test_executor - DEBUG -  Instantiating scenario class
2026-03-28 09:05:50 - CombatLab.game.ui.screens.test_lab.test_executor - DEBUG -  Scenario instantiated: [BEAMWEAPON-001] Low Accuracy Beam - Point Blank (20.5px surface)
2026-03-28 09:05:50 - CombatLab.game.ui.screens.test_lab.test_executor - DEBUG -  Loading test data for scenario
2026-03-28 09:05:50 - CombatLab.test_framework.runner - INFO - Loading data for scenario: [BEAMWEAPON-001] Low Accuracy Beam - Point Blank (20.5px surface)
2026-03-28 09:05:50 - CombatLab.test_framework.runner - DEBUG - RegistryManager frozen state: False
2026-03-28 09:05:50 - CombatLab.test_framework.runner - DEBUG - Clearing registry
2026-03-28 09:05:50 - CombatLab.test_framework.runner - DEBUG - Loading modifiers from C:\Dev\Starship Battles\simulation_tests\data\modifiers.json
2026-03-28 09:05:50 - CombatLab.test_framework.runner - DEBUG - Loading components from C:\Dev\Starship Battles\simulation_tests\data\components.json
2026-03-28 09:05:50 - CombatLab.test_framework.runner - DEBUG - Loading vehicle classes from C:\Dev\Starship Battles\simulation_tests\data\vehicleclasses.json
2026-03-28 09:05:50 - CombatLab.test_framework.runner - DEBUG - Registry remains unfrozen to allow ship loading
2026-03-28 09:05:50 - CombatLab.game.ui.screens.test_lab.test_executor - DEBUG -  Test data loaded successfully
2026-03-28 09:05:50 - CombatLab.simulation_tests.scenarios.base - DEBUG - Loading ship from dict: Test Attacker Beam360 Low
2026-03-28 09:05:50 - CombatLab.simulation_tests.scenarios.base - DEBUG - Ship has 1 CORE components
2026-03-28 09:05:50 - CombatLab.simulation_tests.scenarios.base - DEBUG - Registry frozen state before Ship.from_dict: False
2026-03-28 09:05:50 - CombatLab.simulation_tests.scenarios.base - DEBUG - Ship loaded successfully
2026-03-28 09:05:50 - CombatLab.simulation_tests.scenarios.base - DEBUG - Ship stats recalculated
2026-03-28 09:05:50 - CombatLab.simulation_tests.scenarios.base - DEBUG - Loading ship from dict: Test Target Stationary
2026-03-28 09:05:50 - CombatLab.simulation_tests.scenarios.base - DEBUG - Ship has 1 CORE components
2026-03-28 09:05:50 - CombatLab.simulation_tests.scenarios.base - DEBUG - Registry frozen state before Ship.from_dict: False
2026-03-28 09:05:51 - CombatLab.simulation_tests.scenarios.base - DEBUG - Ship loaded successfully
2026-03-28 09:05:51 - CombatLab.simulation_tests.scenarios.base - DEBUG - Ship stats recalculated
2026-03-28 09:05:59 - CombatLab.simulation_tests.scenarios.base - DEBUG - Extracted weapon data from Test Attacker Beam360 Low: {'damage': 1.0, 'range': 800.0, 'base_accuracy': 0.5, 'accuracy_falloff': 0.002, 'reload_time': 0.0, 'firing_arc': 0.0}
2026-03-28 09:05:59 - CombatLab.test_framework.runner - DEBUG - Logged test execution to C:\Dev\Starship Battles\simulation_tests\output\combat_lab_test_log.jsonl
2026-03-28 09:05:59 - CombatLab.test_framework.runner - INFO - [TEST LOG] BEAMWEAPON-001 - Mode: UI - Result: PASS
2026-03-28 09:06:02 - CombatLab.game.ui.screens.test_lab.screen - DEBUG - Storing visual test results for BEAMWEAPON-001
2026-03-28 09:06:02 - CombatLab.test_framework.registry - DEBUG - Updated results for BEAMWEAPON-001
2026-03-28 09:06:02 - CombatLab.test_framework.test_history - INFO - Added run for BEAMWEAPON-001 (PASS), now 10 runs
2026-03-28 09:06:02 - CombatLab.test_framework.test_history - DEBUG - Saved 242 total runs
2026-03-28 09:06:02 - CombatLab.game.ui.screens.test_lab.screen - DEBUG - Test selection cleared
2026-03-28 09:06:29 - CombatLab.game.ui.screens.test_lab.test_executor - DEBUG -  Instantiating scenario class
2026-03-28 09:06:29 - CombatLab.game.ui.screens.test_lab.test_executor - DEBUG -  Scenario instantiated: [BEAMWEAPON-008] High Accuracy Beam - Max Range (720.5px surface)
2026-03-28 09:06:29 - CombatLab.game.ui.screens.test_lab.test_executor - DEBUG -  Loading test data for scenario
2026-03-28 09:06:29 - CombatLab.test_framework.runner - INFO - Loading data for scenario: [BEAMWEAPON-008] High Accuracy Beam - Max Range (720.5px surface)
2026-03-28 09:06:29 - CombatLab.test_framework.runner - DEBUG - RegistryManager frozen state: False
2026-03-28 09:06:29 - CombatLab.test_framework.runner - DEBUG - Clearing registry
2026-03-28 09:06:29 - CombatLab.test_framework.runner - DEBUG - Loading modifiers from C:\Dev\Starship Battles\simulation_tests\data\modifiers.json
2026-03-28 09:06:29 - CombatLab.test_framework.runner - DEBUG - Loading components from C:\Dev\Starship Battles\simulation_tests\data\components.json
2026-03-28 09:06:29 - CombatLab.test_framework.runner - DEBUG - Loading vehicle classes from C:\Dev\Starship Battles\simulation_tests\data\vehicleclasses.json
2026-03-28 09:06:29 - CombatLab.test_framework.runner - DEBUG - Registry remains unfrozen to allow ship loading
2026-03-28 09:06:29 - CombatLab.game.ui.screens.test_lab.test_executor - DEBUG -  Test data loaded successfully
2026-03-28 09:06:29 - CombatLab.simulation_tests.scenarios.base - DEBUG - Loading ship from dict: Test Attacker Beam360 High
2026-03-28 09:06:29 - CombatLab.simulation_tests.scenarios.base - DEBUG - Ship has 1 CORE components
2026-03-28 09:06:29 - CombatLab.simulation_tests.scenarios.base - DEBUG - Registry frozen state before Ship.from_dict: False
2026-03-28 09:06:29 - CombatLab.simulation_tests.scenarios.base - DEBUG - Ship loaded successfully
2026-03-28 09:06:29 - CombatLab.simulation_tests.scenarios.base - DEBUG - Ship stats recalculated
2026-03-28 09:06:29 - CombatLab.simulation_tests.scenarios.base - DEBUG - Loading ship from dict: Test Target Stationary
2026-03-28 09:06:29 - CombatLab.simulation_tests.scenarios.base - DEBUG - Ship has 1 CORE components
2026-03-28 09:06:29 - CombatLab.simulation_tests.scenarios.base - DEBUG - Registry frozen state before Ship.from_dict: False
2026-03-28 09:06:29 - CombatLab.simulation_tests.scenarios.base - DEBUG - Ship loaded successfully
2026-03-28 09:06:29 - CombatLab.simulation_tests.scenarios.base - DEBUG - Ship stats recalculated
2026-03-28 09:06:38 - CombatLab.simulation_tests.scenarios.base - DEBUG - Extracted weapon data from Test Attacker Beam360 High: {'damage': 1.0, 'range': 800.0, 'base_accuracy': 5.0, 'accuracy_falloff': 0.0005, 'reload_time': 0.0, 'firing_arc': 0.0}
2026-03-28 09:06:38 - CombatLab.test_framework.runner - DEBUG - Logged test execution to C:\Dev\Starship Battles\simulation_tests\output\combat_lab_test_log.jsonl
2026-03-28 09:06:38 - CombatLab.test_framework.runner - INFO - [TEST LOG] BEAMWEAPON-008 - Mode: UI - Result: PASS
2026-03-28 09:06:42 - CombatLab.game.ui.screens.test_lab.screen - DEBUG - Storing visual test results for BEAMWEAPON-008
2026-03-28 09:06:42 - CombatLab.test_framework.registry - DEBUG - Updated results for BEAMWEAPON-008
2026-03-28 09:06:42 - CombatLab.test_framework.test_history - INFO - Added run for BEAMWEAPON-008 (PASS), now 4 runs
2026-03-28 09:06:42 - CombatLab.test_framework.test_history - DEBUG - Saved 243 total runs
2026-03-28 09:06:42 - CombatLab.game.ui.screens.test_lab.screen - DEBUG - Test selection cleared
2026-03-28 09:06:58 - CombatLab.game.ui.screens.test_lab.test_executor - DEBUG -  Instantiating scenario class
2026-03-28 09:06:58 - CombatLab.game.ui.screens.test_lab.test_executor - DEBUG -  Scenario instantiated: [ARMOR-001] Emissive Armor Blocks Low Damage
2026-03-28 09:06:58 - CombatLab.game.ui.screens.test_lab.test_executor - DEBUG -  Loading test data for scenario
2026-03-28 09:06:58 - CombatLab.test_framework.runner - INFO - Loading data for scenario: [ARMOR-001] Emissive Armor Blocks Low Damage
2026-03-28 09:06:58 - CombatLab.test_framework.runner - DEBUG - RegistryManager frozen state: False
2026-03-28 09:06:58 - CombatLab.test_framework.runner - DEBUG - Clearing registry
2026-03-28 09:06:58 - CombatLab.test_framework.runner - DEBUG - Loading modifiers from C:\Dev\Starship Battles\simulation_tests\data\modifiers.json
2026-03-28 09:06:58 - CombatLab.test_framework.runner - DEBUG - Loading components from C:\Dev\Starship Battles\simulation_tests\data\components.json
2026-03-28 09:06:58 - CombatLab.test_framework.runner - DEBUG - Loading vehicle classes from C:\Dev\Starship Battles\simulation_tests\data\vehicleclasses.json
2026-03-28 09:06:58 - CombatLab.test_framework.runner - DEBUG - Registry remains unfrozen to allow ship loading
2026-03-28 09:06:58 - CombatLab.game.ui.screens.test_lab.test_executor - DEBUG -  Test data loaded successfully
2026-03-28 09:06:58 - CombatLab.simulation_tests.scenarios.base - DEBUG - Loading ship from dict: Test Attacker Beam360 Med
2026-03-28 09:06:58 - CombatLab.simulation_tests.scenarios.base - DEBUG - Ship has 1 CORE components
2026-03-28 09:06:58 - CombatLab.simulation_tests.scenarios.base - DEBUG - Registry frozen state before Ship.from_dict: False
2026-03-28 09:06:58 - CombatLab.simulation_tests.scenarios.base - DEBUG - Ship loaded successfully
2026-03-28 09:06:58 - CombatLab.simulation_tests.scenarios.base - DEBUG - Ship stats recalculated
2026-03-28 09:06:58 - CombatLab.simulation_tests.scenarios.base - DEBUG - Loading ship from dict: Test Target Emissive Armor
2026-03-28 09:06:58 - CombatLab.simulation_tests.scenarios.base - DEBUG - Ship has 2 CORE components
2026-03-28 09:06:58 - CombatLab.simulation_tests.scenarios.base - DEBUG - Registry frozen state before Ship.from_dict: False
2026-03-28 09:06:58 - CombatLab.simulation_tests.scenarios.base - DEBUG - Ship loaded successfully
2026-03-28 09:06:58 - CombatLab.simulation_tests.scenarios.base - DEBUG - Ship stats recalculated
2026-03-28 09:07:06 - CombatLab.test_framework.runner - DEBUG - Logged test execution to C:\Dev\Starship Battles\simulation_tests\output\combat_lab_test_log.jsonl
2026-03-28 09:07:06 - CombatLab.test_framework.runner - INFO - [TEST LOG] ARMOR-001 - Mode: UI - Result: PASS
2026-03-28 09:07:08 - CombatLab.game.ui.screens.test_lab.screen - DEBUG - Storing visual test results for ARMOR-001
2026-03-28 09:07:08 - CombatLab.test_framework.registry - DEBUG - Updated results for ARMOR-001
2026-03-28 09:07:08 - CombatLab.test_framework.test_history - INFO - Added run for ARMOR-001 (PASS), now 4 runs
2026-03-28 09:07:08 - CombatLab.test_framework.test_history - DEBUG - Saved 244 total runs
2026-03-28 09:07:08 - CombatLab.game.ui.screens.test_lab.screen - DEBUG - Test selection cleared
2026-03-28 09:07:51 - CombatLab.game.ui.screens.test_lab.test_executor - DEBUG -  Instantiating scenario class
2026-03-28 09:07:51 - CombatLab.game.ui.screens.test_lab.test_executor - DEBUG -  Scenario instantiated: [PROJ360-002] Projectile vs Slow Linear Target (200px)
2026-03-28 09:07:51 - CombatLab.game.ui.screens.test_lab.test_executor - DEBUG -  Loading test data for scenario
2026-03-28 09:07:51 - CombatLab.test_framework.runner - INFO - Loading data for scenario: [PROJ360-002] Projectile vs Slow Linear Target (200px)
2026-03-28 09:07:51 - CombatLab.test_framework.runner - DEBUG - RegistryManager frozen state: False
2026-03-28 09:07:51 - CombatLab.test_framework.runner - DEBUG - Clearing registry
2026-03-28 09:07:51 - CombatLab.test_framework.runner - DEBUG - Loading modifiers from C:\Dev\Starship Battles\simulation_tests\data\modifiers.json
2026-03-28 09:07:51 - CombatLab.test_framework.runner - DEBUG - Loading components from C:\Dev\Starship Battles\simulation_tests\data\components.json
2026-03-28 09:07:51 - CombatLab.test_framework.runner - DEBUG - Loading vehicle classes from C:\Dev\Starship Battles\simulation_tests\data\vehicleclasses.json
2026-03-28 09:07:51 - CombatLab.test_framework.runner - DEBUG - Registry remains unfrozen to allow ship loading
2026-03-28 09:07:51 - CombatLab.game.ui.screens.test_lab.test_executor - DEBUG -  Test data loaded successfully
2026-03-28 09:07:51 - CombatLab.simulation_tests.scenarios.base - DEBUG - Loading ship from dict: Test Attacker Proj360
2026-03-28 09:07:51 - CombatLab.simulation_tests.scenarios.base - DEBUG - Ship has 1 CORE components
2026-03-28 09:07:51 - CombatLab.simulation_tests.scenarios.base - DEBUG - Registry frozen state before Ship.from_dict: False
2026-03-28 09:07:51 - CombatLab.simulation_tests.scenarios.base - DEBUG - Ship loaded successfully
2026-03-28 09:07:51 - CombatLab.simulation_tests.scenarios.base - DEBUG - Ship stats recalculated
2026-03-28 09:07:51 - CombatLab.simulation_tests.scenarios.base - DEBUG - Loading ship from dict: Test Target Linear Slow
2026-03-28 09:07:51 - CombatLab.simulation_tests.scenarios.base - DEBUG - Ship has 2 CORE components
2026-03-28 09:07:51 - CombatLab.simulation_tests.scenarios.base - DEBUG - Registry frozen state before Ship.from_dict: False
2026-03-28 09:07:51 - CombatLab.simulation_tests.scenarios.base - DEBUG - Ship loaded successfully
2026-03-28 09:07:51 - CombatLab.simulation_tests.scenarios.base - DEBUG - Ship stats recalculated
2026-03-28 09:07:58 - CombatLab.test_framework.runner - DEBUG - Logged test execution to C:\Dev\Starship Battles\simulation_tests\output\combat_lab_test_log.jsonl
2026-03-28 09:07:58 - CombatLab.test_framework.runner - INFO - [TEST LOG] PROJ360-002 - Mode: UI - Result: FAIL
2026-03-28 09:07:59 - CombatLab.game.ui.screens.test_lab.screen - DEBUG - Storing visual test results for PROJ360-002
2026-03-28 09:07:59 - CombatLab.test_framework.registry - DEBUG - Updated results for PROJ360-002
2026-03-28 09:07:59 - CombatLab.test_framework.test_history - INFO - Added run for PROJ360-002 (PASS), now 5 runs
2026-03-28 09:07:59 - CombatLab.test_framework.test_history - DEBUG - Saved 245 total runs
2026-03-28 09:07:59 - CombatLab.game.ui.screens.test_lab.screen - DEBUG - Test selection cleared
2026-03-28 09:08:07 - CombatLab.game.ui.screens.test_lab.test_executor - DEBUG -  Instantiating scenario class
2026-03-28 09:08:07 - CombatLab.game.ui.screens.test_lab.test_executor - DEBUG -  Scenario instantiated: [PROJ360-001] Projectile vs Stationary - Point Blank (200px)
2026-03-28 09:08:07 - CombatLab.game.ui.screens.test_lab.test_executor - DEBUG -  Loading test data for scenario
2026-03-28 09:08:07 - CombatLab.test_framework.runner - INFO - Loading data for scenario: [PROJ360-001] Projectile vs Stationary - Point Blank (200px)
2026-03-28 09:08:07 - CombatLab.test_framework.runner - DEBUG - RegistryManager frozen state: False
2026-03-28 09:08:07 - CombatLab.test_framework.runner - DEBUG - Clearing registry
2026-03-28 09:08:07 - CombatLab.test_framework.runner - DEBUG - Loading modifiers from C:\Dev\Starship Battles\simulation_tests\data\modifiers.json
2026-03-28 09:08:07 - CombatLab.test_framework.runner - DEBUG - Loading components from C:\Dev\Starship Battles\simulation_tests\data\components.json
2026-03-28 09:08:07 - CombatLab.test_framework.runner - DEBUG - Loading vehicle classes from C:\Dev\Starship Battles\simulation_tests\data\vehicleclasses.json
2026-03-28 09:08:07 - CombatLab.test_framework.runner - DEBUG - Registry remains unfrozen to allow ship loading
2026-03-28 09:08:07 - CombatLab.game.ui.screens.test_lab.test_executor - DEBUG -  Test data loaded successfully
2026-03-28 09:08:07 - CombatLab.simulation_tests.scenarios.base - DEBUG - Loading ship from dict: Test Attacker Proj360
2026-03-28 09:08:07 - CombatLab.simulation_tests.scenarios.base - DEBUG - Ship has 1 CORE components
2026-03-28 09:08:07 - CombatLab.simulation_tests.scenarios.base - DEBUG - Registry frozen state before Ship.from_dict: False
2026-03-28 09:08:07 - CombatLab.simulation_tests.scenarios.base - DEBUG - Ship loaded successfully
2026-03-28 09:08:07 - CombatLab.simulation_tests.scenarios.base - DEBUG - Ship stats recalculated
2026-03-28 09:08:07 - CombatLab.simulation_tests.scenarios.base - DEBUG - Loading ship from dict: Test Target Stationary
2026-03-28 09:08:07 - CombatLab.simulation_tests.scenarios.base - DEBUG - Ship has 1 CORE components
2026-03-28 09:08:07 - CombatLab.simulation_tests.scenarios.base - DEBUG - Registry frozen state before Ship.from_dict: False
2026-03-28 09:08:07 - CombatLab.simulation_tests.scenarios.base - DEBUG - Ship loaded successfully
2026-03-28 09:08:07 - CombatLab.simulation_tests.scenarios.base - DEBUG - Ship stats recalculated
2026-03-28 09:08:13 - CombatLab.test_framework.runner - DEBUG - Logged test execution to C:\Dev\Starship Battles\simulation_tests\output\combat_lab_test_log.jsonl
2026-03-28 09:08:13 - CombatLab.test_framework.runner - INFO - [TEST LOG] PROJ360-001 - Mode: UI - Result: PASS
2026-03-28 09:08:15 - CombatLab.game.ui.screens.test_lab.screen - DEBUG - Storing visual test results for PROJ360-001
2026-03-28 09:08:15 - CombatLab.test_framework.registry - DEBUG - Updated results for PROJ360-001
2026-03-28 09:08:15 - CombatLab.test_framework.test_history - INFO - Added run for PROJ360-001 (PASS), now 5 runs
2026-03-28 09:08:15 - CombatLab.test_framework.test_history - DEBUG - Saved 246 total runs
2026-03-28 09:08:15 - CombatLab.game.ui.screens.test_lab.screen - DEBUG - Test selection cleared
2026-03-28 09:09:34 - CombatLab.game.ui.screens.test_lab.test_executor - DEBUG -  Instantiating scenario class for headless run
2026-03-28 09:09:34 - CombatLab.game.ui.screens.test_lab.test_executor - DEBUG -  Scenario instantiated: [PROJ360-001] Projectile vs Stationary - Point Blank (200px)
2026-03-28 09:09:34 - CombatLab.game.ui.screens.test_lab.test_executor - DEBUG -  Loading test data for scenario
2026-03-28 09:09:34 - CombatLab.test_framework.runner - INFO - Loading data for scenario: [PROJ360-001] Projectile vs Stationary - Point Blank (200px)
2026-03-28 09:09:34 - CombatLab.test_framework.runner - DEBUG - RegistryManager frozen state: False
2026-03-28 09:09:34 - CombatLab.test_framework.runner - DEBUG - Clearing registry
2026-03-28 09:09:34 - CombatLab.test_framework.runner - DEBUG - Loading modifiers from C:\Dev\Starship Battles\simulation_tests\data\modifiers.json
2026-03-28 09:09:34 - CombatLab.test_framework.runner - DEBUG - Loading components from C:\Dev\Starship Battles\simulation_tests\data\components.json
2026-03-28 09:09:34 - CombatLab.test_framework.runner - DEBUG - Loading vehicle classes from C:\Dev\Starship Battles\simulation_tests\data\vehicleclasses.json
2026-03-28 09:09:34 - CombatLab.test_framework.runner - DEBUG - Registry remains unfrozen to allow ship loading
2026-03-28 09:09:34 - CombatLab.game.ui.screens.test_lab.test_executor - DEBUG -  Test data loaded successfully
2026-03-28 09:09:34 - CombatLab.game.ui.screens.test_lab.test_executor - DEBUG -  Using seed: 373399426 (mode: random)
2026-03-28 09:09:34 - CombatLab.game.ui.screens.test_lab.test_executor - DEBUG -  Set scenario._override_seed=373399426
2026-03-28 09:09:34 - CombatLab.game.ui.screens.test_lab.test_executor - DEBUG -  Calling scenario.setup()
2026-03-28 09:09:34 - CombatLab.simulation_tests.scenarios.base - DEBUG - Loading ship from dict: Test Attacker Proj360
2026-03-28 09:09:34 - CombatLab.simulation_tests.scenarios.base - DEBUG - Ship has 1 CORE components
2026-03-28 09:09:34 - CombatLab.simulation_tests.scenarios.base - DEBUG - Registry frozen state before Ship.from_dict: False
2026-03-28 09:09:34 - CombatLab.simulation_tests.scenarios.base - DEBUG - Ship loaded successfully
2026-03-28 09:09:34 - CombatLab.simulation_tests.scenarios.base - DEBUG - Ship stats recalculated
2026-03-28 09:09:34 - CombatLab.simulation_tests.scenarios.base - DEBUG - Loading ship from dict: Test Target Stationary
2026-03-28 09:09:34 - CombatLab.simulation_tests.scenarios.base - DEBUG - Ship has 1 CORE components
2026-03-28 09:09:34 - CombatLab.simulation_tests.scenarios.base - DEBUG - Registry frozen state before Ship.from_dict: False
2026-03-28 09:09:34 - CombatLab.simulation_tests.scenarios.base - DEBUG - Ship loaded successfully
2026-03-28 09:09:34 - CombatLab.simulation_tests.scenarios.base - DEBUG - Ship stats recalculated
2026-03-28 09:09:34 - CombatLab.game.ui.screens.test_lab.test_executor - DEBUG -  Scenario setup complete
2026-03-28 09:09:34 - CombatLab.game.ui.screens.test_lab.test_executor - DEBUG -  Starting headless simulation loop (max_ticks=500)
2026-03-28 09:09:34 - CombatLab.game.ui.screens.test_lab.test_executor - DEBUG -  Battle ended naturally at tick 500
2026-03-28 09:09:34 - CombatLab.game.ui.screens.test_lab.test_executor - DEBUG -  Simulation complete: 500 ticks in 0.02s (28191 ticks/sec)
2026-03-28 09:09:34 - CombatLab.game.ui.screens.test_lab.test_executor - DEBUG -  Test PASSED
2026-03-28 09:09:34 - CombatLab.test_framework.registry - DEBUG - Updated results for PROJ360-001
2026-03-28 09:09:34 - CombatLab.test_framework.test_history - INFO - Added run for PROJ360-001 (PASS), now 6 runs
2026-03-28 09:09:34 - CombatLab.test_framework.test_history - DEBUG - Saved 247 total runs
2026-03-28 09:09:34 - CombatLab.test_framework.runner - DEBUG - Logged test execution to C:\Dev\Starship Battles\simulation_tests\output\combat_lab_test_log.jsonl
2026-03-28 09:09:34 - CombatLab.test_framework.runner - INFO - [TEST LOG] PROJ360-001 - Mode: Headless - Result: PASS
2026-03-28 09:09:57 - CombatLab.game.ui.screens.test_lab.test_executor - DEBUG -  Instantiating scenario class
2026-03-28 09:09:57 - CombatLab.game.ui.screens.test_lab.test_executor - DEBUG -  Scenario instantiated: [PROJ360-002] Projectile vs Slow Linear Target (200px)
2026-03-28 09:09:57 - CombatLab.game.ui.screens.test_lab.test_executor - DEBUG -  Loading test data for scenario
2026-03-28 09:09:57 - CombatLab.test_framework.runner - INFO - Loading data for scenario: [PROJ360-002] Projectile vs Slow Linear Target (200px)
2026-03-28 09:09:57 - CombatLab.test_framework.runner - DEBUG - RegistryManager frozen state: False
2026-03-28 09:09:57 - CombatLab.test_framework.runner - DEBUG - Clearing registry
2026-03-28 09:09:57 - CombatLab.test_framework.runner - DEBUG - Loading modifiers from C:\Dev\Starship Battles\simulation_tests\data\modifiers.json
2026-03-28 09:09:57 - CombatLab.test_framework.runner - DEBUG - Loading components from C:\Dev\Starship Battles\simulation_tests\data\components.json
2026-03-28 09:09:57 - CombatLab.test_framework.runner - DEBUG - Loading vehicle classes from C:\Dev\Starship Battles\simulation_tests\data\vehicleclasses.json
2026-03-28 09:09:57 - CombatLab.test_framework.runner - DEBUG - Registry remains unfrozen to allow ship loading
2026-03-28 09:09:57 - CombatLab.game.ui.screens.test_lab.test_executor - DEBUG -  Test data loaded successfully
2026-03-28 09:09:57 - CombatLab.simulation_tests.scenarios.base - DEBUG - Loading ship from dict: Test Attacker Proj360
2026-03-28 09:09:57 - CombatLab.simulation_tests.scenarios.base - DEBUG - Ship has 1 CORE components
2026-03-28 09:09:57 - CombatLab.simulation_tests.scenarios.base - DEBUG - Registry frozen state before Ship.from_dict: False
2026-03-28 09:09:57 - CombatLab.simulation_tests.scenarios.base - DEBUG - Ship loaded successfully
2026-03-28 09:09:57 - CombatLab.simulation_tests.scenarios.base - DEBUG - Ship stats recalculated
2026-03-28 09:09:57 - CombatLab.simulation_tests.scenarios.base - DEBUG - Loading ship from dict: Test Target Linear Slow
2026-03-28 09:09:57 - CombatLab.simulation_tests.scenarios.base - DEBUG - Ship has 2 CORE components
2026-03-28 09:09:57 - CombatLab.simulation_tests.scenarios.base - DEBUG - Registry frozen state before Ship.from_dict: False
2026-03-28 09:09:57 - CombatLab.simulation_tests.scenarios.base - DEBUG - Ship loaded successfully
2026-03-28 09:09:57 - CombatLab.simulation_tests.scenarios.base - DEBUG - Ship stats recalculated
2026-03-28 09:10:05 - CombatLab.test_framework.runner - DEBUG - Logged test execution to C:\Dev\Starship Battles\simulation_tests\output\combat_lab_test_log.jsonl
2026-03-28 09:10:05 - CombatLab.test_framework.runner - INFO - [TEST LOG] PROJ360-002 - Mode: UI - Result: FAIL
2026-03-28 09:10:08 - CombatLab.game.ui.screens.test_lab.screen - DEBUG - Storing visual test results for PROJ360-002
2026-03-28 09:10:08 - CombatLab.test_framework.registry - DEBUG - Updated results for PROJ360-002
2026-03-28 09:10:08 - CombatLab.test_framework.test_history - INFO - Added run for PROJ360-002 (PASS), now 6 runs
2026-03-28 09:10:08 - CombatLab.test_framework.test_history - DEBUG - Saved 248 total runs
2026-03-28 09:10:08 - CombatLab.game.ui.screens.test_lab.screen - DEBUG - Test selection cleared
2026-03-28 09:10:39 - CombatLab.game.ui.screens.test_lab.test_executor - DEBUG -  Instantiating scenario class
2026-03-28 09:10:39 - CombatLab.game.ui.screens.test_lab.test_executor - DEBUG -  Scenario instantiated: [PROJ360-002] Projectile vs Slow Linear Target (200px)
2026-03-28 09:10:39 - CombatLab.game.ui.screens.test_lab.test_executor - DEBUG -  Loading test data for scenario
2026-03-28 09:10:39 - CombatLab.test_framework.runner - INFO - Loading data for scenario: [PROJ360-002] Projectile vs Slow Linear Target (200px)
2026-03-28 09:10:39 - CombatLab.test_framework.runner - DEBUG - RegistryManager frozen state: False
2026-03-28 09:10:39 - CombatLab.test_framework.runner - DEBUG - Clearing registry
2026-03-28 09:10:39 - CombatLab.test_framework.runner - DEBUG - Loading modifiers from C:\Dev\Starship Battles\simulation_tests\data\modifiers.json
2026-03-28 09:10:39 - CombatLab.test_framework.runner - DEBUG - Loading components from C:\Dev\Starship Battles\simulation_tests\data\components.json
2026-03-28 09:10:39 - CombatLab.test_framework.runner - DEBUG - Loading vehicle classes from C:\Dev\Starship Battles\simulation_tests\data\vehicleclasses.json
2026-03-28 09:10:39 - CombatLab.test_framework.runner - DEBUG - Registry remains unfrozen to allow ship loading
2026-03-28 09:10:39 - CombatLab.game.ui.screens.test_lab.test_executor - DEBUG -  Test data loaded successfully
2026-03-28 09:10:39 - CombatLab.simulation_tests.scenarios.base - DEBUG - Loading ship from dict: Test Attacker Proj360
2026-03-28 09:10:39 - CombatLab.simulation_tests.scenarios.base - DEBUG - Ship has 1 CORE components
2026-03-28 09:10:39 - CombatLab.simulation_tests.scenarios.base - DEBUG - Registry frozen state before Ship.from_dict: False
2026-03-28 09:10:39 - CombatLab.simulation_tests.scenarios.base - DEBUG - Ship loaded successfully
2026-03-28 09:10:39 - CombatLab.simulation_tests.scenarios.base - DEBUG - Ship stats recalculated
2026-03-28 09:10:39 - CombatLab.simulation_tests.scenarios.base - DEBUG - Loading ship from dict: Test Target Linear Slow
2026-03-28 09:10:39 - CombatLab.simulation_tests.scenarios.base - DEBUG - Ship has 2 CORE components
2026-03-28 09:10:39 - CombatLab.simulation_tests.scenarios.base - DEBUG - Registry frozen state before Ship.from_dict: False
2026-03-28 09:10:39 - CombatLab.simulation_tests.scenarios.base - DEBUG - Ship loaded successfully
2026-03-28 09:10:39 - CombatLab.simulation_tests.scenarios.base - DEBUG - Ship stats recalculated
2026-03-28 09:10:46 - CombatLab.test_framework.runner - DEBUG - Logged test execution to C:\Dev\Starship Battles\simulation_tests\output\combat_lab_test_log.jsonl
2026-03-28 09:10:46 - CombatLab.test_framework.runner - INFO - [TEST LOG] PROJ360-002 - Mode: UI - Result: FAIL
2026-03-28 09:10:47 - CombatLab.game.ui.screens.test_lab.screen - DEBUG - Storing visual test results for PROJ360-002
2026-03-28 09:10:47 - CombatLab.test_framework.registry - DEBUG - Updated results for PROJ360-002
2026-03-28 09:10:47 - CombatLab.test_framework.test_history - INFO - Added run for PROJ360-002 (PASS), now 7 runs
2026-03-28 09:10:47 - CombatLab.test_framework.test_history - DEBUG - Saved 249 total runs
2026-03-28 09:10:47 - CombatLab.game.ui.screens.test_lab.screen - DEBUG - Test selection cleared
2026-03-28 09:10:56 - CombatLab.test_framework.runner - INFO - Loading data for scenario: [PROP-001] Engine provides thrust - ship accelerates
2026-03-28 09:10:56 - CombatLab.test_framework.runner - DEBUG - RegistryManager frozen state: False
2026-03-28 09:10:56 - CombatLab.test_framework.runner - DEBUG - Clearing registry
2026-03-28 09:10:56 - CombatLab.test_framework.runner - DEBUG - Loading modifiers from C:\Dev\Starship Battles\simulation_tests\data\modifiers.json
2026-03-28 09:10:56 - CombatLab.test_framework.runner - DEBUG - Loading components from C:\Dev\Starship Battles\simulation_tests\data\components.json
2026-03-28 09:10:56 - CombatLab.test_framework.runner - DEBUG - Loading vehicle classes from C:\Dev\Starship Battles\simulation_tests\data\vehicleclasses.json
2026-03-28 09:10:56 - CombatLab.test_framework.runner - DEBUG - Registry remains unfrozen to allow ship loading
2026-03-28 09:10:56 - CombatLab.simulation_tests.scenarios.base - DEBUG - Loading ship from dict: Test Engine 1x LowMass
2026-03-28 09:10:56 - CombatLab.simulation_tests.scenarios.base - DEBUG - Ship has 1 CORE components
2026-03-28 09:10:56 - CombatLab.simulation_tests.scenarios.base - DEBUG - Registry frozen state before Ship.from_dict: False
2026-03-28 09:10:56 - CombatLab.simulation_tests.scenarios.base - DEBUG - Ship loaded successfully
2026-03-28 09:10:56 - CombatLab.simulation_tests.scenarios.base - DEBUG - Ship stats recalculated
2026-03-28 09:10:56 - CombatLab.simulation_tests.scenarios.base - DEBUG - Extracted propulsion data from Test Engine 1x LowMass: {'thrust_force': 500.0}
2026-03-28 09:10:56 - CombatLab.test_framework.registry - DEBUG - Updated results for PROP-001
2026-03-28 09:10:56 - CombatLab.test_framework.test_history - INFO - Added run for PROP-001 (PASS), now 5 runs
2026-03-28 09:10:56 - CombatLab.test_framework.test_history - DEBUG - Saved 250 total runs
2026-03-28 09:10:56 - CombatLab.test_framework.runner - DEBUG - Logged test execution to C:\Dev\Starship Battles\simulation_tests\output\combat_lab_test_log.jsonl
2026-03-28 09:10:56 - CombatLab.test_framework.runner - INFO - [TEST LOG] PROP-001 - Mode: Headless - Result: PASS
2026-03-28 09:10:56 - CombatLab.test_framework.runner - INFO - Loading data for scenario: [PROP-001b] Ship without engine stays stationary
2026-03-28 09:10:56 - CombatLab.test_framework.runner - DEBUG - RegistryManager frozen state: False
2026-03-28 09:10:56 - CombatLab.test_framework.runner - DEBUG - Clearing registry
2026-03-28 09:10:56 - CombatLab.test_framework.runner - DEBUG - Loading modifiers from C:\Dev\Starship Battles\simulation_tests\data\modifiers.json
2026-03-28 09:10:56 - CombatLab.test_framework.runner - DEBUG - Loading components from C:\Dev\Starship Battles\simulation_tests\data\components.json
2026-03-28 09:10:56 - CombatLab.test_framework.runner - DEBUG - Loading vehicle classes from C:\Dev\Starship Battles\simulation_tests\data\vehicleclasses.json
2026-03-28 09:10:56 - CombatLab.test_framework.runner - DEBUG - Registry remains unfrozen to allow ship loading
2026-03-28 09:10:56 - CombatLab.simulation_tests.scenarios.base - DEBUG - Loading ship from dict: Test No Engine
2026-03-28 09:10:56 - CombatLab.simulation_tests.scenarios.base - DEBUG - Ship has 0 CORE components
2026-03-28 09:10:56 - CombatLab.simulation_tests.scenarios.base - DEBUG - Registry frozen state before Ship.from_dict: False
2026-03-28 09:10:56 - CombatLab.simulation_tests.scenarios.base - DEBUG - Ship loaded successfully
2026-03-28 09:10:56 - CombatLab.simulation_tests.scenarios.base - DEBUG - Ship stats recalculated
2026-03-28 09:10:56 - CombatLab.test_framework.registry - DEBUG - Updated results for PROP-001b
2026-03-28 09:10:56 - CombatLab.test_framework.test_history - INFO - Added run for PROP-001b (PASS), now 5 runs
2026-03-28 09:10:56 - CombatLab.test_framework.test_history - DEBUG - Saved 251 total runs
2026-03-28 09:10:56 - CombatLab.test_framework.runner - DEBUG - Logged test execution to C:\Dev\Starship Battles\simulation_tests\output\combat_lab_test_log.jsonl
2026-03-28 09:10:56 - CombatLab.test_framework.runner - INFO - [TEST LOG] PROP-001b - Mode: Headless - Result: PASS
2026-03-28 09:10:56 - CombatLab.test_framework.runner - INFO - Loading data for scenario: [PROP-001c] Dual engines stack thrust
2026-03-28 09:10:56 - CombatLab.test_framework.runner - DEBUG - RegistryManager frozen state: False
2026-03-28 09:10:56 - CombatLab.test_framework.runner - DEBUG - Clearing registry
2026-03-28 09:10:56 - CombatLab.test_framework.runner - DEBUG - Loading modifiers from C:\Dev\Starship Battles\simulation_tests\data\modifiers.json
2026-03-28 09:10:56 - CombatLab.test_framework.runner - DEBUG - Loading components from C:\Dev\Starship Battles\simulation_tests\data\components.json
2026-03-28 09:10:56 - CombatLab.test_framework.runner - DEBUG - Loading vehicle classes from C:\Dev\Starship Battles\simulation_tests\data\vehicleclasses.json
2026-03-28 09:10:56 - CombatLab.test_framework.runner - DEBUG - Registry remains unfrozen to allow ship loading
2026-03-28 09:10:56 - CombatLab.simulation_tests.scenarios.base - DEBUG - Loading ship from dict: Test Engine 2x
2026-03-28 09:10:56 - CombatLab.simulation_tests.scenarios.base - DEBUG - Ship has 2 CORE components
2026-03-28 09:10:56 - CombatLab.simulation_tests.scenarios.base - DEBUG - Registry frozen state before Ship.from_dict: False
2026-03-28 09:10:56 - CombatLab.simulation_tests.scenarios.base - DEBUG - Ship loaded successfully
2026-03-28 09:10:56 - CombatLab.simulation_tests.scenarios.base - DEBUG - Ship stats recalculated
2026-03-28 09:10:56 - CombatLab.simulation_tests.scenarios.base - DEBUG - Extracted propulsion data from Test Engine 2x: {'thrust_force': 500.0}
2026-03-28 09:10:56 - CombatLab.test_framework.registry - DEBUG - Updated results for PROP-001c
2026-03-28 09:10:56 - CombatLab.test_framework.test_history - INFO - Added run for PROP-001c (PASS), now 5 runs
2026-03-28 09:10:56 - CombatLab.test_framework.test_history - DEBUG - Saved 252 total runs
2026-03-28 09:10:56 - CombatLab.test_framework.runner - DEBUG - Logged test execution to C:\Dev\Starship Battles\simulation_tests\output\combat_lab_test_log.jsonl
2026-03-28 09:10:56 - CombatLab.test_framework.runner - INFO - [TEST LOG] PROP-001c - Mode: Headless - Result: PASS
2026-03-28 09:10:56 - CombatLab.test_framework.runner - INFO - Loading data for scenario: [PROP-002] Thrust/mass ratio affects max speed
2026-03-28 09:10:56 - CombatLab.test_framework.runner - DEBUG - RegistryManager frozen state: False
2026-03-28 09:10:56 - CombatLab.test_framework.runner - DEBUG - Clearing registry
2026-03-28 09:10:56 - CombatLab.test_framework.runner - DEBUG - Loading modifiers from C:\Dev\Starship Battles\simulation_tests\data\modifiers.json
2026-03-28 09:10:56 - CombatLab.test_framework.runner - DEBUG - Loading components from C:\Dev\Starship Battles\simulation_tests\data\components.json
2026-03-28 09:10:56 - CombatLab.test_framework.runner - DEBUG - Loading vehicle classes from C:\Dev\Starship Battles\simulation_tests\data\vehicleclasses.json
2026-03-28 09:10:56 - CombatLab.test_framework.runner - DEBUG - Registry remains unfrozen to allow ship loading
2026-03-28 09:10:56 - CombatLab.simulation_tests.scenarios.base - DEBUG - Loading ship from dict: Test Engine 1x LowMass
2026-03-28 09:10:56 - CombatLab.simulation_tests.scenarios.base - DEBUG - Ship has 1 CORE components
2026-03-28 09:10:56 - CombatLab.simulation_tests.scenarios.base - DEBUG - Registry frozen state before Ship.from_dict: False
2026-03-28 09:10:56 - CombatLab.simulation_tests.scenarios.base - DEBUG - Ship loaded successfully
2026-03-28 09:10:56 - CombatLab.simulation_tests.scenarios.base - DEBUG - Ship stats recalculated
2026-03-28 09:10:56 - CombatLab.simulation_tests.scenarios.base - DEBUG - Loading ship from dict: Test Engine 1x MedMass
2026-03-28 09:10:56 - CombatLab.simulation_tests.scenarios.base - DEBUG - Ship has 3 CORE components
2026-03-28 09:10:56 - CombatLab.simulation_tests.scenarios.base - DEBUG - Registry frozen state before Ship.from_dict: False
2026-03-28 09:10:56 - CombatLab.simulation_tests.scenarios.base - DEBUG - Ship loaded successfully
2026-03-28 09:10:56 - CombatLab.simulation_tests.scenarios.base - DEBUG - Ship stats recalculated
2026-03-28 09:10:56 - CombatLab.simulation_tests.scenarios.base - WARNING - [LOAD VALIDATION] Test_Engine_1x_MedMass.json: expected_stats.max_hp mismatch - JSON says 502, ship has 552 (diff: 50.000000)
2026-03-28 09:10:56 - CombatLab.simulation_tests.scenarios.base - DEBUG - Loading ship from dict: Test Engine 1x HighMass
2026-03-28 09:10:56 - CombatLab.simulation_tests.scenarios.base - DEBUG - Ship has 11 CORE components
2026-03-28 09:10:56 - CombatLab.simulation_tests.scenarios.base - DEBUG - Registry frozen state before Ship.from_dict: False
2026-03-28 09:10:56 - CombatLab.simulation_tests.scenarios.base - DEBUG - Ship loaded successfully
2026-03-28 09:10:56 - CombatLab.simulation_tests.scenarios.base - DEBUG - Ship stats recalculated
2026-03-28 09:10:56 - CombatLab.simulation_tests.scenarios.base - WARNING - [LOAD VALIDATION] Test_Engine_1x_HighMass.json: expected_stats.max_hp mismatch - JSON says 510, ship has 560 (diff: 50.000000)
2026-03-28 09:10:57 - CombatLab.simulation_tests.scenarios.base - DEBUG - Extracted propulsion data from Test Engine 1x LowMass: {'thrust_force': 500.0}
2026-03-28 09:10:57 - CombatLab.simulation_tests.scenarios.base - DEBUG - Extracted propulsion data from Test Engine 1x MedMass: {'thrust_force': 500.0}
2026-03-28 09:10:57 - CombatLab.simulation_tests.scenarios.base - DEBUG - Extracted propulsion data from Test Engine 1x HighMass: {'thrust_force': 500.0}
2026-03-28 09:10:57 - CombatLab.test_framework.registry - DEBUG - Updated results for PROP-002
2026-03-28 09:10:57 - CombatLab.test_framework.test_history - INFO - Added run for PROP-002 (PASS), now 5 runs
2026-03-28 09:10:57 - CombatLab.test_framework.test_history - DEBUG - Saved 253 total runs
2026-03-28 09:10:57 - CombatLab.test_framework.runner - DEBUG - Logged test execution to C:\Dev\Starship Battles\simulation_tests\output\combat_lab_test_log.jsonl
2026-03-28 09:10:57 - CombatLab.test_framework.runner - INFO - [TEST LOG] PROP-002 - Mode: Headless - Result: PASS
2026-03-28 09:10:57 - CombatLab.test_framework.runner - INFO - Loading data for scenario: [PROP-003] Thruster provides turn rate
2026-03-28 09:10:57 - CombatLab.test_framework.runner - DEBUG - RegistryManager frozen state: False
2026-03-28 09:10:57 - CombatLab.test_framework.runner - DEBUG - Clearing registry
2026-03-28 09:10:57 - CombatLab.test_framework.runner - DEBUG - Loading modifiers from C:\Dev\Starship Battles\simulation_tests\data\modifiers.json
2026-03-28 09:10:57 - CombatLab.test_framework.runner - DEBUG - Loading components from C:\Dev\Starship Battles\simulation_tests\data\components.json
2026-03-28 09:10:57 - CombatLab.test_framework.runner - DEBUG - Loading vehicle classes from C:\Dev\Starship Battles\simulation_tests\data\vehicleclasses.json
2026-03-28 09:10:57 - CombatLab.test_framework.runner - DEBUG - Registry remains unfrozen to allow ship loading
2026-03-28 09:10:57 - CombatLab.simulation_tests.scenarios.base - DEBUG - Loading ship from dict: Test Thruster Simple
2026-03-28 09:10:57 - CombatLab.simulation_tests.scenarios.base - DEBUG - Ship has 2 CORE components
2026-03-28 09:10:57 - CombatLab.simulation_tests.scenarios.base - DEBUG - Registry frozen state before Ship.from_dict: False
2026-03-28 09:10:57 - CombatLab.simulation_tests.scenarios.base - DEBUG - Ship loaded successfully
2026-03-28 09:10:57 - CombatLab.simulation_tests.scenarios.base - DEBUG - Ship stats recalculated
2026-03-28 09:10:57 - CombatLab.simulation_tests.scenarios.base - DEBUG - Extracted propulsion data from Test Thruster Simple: {'thrust_force': 500.0}
2026-03-28 09:10:57 - CombatLab.simulation_tests.scenarios.base - DEBUG - Extracted maneuvering data from Test Thruster Simple: {'turn_rate': 5.0}
2026-03-28 09:10:57 - CombatLab.test_framework.registry - DEBUG - Updated results for PROP-003
2026-03-28 09:10:57 - CombatLab.test_framework.test_history - INFO - Added run for PROP-003 (PASS), now 5 runs
2026-03-28 09:10:57 - CombatLab.test_framework.test_history - DEBUG - Saved 254 total runs
2026-03-28 09:10:57 - CombatLab.test_framework.runner - DEBUG - Logged test execution to C:\Dev\Starship Battles\simulation_tests\output\combat_lab_test_log.jsonl
2026-03-28 09:10:57 - CombatLab.test_framework.runner - INFO - [TEST LOG] PROP-003 - Mode: Headless - Result: PASS
2026-03-28 09:10:57 - CombatLab.test_framework.runner - INFO - Loading data for scenario: [PROP-003b] Thruster-only ship rotates but cannot translate
2026-03-28 09:10:57 - CombatLab.test_framework.runner - DEBUG - RegistryManager frozen state: False
2026-03-28 09:10:57 - CombatLab.test_framework.runner - DEBUG - Clearing registry
2026-03-28 09:10:57 - CombatLab.test_framework.runner - DEBUG - Loading modifiers from C:\Dev\Starship Battles\simulation_tests\data\modifiers.json
2026-03-28 09:10:57 - CombatLab.test_framework.runner - DEBUG - Loading components from C:\Dev\Starship Battles\simulation_tests\data\components.json
2026-03-28 09:10:57 - CombatLab.test_framework.runner - DEBUG - Loading vehicle classes from C:\Dev\Starship Battles\simulation_tests\data\vehicleclasses.json
2026-03-28 09:10:57 - CombatLab.test_framework.runner - DEBUG - Registry remains unfrozen to allow ship loading
2026-03-28 09:10:57 - CombatLab.simulation_tests.scenarios.base - DEBUG - Loading ship from dict: Test Thruster Only
2026-03-28 09:10:57 - CombatLab.simulation_tests.scenarios.base - DEBUG - Ship has 1 CORE components
2026-03-28 09:10:57 - CombatLab.simulation_tests.scenarios.base - DEBUG - Registry frozen state before Ship.from_dict: False
2026-03-28 09:10:57 - CombatLab.simulation_tests.scenarios.base - DEBUG - Ship loaded successfully
2026-03-28 09:10:57 - CombatLab.simulation_tests.scenarios.base - DEBUG - Ship stats recalculated
2026-03-28 09:10:57 - CombatLab.simulation_tests.scenarios.base - DEBUG - Extracted maneuvering data from Test Thruster Only: {'turn_rate': 5.0}
2026-03-28 09:10:57 - CombatLab.test_framework.registry - DEBUG - Updated results for PROP-003b
2026-03-28 09:10:57 - CombatLab.test_framework.test_history - INFO - Added run for PROP-003b (PASS), now 5 runs
2026-03-28 09:10:57 - CombatLab.test_framework.test_history - DEBUG - Saved 255 total runs
2026-03-28 09:10:57 - CombatLab.test_framework.runner - DEBUG - Logged test execution to C:\Dev\Starship Battles\simulation_tests\output\combat_lab_test_log.jsonl
2026-03-28 09:10:57 - CombatLab.test_framework.runner - INFO - [TEST LOG] PROP-003b - Mode: Headless - Result: PASS
2026-03-28 09:10:57 - CombatLab.test_framework.runner - INFO - Loading data for scenario: [PROP-004] Turn rate allows rotation
2026-03-28 09:10:57 - CombatLab.test_framework.runner - DEBUG - RegistryManager frozen state: False
2026-03-28 09:10:57 - CombatLab.test_framework.runner - DEBUG - Clearing registry
2026-03-28 09:10:57 - CombatLab.test_framework.runner - DEBUG - Loading modifiers from C:\Dev\Starship Battles\simulation_tests\data\modifiers.json
2026-03-28 09:10:57 - CombatLab.test_framework.runner - DEBUG - Loading components from C:\Dev\Starship Battles\simulation_tests\data\components.json
2026-03-28 09:10:57 - CombatLab.test_framework.runner - DEBUG - Loading vehicle classes from C:\Dev\Starship Battles\simulation_tests\data\vehicleclasses.json
2026-03-28 09:10:57 - CombatLab.test_framework.runner - DEBUG - Registry remains unfrozen to allow ship loading
2026-03-28 09:10:57 - CombatLab.simulation_tests.scenarios.base - DEBUG - Loading ship from dict: Test Thruster Simple
2026-03-28 09:10:57 - CombatLab.simulation_tests.scenarios.base - DEBUG - Ship has 2 CORE components
2026-03-28 09:10:57 - CombatLab.simulation_tests.scenarios.base - DEBUG - Registry frozen state before Ship.from_dict: False
2026-03-28 09:10:57 - CombatLab.simulation_tests.scenarios.base - DEBUG - Ship loaded successfully
2026-03-28 09:10:57 - CombatLab.simulation_tests.scenarios.base - DEBUG - Ship stats recalculated
2026-03-28 09:10:57 - CombatLab.simulation_tests.scenarios.base - DEBUG - Extracted propulsion data from Test Thruster Simple: {'thrust_force': 500.0}
2026-03-28 09:10:57 - CombatLab.simulation_tests.scenarios.base - DEBUG - Extracted maneuvering data from Test Thruster Simple: {'turn_rate': 5.0}
2026-03-28 09:10:57 - CombatLab.test_framework.registry - DEBUG - Updated results for PROP-004
2026-03-28 09:10:57 - CombatLab.test_framework.test_history - INFO - Added run for PROP-004 (PASS), now 5 runs
2026-03-28 09:10:57 - CombatLab.test_framework.test_history - DEBUG - Saved 256 total runs
2026-03-28 09:10:57 - CombatLab.test_framework.runner - DEBUG - Logged test execution to C:\Dev\Starship Battles\simulation_tests\output\combat_lab_test_log.jsonl
2026-03-28 09:10:57 - CombatLab.test_framework.runner - INFO - [TEST LOG] PROP-004 - Mode: Headless - Result: PASS
2026-03-28 09:10:58 - CombatLab.test_framework.runner - INFO - Loading data for scenario: [PROP-004b] Dual thrusters stack turn rate
2026-03-28 09:10:58 - CombatLab.test_framework.runner - DEBUG - RegistryManager frozen state: False
2026-03-28 09:10:58 - CombatLab.test_framework.runner - DEBUG - Clearing registry
2026-03-28 09:10:58 - CombatLab.test_framework.runner - DEBUG - Loading modifiers from C:\Dev\Starship Battles\simulation_tests\data\modifiers.json
2026-03-28 09:10:58 - CombatLab.test_framework.runner - DEBUG - Loading components from C:\Dev\Starship Battles\simulation_tests\data\components.json
2026-03-28 09:10:58 - CombatLab.test_framework.runner - DEBUG - Loading vehicle classes from C:\Dev\Starship Battles\simulation_tests\data\vehicleclasses.json
2026-03-28 09:10:58 - CombatLab.test_framework.runner - DEBUG - Registry remains unfrozen to allow ship loading
2026-03-28 09:10:58 - CombatLab.simulation_tests.scenarios.base - DEBUG - Loading ship from dict: Test Thruster 2x
2026-03-28 09:10:58 - CombatLab.simulation_tests.scenarios.base - DEBUG - Ship has 3 CORE components
2026-03-28 09:10:58 - CombatLab.simulation_tests.scenarios.base - DEBUG - Registry frozen state before Ship.from_dict: False
2026-03-28 09:10:58 - CombatLab.simulation_tests.scenarios.base - DEBUG - Ship loaded successfully
2026-03-28 09:10:58 - CombatLab.simulation_tests.scenarios.base - DEBUG - Ship stats recalculated
2026-03-28 09:10:58 - CombatLab.simulation_tests.scenarios.base - DEBUG - Extracted propulsion data from Test Thruster 2x: {'thrust_force': 500.0}
2026-03-28 09:10:58 - CombatLab.simulation_tests.scenarios.base - DEBUG - Extracted maneuvering data from Test Thruster 2x: {'turn_rate': 5.0}
2026-03-28 09:10:58 - CombatLab.test_framework.registry - DEBUG - Updated results for PROP-004b
2026-03-28 09:10:58 - CombatLab.test_framework.test_history - INFO - Added run for PROP-004b (PASS), now 5 runs
2026-03-28 09:10:58 - CombatLab.test_framework.test_history - DEBUG - Saved 257 total runs
2026-03-28 09:10:58 - CombatLab.test_framework.runner - DEBUG - Logged test execution to C:\Dev\Starship Battles\simulation_tests\output\combat_lab_test_log.jsonl
2026-03-28 09:10:58 - CombatLab.test_framework.runner - INFO - [TEST LOG] PROP-004b - Mode: Headless - Result: PASS
2026-03-28 09:10:58 - CombatLab.test_framework.runner - INFO - Loading data for scenario: [PROP-005] Mass affects turn rate
2026-03-28 09:10:58 - CombatLab.test_framework.runner - DEBUG - RegistryManager frozen state: False
2026-03-28 09:10:58 - CombatLab.test_framework.runner - DEBUG - Clearing registry
2026-03-28 09:10:58 - CombatLab.test_framework.runner - DEBUG - Loading modifiers from C:\Dev\Starship Battles\simulation_tests\data\modifiers.json
2026-03-28 09:10:58 - CombatLab.test_framework.runner - DEBUG - Loading components from C:\Dev\Starship Battles\simulation_tests\data\components.json
2026-03-28 09:10:58 - CombatLab.test_framework.runner - DEBUG - Loading vehicle classes from C:\Dev\Starship Battles\simulation_tests\data\vehicleclasses.json
2026-03-28 09:10:58 - CombatLab.test_framework.runner - DEBUG - Registry remains unfrozen to allow ship loading
2026-03-28 09:10:58 - CombatLab.simulation_tests.scenarios.base - DEBUG - Loading ship from dict: Test Thruster Simple
2026-03-28 09:10:58 - CombatLab.simulation_tests.scenarios.base - DEBUG - Ship has 2 CORE components
2026-03-28 09:10:58 - CombatLab.simulation_tests.scenarios.base - DEBUG - Registry frozen state before Ship.from_dict: False
2026-03-28 09:10:58 - CombatLab.simulation_tests.scenarios.base - DEBUG - Ship loaded successfully
2026-03-28 09:10:58 - CombatLab.simulation_tests.scenarios.base - DEBUG - Ship stats recalculated
2026-03-28 09:10:58 - CombatLab.simulation_tests.scenarios.base - DEBUG - Loading ship from dict: Test Thruster HighMass
2026-03-28 09:10:58 - CombatLab.simulation_tests.scenarios.base - DEBUG - Ship has 3 CORE components
2026-03-28 09:10:58 - CombatLab.simulation_tests.scenarios.base - DEBUG - Registry frozen state before Ship.from_dict: False
2026-03-28 09:10:58 - CombatLab.simulation_tests.scenarios.base - DEBUG - Ship loaded successfully
2026-03-28 09:10:58 - CombatLab.simulation_tests.scenarios.base - DEBUG - Ship stats recalculated
2026-03-28 09:10:58 - CombatLab.simulation_tests.scenarios.base - WARNING - [LOAD VALIDATION] Test_Thruster_HighMass.json: expected_stats.max_hp mismatch - JSON says 370, ship has 522 (diff: 152.000000)
2026-03-28 09:10:58 - CombatLab.simulation_tests.scenarios.base - WARNING - [LOAD VALIDATION] Test_Thruster_HighMass.json: expected_stats.turn_speed mismatch - JSON says 0.7608, ship has 0.7607257743127307 (diff: -0.000074)
2026-03-28 09:10:58 - CombatLab.simulation_tests.scenarios.base - DEBUG - Extracted propulsion data from Test Thruster Simple: {'thrust_force': 500.0}
2026-03-28 09:10:58 - CombatLab.simulation_tests.scenarios.base - DEBUG - Extracted maneuvering data from Test Thruster Simple: {'turn_rate': 5.0}
2026-03-28 09:10:58 - CombatLab.simulation_tests.scenarios.base - DEBUG - Extracted maneuvering data from Test Thruster HighMass: {'turn_rate': 5.0}
2026-03-28 09:10:58 - CombatLab.test_framework.registry - DEBUG - Updated results for PROP-005
2026-03-28 09:10:58 - CombatLab.test_framework.test_history - INFO - Added run for PROP-005 (PASS), now 5 runs
2026-03-28 09:10:58 - CombatLab.test_framework.test_history - DEBUG - Saved 258 total runs
2026-03-28 09:10:58 - CombatLab.test_framework.runner - DEBUG - Logged test execution to C:\Dev\Starship Battles\simulation_tests\output\combat_lab_test_log.jsonl
2026-03-28 09:10:58 - CombatLab.test_framework.runner - INFO - [TEST LOG] PROP-005 - Mode: Headless - Result: PASS
2026-03-28 09:11:02 - CombatLab.game.ui.screens.test_lab.test_executor - DEBUG -  Instantiating scenario class
2026-03-28 09:11:02 - CombatLab.game.ui.screens.test_lab.test_executor - DEBUG -  Scenario instantiated: [PROP-001] Engine provides thrust - ship accelerates
2026-03-28 09:11:02 - CombatLab.game.ui.screens.test_lab.test_executor - DEBUG -  Loading test data for scenario
2026-03-28 09:11:02 - CombatLab.test_framework.runner - INFO - Loading data for scenario: [PROP-001] Engine provides thrust - ship accelerates
2026-03-28 09:11:02 - CombatLab.test_framework.runner - DEBUG - RegistryManager frozen state: False
2026-03-28 09:11:02 - CombatLab.test_framework.runner - DEBUG - Clearing registry
2026-03-28 09:11:02 - CombatLab.test_framework.runner - DEBUG - Loading modifiers from C:\Dev\Starship Battles\simulation_tests\data\modifiers.json
2026-03-28 09:11:02 - CombatLab.test_framework.runner - DEBUG - Loading components from C:\Dev\Starship Battles\simulation_tests\data\components.json
2026-03-28 09:11:02 - CombatLab.test_framework.runner - DEBUG - Loading vehicle classes from C:\Dev\Starship Battles\simulation_tests\data\vehicleclasses.json
2026-03-28 09:11:02 - CombatLab.test_framework.runner - DEBUG - Registry remains unfrozen to allow ship loading
2026-03-28 09:11:02 - CombatLab.game.ui.screens.test_lab.test_executor - DEBUG -  Test data loaded successfully
2026-03-28 09:11:02 - CombatLab.simulation_tests.scenarios.base - DEBUG - Loading ship from dict: Test Engine 1x LowMass
2026-03-28 09:11:02 - CombatLab.simulation_tests.scenarios.base - DEBUG - Ship has 1 CORE components
2026-03-28 09:11:02 - CombatLab.simulation_tests.scenarios.base - DEBUG - Registry frozen state before Ship.from_dict: False
2026-03-28 09:11:02 - CombatLab.simulation_tests.scenarios.base - DEBUG - Ship loaded successfully
2026-03-28 09:11:02 - CombatLab.simulation_tests.scenarios.base - DEBUG - Ship stats recalculated
2026-03-28 09:11:05 - CombatLab.simulation_tests.scenarios.base - DEBUG - Extracted propulsion data from Test Engine 1x LowMass: {'thrust_force': 500.0}
2026-03-28 09:11:05 - CombatLab.test_framework.runner - DEBUG - Logged test execution to C:\Dev\Starship Battles\simulation_tests\output\combat_lab_test_log.jsonl
2026-03-28 09:11:05 - CombatLab.test_framework.runner - INFO - [TEST LOG] PROP-001 - Mode: UI - Result: PASS
2026-03-28 09:11:07 - CombatLab.game.ui.screens.test_lab.screen - DEBUG - Storing visual test results for PROP-001
2026-03-28 09:11:07 - CombatLab.test_framework.registry - DEBUG - Updated results for PROP-001
2026-03-28 09:11:07 - CombatLab.test_framework.test_history - INFO - Added run for PROP-001 (PASS), now 6 runs
2026-03-28 09:11:07 - CombatLab.test_framework.test_history - DEBUG - Saved 259 total runs
2026-03-28 09:11:07 - CombatLab.game.ui.screens.test_lab.screen - DEBUG - Test selection cleared
2026-03-28 09:11:37 - CombatLab.game.ui.screens.test_lab.test_executor - DEBUG -  Instantiating scenario class
2026-03-28 09:11:37 - CombatLab.game.ui.screens.test_lab.test_executor - DEBUG -  Scenario instantiated: [PROP-001b] Ship without engine stays stationary
2026-03-28 09:11:37 - CombatLab.game.ui.screens.test_lab.test_executor - DEBUG -  Loading test data for scenario
2026-03-28 09:11:37 - CombatLab.test_framework.runner - INFO - Loading data for scenario: [PROP-001b] Ship without engine stays stationary
2026-03-28 09:11:37 - CombatLab.test_framework.runner - DEBUG - RegistryManager frozen state: False
2026-03-28 09:11:37 - CombatLab.test_framework.runner - DEBUG - Clearing registry
2026-03-28 09:11:37 - CombatLab.test_framework.runner - DEBUG - Loading modifiers from C:\Dev\Starship Battles\simulation_tests\data\modifiers.json
2026-03-28 09:11:37 - CombatLab.test_framework.runner - DEBUG - Loading components from C:\Dev\Starship Battles\simulation_tests\data\components.json
2026-03-28 09:11:37 - CombatLab.test_framework.runner - DEBUG - Loading vehicle classes from C:\Dev\Starship Battles\simulation_tests\data\vehicleclasses.json
2026-03-28 09:11:37 - CombatLab.test_framework.runner - DEBUG - Registry remains unfrozen to allow ship loading
2026-03-28 09:11:37 - CombatLab.game.ui.screens.test_lab.test_executor - DEBUG -  Test data loaded successfully
2026-03-28 09:11:37 - CombatLab.simulation_tests.scenarios.base - DEBUG - Loading ship from dict: Test No Engine
2026-03-28 09:11:37 - CombatLab.simulation_tests.scenarios.base - DEBUG - Ship has 0 CORE components
2026-03-28 09:11:37 - CombatLab.simulation_tests.scenarios.base - DEBUG - Registry frozen state before Ship.from_dict: False
2026-03-28 09:11:37 - CombatLab.simulation_tests.scenarios.base - DEBUG - Ship loaded successfully
2026-03-28 09:11:37 - CombatLab.simulation_tests.scenarios.base - DEBUG - Ship stats recalculated
2026-03-28 09:11:39 - CombatLab.test_framework.runner - DEBUG - Logged test execution to C:\Dev\Starship Battles\simulation_tests\output\combat_lab_test_log.jsonl
2026-03-28 09:11:39 - CombatLab.test_framework.runner - INFO - [TEST LOG] PROP-001b - Mode: UI - Result: PASS
2026-03-28 09:11:41 - CombatLab.game.ui.screens.test_lab.screen - DEBUG - Storing visual test results for PROP-001b
2026-03-28 09:11:41 - CombatLab.test_framework.registry - DEBUG - Updated results for PROP-001b
2026-03-28 09:11:41 - CombatLab.test_framework.test_history - INFO - Added run for PROP-001b (PASS), now 6 runs
2026-03-28 09:11:41 - CombatLab.test_framework.test_history - DEBUG - Saved 260 total runs
2026-03-28 09:11:41 - CombatLab.game.ui.screens.test_lab.screen - DEBUG - Test selection cleared
2026-03-28 09:11:45 - CombatLab.game.ui.screens.test_lab.test_executor - DEBUG -  Instantiating scenario class
2026-03-28 09:11:45 - CombatLab.game.ui.screens.test_lab.test_executor - DEBUG -  Scenario instantiated: [PROP-001c] Dual engines stack thrust
2026-03-28 09:11:45 - CombatLab.game.ui.screens.test_lab.test_executor - DEBUG -  Loading test data for scenario
2026-03-28 09:11:45 - CombatLab.test_framework.runner - INFO - Loading data for scenario: [PROP-001c] Dual engines stack thrust
2026-03-28 09:11:45 - CombatLab.test_framework.runner - DEBUG - RegistryManager frozen state: False
2026-03-28 09:11:45 - CombatLab.test_framework.runner - DEBUG - Clearing registry
2026-03-28 09:11:45 - CombatLab.test_framework.runner - DEBUG - Loading modifiers from C:\Dev\Starship Battles\simulation_tests\data\modifiers.json
2026-03-28 09:11:45 - CombatLab.test_framework.runner - DEBUG - Loading components from C:\Dev\Starship Battles\simulation_tests\data\components.json
2026-03-28 09:11:45 - CombatLab.test_framework.runner - DEBUG - Loading vehicle classes from C:\Dev\Starship Battles\simulation_tests\data\vehicleclasses.json
2026-03-28 09:11:45 - CombatLab.test_framework.runner - DEBUG - Registry remains unfrozen to allow ship loading
2026-03-28 09:11:45 - CombatLab.game.ui.screens.test_lab.test_executor - DEBUG -  Test data loaded successfully
2026-03-28 09:11:45 - CombatLab.simulation_tests.scenarios.base - DEBUG - Loading ship from dict: Test Engine 2x
2026-03-28 09:11:45 - CombatLab.simulation_tests.scenarios.base - DEBUG - Ship has 2 CORE components
2026-03-28 09:11:45 - CombatLab.simulation_tests.scenarios.base - DEBUG - Registry frozen state before Ship.from_dict: False
2026-03-28 09:11:45 - CombatLab.simulation_tests.scenarios.base - DEBUG - Ship loaded successfully
2026-03-28 09:11:45 - CombatLab.simulation_tests.scenarios.base - DEBUG - Ship stats recalculated
2026-03-28 09:11:48 - CombatLab.simulation_tests.scenarios.base - DEBUG - Extracted propulsion data from Test Engine 2x: {'thrust_force': 500.0}
2026-03-28 09:11:48 - CombatLab.test_framework.runner - DEBUG - Logged test execution to C:\Dev\Starship Battles\simulation_tests\output\combat_lab_test_log.jsonl
2026-03-28 09:11:48 - CombatLab.test_framework.runner - INFO - [TEST LOG] PROP-001c - Mode: UI - Result: PASS
2026-03-28 09:11:49 - CombatLab.game.ui.screens.test_lab.screen - DEBUG - Storing visual test results for PROP-001c
2026-03-28 09:11:49 - CombatLab.test_framework.registry - DEBUG - Updated results for PROP-001c
2026-03-28 09:11:49 - CombatLab.test_framework.test_history - INFO - Added run for PROP-001c (PASS), now 6 runs
2026-03-28 09:11:49 - CombatLab.test_framework.test_history - DEBUG - Saved 261 total runs
2026-03-28 09:11:49 - CombatLab.game.ui.screens.test_lab.screen - DEBUG - Test selection cleared
2026-03-28 09:11:56 - CombatLab.game.ui.screens.test_lab.test_executor - DEBUG -  Instantiating scenario class
2026-03-28 09:11:56 - CombatLab.game.ui.screens.test_lab.test_executor - DEBUG -  Scenario instantiated: [PROP-002] Thrust/mass ratio affects max speed
2026-03-28 09:11:56 - CombatLab.game.ui.screens.test_lab.test_executor - DEBUG -  Loading test data for scenario
2026-03-28 09:11:56 - CombatLab.test_framework.runner - INFO - Loading data for scenario: [PROP-002] Thrust/mass ratio affects max speed
2026-03-28 09:11:56 - CombatLab.test_framework.runner - DEBUG - RegistryManager frozen state: False
2026-03-28 09:11:56 - CombatLab.test_framework.runner - DEBUG - Clearing registry
2026-03-28 09:11:56 - CombatLab.test_framework.runner - DEBUG - Loading modifiers from C:\Dev\Starship Battles\simulation_tests\data\modifiers.json
2026-03-28 09:11:56 - CombatLab.test_framework.runner - DEBUG - Loading components from C:\Dev\Starship Battles\simulation_tests\data\components.json
2026-03-28 09:11:56 - CombatLab.test_framework.runner - DEBUG - Loading vehicle classes from C:\Dev\Starship Battles\simulation_tests\data\vehicleclasses.json
2026-03-28 09:11:56 - CombatLab.test_framework.runner - DEBUG - Registry remains unfrozen to allow ship loading
2026-03-28 09:11:56 - CombatLab.game.ui.screens.test_lab.test_executor - DEBUG -  Test data loaded successfully
2026-03-28 09:11:56 - CombatLab.simulation_tests.scenarios.base - DEBUG - Loading ship from dict: Test Engine 1x LowMass
2026-03-28 09:11:56 - CombatLab.simulation_tests.scenarios.base - DEBUG - Ship has 1 CORE components
2026-03-28 09:11:56 - CombatLab.simulation_tests.scenarios.base - DEBUG - Registry frozen state before Ship.from_dict: False
2026-03-28 09:11:56 - CombatLab.simulation_tests.scenarios.base - DEBUG - Ship loaded successfully
2026-03-28 09:11:56 - CombatLab.simulation_tests.scenarios.base - DEBUG - Ship stats recalculated
2026-03-28 09:11:56 - CombatLab.simulation_tests.scenarios.base - DEBUG - Loading ship from dict: Test Engine 1x MedMass
2026-03-28 09:11:56 - CombatLab.simulation_tests.scenarios.base - DEBUG - Ship has 3 CORE components
2026-03-28 09:11:56 - CombatLab.simulation_tests.scenarios.base - DEBUG - Registry frozen state before Ship.from_dict: False
2026-03-28 09:11:56 - CombatLab.simulation_tests.scenarios.base - DEBUG - Ship loaded successfully
2026-03-28 09:11:56 - CombatLab.simulation_tests.scenarios.base - DEBUG - Ship stats recalculated
2026-03-28 09:11:56 - CombatLab.simulation_tests.scenarios.base - WARNING - [LOAD VALIDATION] Test_Engine_1x_MedMass.json: expected_stats.max_hp mismatch - JSON says 502, ship has 552 (diff: 50.000000)
2026-03-28 09:11:56 - CombatLab.simulation_tests.scenarios.base - DEBUG - Loading ship from dict: Test Engine 1x HighMass
2026-03-28 09:11:56 - CombatLab.simulation_tests.scenarios.base - DEBUG - Ship has 11 CORE components
2026-03-28 09:11:56 - CombatLab.simulation_tests.scenarios.base - DEBUG - Registry frozen state before Ship.from_dict: False
2026-03-28 09:11:56 - CombatLab.simulation_tests.scenarios.base - DEBUG - Ship loaded successfully
2026-03-28 09:11:56 - CombatLab.simulation_tests.scenarios.base - DEBUG - Ship stats recalculated
2026-03-28 09:11:56 - CombatLab.simulation_tests.scenarios.base - WARNING - [LOAD VALIDATION] Test_Engine_1x_HighMass.json: expected_stats.max_hp mismatch - JSON says 510, ship has 560 (diff: 50.000000)
2026-03-28 09:12:00 - CombatLab.simulation_tests.scenarios.base - DEBUG - Extracted propulsion data from Test Engine 1x LowMass: {'thrust_force': 500.0}
2026-03-28 09:12:00 - CombatLab.simulation_tests.scenarios.base - DEBUG - Extracted propulsion data from Test Engine 1x MedMass: {'thrust_force': 500.0}
2026-03-28 09:12:00 - CombatLab.simulation_tests.scenarios.base - DEBUG - Extracted propulsion data from Test Engine 1x HighMass: {'thrust_force': 500.0}
2026-03-28 09:12:00 - CombatLab.test_framework.runner - DEBUG - Logged test execution to C:\Dev\Starship Battles\simulation_tests\output\combat_lab_test_log.jsonl
2026-03-28 09:12:00 - CombatLab.test_framework.runner - INFO - [TEST LOG] PROP-002 - Mode: UI - Result: PASS
2026-03-28 09:12:01 - CombatLab.game.ui.screens.test_lab.screen - DEBUG - Storing visual test results for PROP-002
2026-03-28 09:12:01 - CombatLab.test_framework.registry - DEBUG - Updated results for PROP-002
2026-03-28 09:12:01 - CombatLab.test_framework.test_history - INFO - Added run for PROP-002 (PASS), now 6 runs
2026-03-28 09:12:01 - CombatLab.test_framework.test_history - DEBUG - Saved 262 total runs
2026-03-28 09:12:01 - CombatLab.game.ui.screens.test_lab.screen - DEBUG - Test selection cleared
2026-03-28 09:12:07 - CombatLab.game.ui.screens.test_lab.test_executor - DEBUG -  Instantiating scenario class
2026-03-28 09:12:07 - CombatLab.game.ui.screens.test_lab.test_executor - DEBUG -  Scenario instantiated: [PROP-003] Thruster provides turn rate
2026-03-28 09:12:07 - CombatLab.game.ui.screens.test_lab.test_executor - DEBUG -  Loading test data for scenario
2026-03-28 09:12:07 - CombatLab.test_framework.runner - INFO - Loading data for scenario: [PROP-003] Thruster provides turn rate
2026-03-28 09:12:07 - CombatLab.test_framework.runner - DEBUG - RegistryManager frozen state: False
2026-03-28 09:12:07 - CombatLab.test_framework.runner - DEBUG - Clearing registry
2026-03-28 09:12:07 - CombatLab.test_framework.runner - DEBUG - Loading modifiers from C:\Dev\Starship Battles\simulation_tests\data\modifiers.json
2026-03-28 09:12:07 - CombatLab.test_framework.runner - DEBUG - Loading components from C:\Dev\Starship Battles\simulation_tests\data\components.json
2026-03-28 09:12:07 - CombatLab.test_framework.runner - DEBUG - Loading vehicle classes from C:\Dev\Starship Battles\simulation_tests\data\vehicleclasses.json
2026-03-28 09:12:07 - CombatLab.test_framework.runner - DEBUG - Registry remains unfrozen to allow ship loading
2026-03-28 09:12:07 - CombatLab.game.ui.screens.test_lab.test_executor - DEBUG -  Test data loaded successfully
2026-03-28 09:12:07 - CombatLab.simulation_tests.scenarios.base - DEBUG - Loading ship from dict: Test Thruster Simple
2026-03-28 09:12:07 - CombatLab.simulation_tests.scenarios.base - DEBUG - Ship has 2 CORE components
2026-03-28 09:12:07 - CombatLab.simulation_tests.scenarios.base - DEBUG - Registry frozen state before Ship.from_dict: False
2026-03-28 09:12:07 - CombatLab.simulation_tests.scenarios.base - DEBUG - Ship loaded successfully
2026-03-28 09:12:07 - CombatLab.simulation_tests.scenarios.base - DEBUG - Ship stats recalculated
2026-03-28 09:12:09 - CombatLab.simulation_tests.scenarios.base - DEBUG - Extracted propulsion data from Test Thruster Simple: {'thrust_force': 500.0}
2026-03-28 09:12:09 - CombatLab.simulation_tests.scenarios.base - DEBUG - Extracted maneuvering data from Test Thruster Simple: {'turn_rate': 5.0}
2026-03-28 09:12:09 - CombatLab.test_framework.runner - DEBUG - Logged test execution to C:\Dev\Starship Battles\simulation_tests\output\combat_lab_test_log.jsonl
2026-03-28 09:12:09 - CombatLab.test_framework.runner - INFO - [TEST LOG] PROP-003 - Mode: UI - Result: FAIL
2026-03-28 09:12:15 - CombatLab.game.ui.screens.test_lab.screen - DEBUG - Storing visual test results for PROP-003
2026-03-28 09:12:15 - CombatLab.test_framework.registry - DEBUG - Updated results for PROP-003
2026-03-28 09:12:15 - CombatLab.test_framework.test_history - INFO - Added run for PROP-003 (PASS), now 6 runs
2026-03-28 09:12:15 - CombatLab.test_framework.test_history - DEBUG - Saved 263 total runs
2026-03-28 09:12:15 - CombatLab.game.ui.screens.test_lab.screen - DEBUG - Test selection cleared
2026-03-28 09:12:40 - CombatLab.game.ui.screens.test_lab.test_executor - DEBUG -  Instantiating scenario class
2026-03-28 09:12:40 - CombatLab.game.ui.screens.test_lab.test_executor - DEBUG -  Scenario instantiated: [PROJ360-003] Projectile vs Fast Linear Target (400px)
2026-03-28 09:12:40 - CombatLab.game.ui.screens.test_lab.test_executor - DEBUG -  Loading test data for scenario
2026-03-28 09:12:40 - CombatLab.test_framework.runner - INFO - Loading data for scenario: [PROJ360-003] Projectile vs Fast Linear Target (400px)
2026-03-28 09:12:40 - CombatLab.test_framework.runner - DEBUG - RegistryManager frozen state: False
2026-03-28 09:12:40 - CombatLab.test_framework.runner - DEBUG - Clearing registry
2026-03-28 09:12:40 - CombatLab.test_framework.runner - DEBUG - Loading modifiers from C:\Dev\Starship Battles\simulation_tests\data\modifiers.json
2026-03-28 09:12:40 - CombatLab.test_framework.runner - DEBUG - Loading components from C:\Dev\Starship Battles\simulation_tests\data\components.json
2026-03-28 09:12:40 - CombatLab.test_framework.runner - DEBUG - Loading vehicle classes from C:\Dev\Starship Battles\simulation_tests\data\vehicleclasses.json
2026-03-28 09:12:40 - CombatLab.test_framework.runner - DEBUG - Registry remains unfrozen to allow ship loading
2026-03-28 09:12:40 - CombatLab.game.ui.screens.test_lab.test_executor - DEBUG -  Test data loaded successfully
2026-03-28 09:12:40 - CombatLab.simulation_tests.scenarios.base - DEBUG - Loading ship from dict: Test Attacker Proj360
2026-03-28 09:12:40 - CombatLab.simulation_tests.scenarios.base - DEBUG - Ship has 1 CORE components
2026-03-28 09:12:40 - CombatLab.simulation_tests.scenarios.base - DEBUG - Registry frozen state before Ship.from_dict: False
2026-03-28 09:12:40 - CombatLab.simulation_tests.scenarios.base - DEBUG - Ship loaded successfully
2026-03-28 09:12:40 - CombatLab.simulation_tests.scenarios.base - DEBUG - Ship stats recalculated
2026-03-28 09:12:40 - CombatLab.simulation_tests.scenarios.base - DEBUG - Loading ship from dict: Test Target Linear Fast
2026-03-28 09:12:40 - CombatLab.simulation_tests.scenarios.base - DEBUG - Ship has 4 CORE components
2026-03-28 09:12:40 - CombatLab.simulation_tests.scenarios.base - DEBUG - Registry frozen state before Ship.from_dict: False
2026-03-28 09:12:40 - CombatLab.simulation_tests.scenarios.base - DEBUG - Ship loaded successfully
2026-03-28 09:12:40 - CombatLab.simulation_tests.scenarios.base - DEBUG - Ship stats recalculated
2026-03-28 09:12:46 - CombatLab.test_framework.runner - DEBUG - Logged test execution to C:\Dev\Starship Battles\simulation_tests\output\combat_lab_test_log.jsonl
2026-03-28 09:12:46 - CombatLab.test_framework.runner - INFO - [TEST LOG] PROJ360-003 - Mode: UI - Result: PASS
2026-03-28 09:12:48 - CombatLab.game.ui.screens.test_lab.screen - DEBUG - Storing visual test results for PROJ360-003
2026-03-28 09:12:48 - CombatLab.test_framework.registry - DEBUG - Updated results for PROJ360-003
2026-03-28 09:12:48 - CombatLab.test_framework.test_history - INFO - Added run for PROJ360-003 (PASS), now 5 runs
2026-03-28 09:12:48 - CombatLab.test_framework.test_history - DEBUG - Saved 264 total runs
2026-03-28 09:12:48 - CombatLab.game.ui.screens.test_lab.screen - DEBUG - Test selection cleared
2026-03-28 09:12:54 - CombatLab.game.ui.screens.test_lab.test_executor - DEBUG -  Instantiating scenario class
2026-03-28 09:12:54 - CombatLab.game.ui.screens.test_lab.test_executor - DEBUG -  Scenario instantiated: [PROJ360-003] Projectile vs Fast Linear Target (400px)
2026-03-28 09:12:54 - CombatLab.game.ui.screens.test_lab.test_executor - DEBUG -  Loading test data for scenario
2026-03-28 09:12:54 - CombatLab.test_framework.runner - INFO - Loading data for scenario: [PROJ360-003] Projectile vs Fast Linear Target (400px)
2026-03-28 09:12:54 - CombatLab.test_framework.runner - DEBUG - RegistryManager frozen state: False
2026-03-28 09:12:54 - CombatLab.test_framework.runner - DEBUG - Clearing registry
2026-03-28 09:12:54 - CombatLab.test_framework.runner - DEBUG - Loading modifiers from C:\Dev\Starship Battles\simulation_tests\data\modifiers.json
2026-03-28 09:12:54 - CombatLab.test_framework.runner - DEBUG - Loading components from C:\Dev\Starship Battles\simulation_tests\data\components.json
2026-03-28 09:12:54 - CombatLab.test_framework.runner - DEBUG - Loading vehicle classes from C:\Dev\Starship Battles\simulation_tests\data\vehicleclasses.json
2026-03-28 09:12:54 - CombatLab.test_framework.runner - DEBUG - Registry remains unfrozen to allow ship loading
2026-03-28 09:12:54 - CombatLab.game.ui.screens.test_lab.test_executor - DEBUG -  Test data loaded successfully
2026-03-28 09:12:54 - CombatLab.simulation_tests.scenarios.base - DEBUG - Loading ship from dict: Test Attacker Proj360
2026-03-28 09:12:54 - CombatLab.simulation_tests.scenarios.base - DEBUG - Ship has 1 CORE components
2026-03-28 09:12:54 - CombatLab.simulation_tests.scenarios.base - DEBUG - Registry frozen state before Ship.from_dict: False
2026-03-28 09:12:54 - CombatLab.simulation_tests.scenarios.base - DEBUG - Ship loaded successfully
2026-03-28 09:12:54 - CombatLab.simulation_tests.scenarios.base - DEBUG - Ship stats recalculated
2026-03-28 09:12:54 - CombatLab.simulation_tests.scenarios.base - DEBUG - Loading ship from dict: Test Target Linear Fast
2026-03-28 09:12:54 - CombatLab.simulation_tests.scenarios.base - DEBUG - Ship has 4 CORE components
2026-03-28 09:12:54 - CombatLab.simulation_tests.scenarios.base - DEBUG - Registry frozen state before Ship.from_dict: False
2026-03-28 09:12:54 - CombatLab.simulation_tests.scenarios.base - DEBUG - Ship loaded successfully
2026-03-28 09:12:54 - CombatLab.simulation_tests.scenarios.base - DEBUG - Ship stats recalculated
2026-03-28 09:13:11 - CombatLab.test_framework.runner - DEBUG - Logged test execution to C:\Dev\Starship Battles\simulation_tests\output\combat_lab_test_log.jsonl
2026-03-28 09:13:11 - CombatLab.test_framework.runner - INFO - [TEST LOG] PROJ360-003 - Mode: UI - Result: PASS
2026-03-28 09:13:24 - CombatLab.game.ui.screens.test_lab.screen - DEBUG - Storing visual test results for PROJ360-003
2026-03-28 09:13:24 - CombatLab.test_framework.registry - DEBUG - Updated results for PROJ360-003
2026-03-28 09:13:24 - CombatLab.test_framework.test_history - INFO - Added run for PROJ360-003 (PASS), now 6 runs
2026-03-28 09:13:24 - CombatLab.test_framework.test_history - DEBUG - Saved 265 total runs
2026-03-28 09:13:24 - CombatLab.game.ui.screens.test_lab.screen - DEBUG - Test selection cleared
